Archive member included to satisfy reference by file (symbol)

c:/program files/microchip/xc32/v4.21/bin/bin/../../lib/gcc/pic32c/8.3.1/../../../../pic32c/lib/thumb/v7e-m+fp/hard\libpic32c.a(data_init_wrapper.o)
                              build/default/debug/_ext/1171490990/startup_xc32.o (__pic32c_data_initialization)
c:/program files/microchip/xc32/v4.21/bin/bin/../../lib/gcc/pic32c/8.3.1/../../../../pic32c/lib/thumb/v7e-m+fp/hard\libpic32c.a(data_init_0_1.o)
                              c:/program files/microchip/xc32/v4.21/bin/bin/../../lib/gcc/pic32c/8.3.1/../../../../pic32c/lib/thumb/v7e-m+fp/hard\libpic32c.a(data_init_wrapper.o) (__pic32c_data_initialization_impl)
c:/program files/microchip/xc32/v4.21/bin/bin/../../lib/gcc/pic32c/8.3.1/../../../../pic32c/lib/thumb/v7e-m+fp/hard\libg-musl.a(__libc_start_main.o)
                              build/default/debug/_ext/1171490990/startup_xc32.o (__libc_init_array)
c:/program files/microchip/xc32/v4.21/bin/bin/../../lib/gcc/pic32c/8.3.1/../../../../pic32c/lib/thumb/v7e-m+fp/hard\libg-musl.a(libc.o)
                              c:/program files/microchip/xc32/v4.21/bin/bin/../../lib/gcc/pic32c/8.3.1/../../../../pic32c/lib/thumb/v7e-m+fp/hard\libg-musl.a(__libc_start_main.o) (__progname_full)
c:/program files/microchip/xc32/v4.21/bin/bin/../../lib/gcc/pic32c/8.3.1/../../../../pic32c/lib/thumb/v7e-m+fp/hard\libg-musl.a(malloc.o)
                              build/default/debug/_ext/1360937237/pdu_packet.o (free)
c:/program files/microchip/xc32/v4.21/bin/bin/../../lib/gcc/pic32c/8.3.1/../../../../pic32c/lib/thumb/v7e-m+fp/hard\libg-musl.a(expand_heap.o)
                              c:/program files/microchip/xc32/v4.21/bin/bin/../../lib/gcc/pic32c/8.3.1/../../../../pic32c/lib/thumb/v7e-m+fp/hard\libg-musl.a(malloc.o) (__expand_heap)
c:/program files/microchip/xc32/v4.21/bin/bin/../../lib/gcc/pic32c/8.3.1/../../../../pic32c/lib/thumb/v7e-m+fp/hard\libg-musl.a(stdin.o)
                              build/default/debug/_ext/1171490990/initialization.o (_stdin)
c:/program files/microchip/xc32/v4.21/bin/bin/../../lib/gcc/pic32c/8.3.1/../../../../pic32c/lib/thumb/v7e-m+fp/hard\libg-musl.a(stdout.o)
                              build/default/debug/_ext/1171490990/initialization.o (_stdout)
c:/program files/microchip/xc32/v4.21/bin/bin/../../lib/gcc/pic32c/8.3.1/../../../../pic32c/lib/thumb/v7e-m+fp/hard\libg-musl.a(setbuf.o)
                              build/default/debug/_ext/1171490990/initialization.o (setbuf)
c:/program files/microchip/xc32/v4.21/bin/bin/../../lib/gcc/pic32c/8.3.1/../../../../pic32c/lib/thumb/v7e-m+fp/hard\libg-musl.a(memcmp.o)
                              build/default/debug/_ext/1100529066/drv_sdspi.o (memcmp)
c:/program files/microchip/xc32/v4.21/bin/bin/../../lib/gcc/pic32c/8.3.1/../../../../pic32c/lib/thumb/v7e-m+fp/hard\libg-musl.a(memcpy.o)
                              build/default/debug/_ext/1593096446/plib_nvmctrl.o (memcpy)
c:/program files/microchip/xc32/v4.21/bin/bin/../../lib/gcc/pic32c/8.3.1/../../../../pic32c/lib/thumb/v7e-m+fp/hard\libg-musl.a(memset.o)
                              build/default/debug/_ext/404212886/FreeRTOS_tasks.o (memset)
c:/program files/microchip/xc32/v4.21/bin/bin/../../lib/gcc/pic32c/8.3.1/../../../../pic32c/lib/thumb/v7e-m+fp/hard\libg-musl.a(strlen.o)
                              build/default/debug/_ext/1269487135/sys_fs_media_manager.o (strlen)
c:/program files/microchip/xc32/v4.21/bin/bin/../../lib/gcc/pic32c/8.3.1/../../../../pic32c/lib/thumb/v7e-m+fp/hard\libg-musl.a(strstr.o)
                              build/default/debug/_ext/1360937237/app.o (strstr)
c:/program files/microchip/xc32/v4.21/bin/bin/../../lib/gcc/pic32c/8.3.1/../../../../pic32c/lib/thumb/v7e-m+fp/hard\libg-musl.a(strchr.o)
                              build/default/debug/_ext/411819097/ff.o (strchr)
c:/program files/microchip/xc32/v4.21/bin/bin/../../lib/gcc/pic32c/8.3.1/../../../../pic32c/lib/thumb/v7e-m+fp/hard\libg-musl.a(strchrnul.o)
                              c:/program files/microchip/xc32/v4.21/bin/bin/../../lib/gcc/pic32c/8.3.1/../../../../pic32c/lib/thumb/v7e-m+fp/hard\libg-musl.a(strchr.o) (__strchrnul)
c:/program files/microchip/xc32/v4.21/bin/bin/../../lib/gcc/pic32c/8.3.1/../../../../pic32c/lib/thumb/v7e-m+fp/hard\libg-musl.a(strcmp.o)
                              build/default/debug/_ext/1269487135/sys_fs_media_manager.o (strcmp)
c:/program files/microchip/xc32/v4.21/bin/bin/../../lib/gcc/pic32c/8.3.1/../../../../pic32c/lib/thumb/v7e-m+fp/hard\libg-musl.a(strcpy.o)
                              build/default/debug/_ext/1269487135/sys_fs.o (strcpy)
c:/program files/microchip/xc32/v4.21/bin/bin/../../lib/gcc/pic32c/8.3.1/../../../../pic32c/lib/thumb/v7e-m+fp/hard\libg-musl.a(strncmp.o)
                              build/default/debug/_ext/1269487135/sys_fs_media_manager.o (strncmp)
[...]
Memory Configuration

Name             Origin             Length             Attributes
rom              0x00000000         0x00080000         xrl
ram              0x20000000         0x00030000         xw !r
tcm              0x03000000         0x00000000         xw
bkupram          0x47000000         0x00002000
config_00804000  0x00804000         0x00000004
config_00804008  0x00804008         0x00000004
config_00804004  0x00804004         0x00000004
*default*        0x00000000         0xffffffff

Linker script and memory map

LOAD c:/program files/microchip/xc32/v4.21/bin/bin/../../lib/gcc/pic32c/8.3.1/thumb/v7e-m+fp/hard/crti.o
LOAD c:/program files/microchip/xc32/v4.21/bin/bin/../../lib/gcc/pic32c/8.3.1/thumb/v7e-m+fp/hard/crtbegin.o
LOAD build/default/debug/_ext/404212886/event_groups.o
LOAD build/default/debug/_ext/1593096446/plib_nvmctrl.o
LOAD build/default/debug/_ext/1865521619/plib_port.o
LOAD build/default/debug/_ext/1269487135/sys_fs_fat_interface.o
LOAD build/default/debug/_ext/60180175/plib_rtc_timer.o
LOAD build/default/debug/_ext/404212886/timers.o
LOAD build/default/debug/_ext/1171490990/freertos_hooks.o
LOAD build/default/debug/_ext/404212886/FreeRTOS_tasks.o
LOAD build/default/debug/_ext/1865468468/plib_nvic.o
LOAD build/default/debug/_ext/1100529066/drv_sdspi_driver_interface.o
LOAD build/default/debug/_ext/411819097/ffunicode.o
LOAD build/default/debug/_ext/1171490990/tasks.o
LOAD build/default/debug/_ext/1100529066/drv_sdspi.o
LOAD build/default/debug/_ext/1171490990/initialization.o
LOAD build/default/debug/_ext/1269487135/sys_fs_media_manager.o
LOAD build/default/debug/_ext/101884895/sys_time.o
LOAD build/default/debug/_ext/404212886/list.o
LOAD build/default/debug/_ext/2070931557/drv_spi.o
LOAD build/default/debug/_ext/411819097/ff.o
LOAD build/default/debug/_ext/1014039709/sys_cache.o
LOAD build/default/debug/_ext/1881668453/sys_int.o
LOAD build/default/debug/_ext/1665200909/heap_1.o
LOAD build/default/debug/_ext/14461671/sys_dma.o
LOAD build/default/debug/_ext/1865131932/plib_cmcc.o
LOAD build/default/debug/_ext/404212886/croutine.o
LOAD build/default/debug/_ext/246609638/port.o
LOAD build/default/debug/_ext/1360937237/main.o
LOAD build/default/debug/_ext/504274921/plib_sercom3_usart.o
LOAD build/default/debug/_ext/163028504/xc32_monitor.o
LOAD build/default/debug/_ext/404212886/queue.o
LOAD build/default/debug/_ext/1360937237/app.o
LOAD build/default/debug/_ext/1171490990/exceptions.o
LOAD build/default/debug/_ext/1171490990/libc_syscalls.o
LOAD build/default/debug/_ext/714983638/plib_sercom4_i2c_slave.o
LOAD build/default/debug/_ext/1269487135/sys_fs.o
LOAD build/default/debug/_ext/565198302/diskio.o
LOAD build/default/debug/_ext/1529399856/osal_freertos.o
LOAD build/default/debug/_ext/1984496892/plib_clock.o
LOAD build/default/debug/_ext/1100529066/drv_sdspi_file_system.o
LOAD build/default/debug/_ext/1171490990/startup_xc32.o
LOAD build/default/debug/_ext/17022449/plib_sercom2_spi_master.o
LOAD build/default/debug/_ext/404212886/stream_buffer.o
LOAD build/default/debug/_ext/1171490990/interrupts.o
LOAD build/default/debug/_ext/1986646378/plib_evsys.o
LOAD build/default/debug/_ext/60184501/plib_wdt.o
LOAD build/default/debug/_ext/1360937237/pdu_packet.o
                0x00000001                __MPLAB_BUILD = 0x1
                0x00080000                __rom_end = (ORIGIN (rom) + LENGTH (rom))
                0x20030000                __ram_end = (ORIGIN (ram) + LENGTH (ram))

.config_00804000
 *(.config_00804000)

.config_00804008
 *(.config_00804008)

.config_00804004
 *(.config_00804004)

.vectors        0x00000000      0x260
                0x00000000                . = ALIGN (0x4)
                0x00000000                _sfixed = .
 *(.vectors .vectors.* .vectors_default .vectors_default.*)
 .vectors.exception_table
                0x00000000      0x260 build/default/debug/_ext/1171490990/interrupts.o
                0x00000000                exception_table
 *(.isr_vector)
 *(.reset*)
 *(.after_vectors)

.text           0x00000260       0x20
                0x00000260                . = ALIGN (0x4)
 *(.glue_7t)
 .glue_7t       0x00000260        0x0 linker stubs
 *(.glue_7)
 .glue_7        0x00000260        0x0 linker stubs
 *(.gnu.linkonce.r.*)
 *(.ARM.extab* .gnu.linkonce.armextab.*)
                0x00000260                . = ALIGN (0x4)
 *(.init)
 .init          0x00000260        0x4 c:/program files/microchip/xc32/v4.21/bin/bin/../../lib/gcc/pic32c/8.3.1/thumb/v7e-m+fp/hard/crti.o
                0x00000260                _init
 .init          0x00000264        0x8 c:/program files/microchip/xc32/v4.21/bin/bin/../../lib/gcc/pic32c/8.3.1/thumb/v7e-m+fp/hard/crtn.o
                0x0000026c                . = ALIGN (0x4)
                0x0000026c                __preinit_array_start = .
 *(.preinit_array)
                0x0000026c                __preinit_array_end = .
                0x0000026c                . = ALIGN (0x4)
                0x0000026c                __init_array_start = .
 *(SORT_BY_NAME(.init_array.*))
 *(.init_array)
 .init_array    0x0000026c        0x4 c:/program files/microchip/xc32/v4.21/bin/bin/../../lib/gcc/pic32c/8.3.1/thumb/v7e-m+fp/hard/crtbegin.o
                0x00000270                __init_array_end = .
                0x00000270                . = ALIGN (0x4)
 *crtbegin.o(.ctors)
 *(EXCLUDE_FILE(*crtend.o) .ctors)
 *(SORT_BY_NAME(.ctors.*))
 *crtend.o(.ctors)
                0x00000270                . = ALIGN (0x4)
 *(.fini)
 .fini          0x00000270        0x4 c:/program files/microchip/xc32/v4.21/bin/bin/../../lib/gcc/pic32c/8.3.1/thumb/v7e-m+fp/hard/crti.o
                0x00000270                _fini
 .fini          0x00000274        0x8 c:/program files/microchip/xc32/v4.21/bin/bin/../../lib/gcc/pic32c/8.3.1/thumb/v7e-m+fp/hard/crtn.o
                0x0000027c                . = ALIGN (0x4)
                0x0000027c                __fini_array_start = .
 *(.fini_array)
 .fini_array    0x0000027c        0x4 c:/program files/microchip/xc32/v4.21/bin/bin/../../lib/gcc/pic32c/8.3.1/thumb/v7e-m+fp/hard/crtbegin.o
 *(SORT_BY_NAME(.fini_array.*))
                0x00000280                __fini_array_end = .
 *crtbegin.o(.dtors)
 *(EXCLUDE_FILE(*crtend.o) .dtors)
 *(SORT_BY_NAME(.dtors.*))
 *crtend.o(.dtors)
                0x00000280                . = ALIGN (0x4)
                0x00000280                _efixed = .
                [!provide]                PROVIDE (__exidx_start = .)

.ARM.exidx      0x00000280        0x8
 *(.ARM.exidx* .gnu.linkonce.armexidx.*)
 .ARM.exidx     0x00000280        0x8 c:/program files/microchip/xc32/v4.21/bin/bin/../../lib/gcc/pic32c/8.3.1/thumb/v7e-m+fp/hard\libgcc.a(_udivmoddi4.o)
                [!provide]                PROVIDE (__exidx_end = .)
                0x00000288                . = ALIGN (0x4)
                0x00000288                _etext = .

.bss            0x20000000        0x0
                0x20000000                . = ALIGN (0x4)
                0x20000000                __bss_start__ = .
                0x20000000                _sbss = .
                0x20000000                _szero = .
 *(COMMON)
                0x20000000                . = ALIGN (0x4)
                0x20000000                __bss_end__ = .
                0x20000000                _ebss = .
                0x20000000                _ezero = .
                0x20000000                . = ALIGN (0x4)
                0x20000000                _end = .
                0x2002ffff                _ram_end_ = ((ORIGIN (ram) + LENGTH (ram)) - 0x1)

.bkupram_bss
 *(.bkupram_bss .bkupram_bss.*)
 *(.pbss .pbss.*)
                0x00000001                __ICD2RAM = 0x1
                0x00000001                __MPLAB_DEBUG = 0x1
                0x00000001                __DEBUG = 0x1
                0x00000200                _min_heap_size = 0x200
START GROUP
LOAD c:/program files/microchip/xc32/v4.21/bin/bin/../../lib/gcc/pic32c/8.3.1/../../../../pic32c/lib/thumb/v7e-m+fp/hard\libpic32c.a
LOAD c:/program files/microchip/xc32/v4.21/bin/bin/../../lib/gcc/pic32c/8.3.1/../../../../pic32c/lib/thumb/v7e-m+fp/hard\libm-emfloat.a
LOAD c:/program files/microchip/xc32/v4.21/bin/bin/../../lib/gcc/pic32c/8.3.1/../../../../pic32c/lib/thumb/v7e-m+fp/hard\libg-musl.a
LOAD c:/program files/microchip/xc32/v4.21/bin/bin/../../lib/gcc/pic32c/8.3.1/../../../../pic32c/lib/thumb/v7e-m+fp/hard\libc-musl.a
LOAD c:/program files/microchip/xc32/v4.21/bin/bin/../../lib/gcc/pic32c/8.3.1/../../../../pic32c/lib/thumb/v7e-m+fp/hard\libm-emfloat.a
LOAD c:/program files/microchip/xc32/v4.21/bin/bin/../../lib/gcc/pic32c/8.3.1/thumb/v7e-m+fp/hard\libgcc.a
END GROUP
LOAD c:/program files/microchip/xc32/v4.21/bin/bin/../../lib/gcc/pic32c/8.3.1/thumb/v7e-m+fp/hard/crtend.o
LOAD c:/program files/microchip/xc32/v4.21/bin/bin/../../lib/gcc/pic32c/8.3.1/thumb/v7e-m+fp/hard/crtn.o
OUTPUT(dist/default/debug/ArtemisPDU.X.debug.elf elf32-littlearm)
LOAD stack
LOAD data_init

.ARM.attributes
                0x00000000       0x34
 .ARM.attributes
                0x00000000       0x1e c:/program files/microchip/xc32/v4.21/bin/bin/../../lib/gcc/pic32c/8.3.1/thumb/v7e-m+fp/hard/crti.o
 .ARM.attributes
                0x0000001e       0x34 c:/program files/microchip/xc32/v4.21/bin/bin/../../lib/gcc/pic32c/8.3.1/thumb/v7e-m+fp/hard/crtbegin.o
 .ARM.attributes
                0x00000052       0x34 build/default/debug/_ext/1593096446/plib_nvmctrl.o
 .ARM.attributes
                0x00000086       0x34 build/default/debug/_ext/1865521619/plib_port.o
 .ARM.attributes
                0x000000ba       0x34 build/default/debug/_ext/1269487135/sys_fs_fat_interface.o
 .ARM.attributes
                0x000000ee       0x34 build/default/debug/_ext/60180175/plib_rtc_timer.o
 .ARM.attributes
                0x00000122       0x34 build/default/debug/_ext/1171490990/freertos_hooks.o
 .ARM.attributes
                0x00000156       0x34 build/default/debug/_ext/404212886/FreeRTOS_tasks.o
 .ARM.attributes
                0x0000018a       0x34 build/default/debug/_ext/1865468468/plib_nvic.o
 .ARM.attributes
                0x000001be       0x34 build/default/debug/_ext/1100529066/drv_sdspi_driver_interface.o
 .ARM.attributes
                0x000001f2       0x34 build/default/debug/_ext/411819097/ffunicode.o
 .ARM.attributes
                0x00000226       0x34 build/default/debug/_ext/1171490990/tasks.o
 .ARM.attributes
                0x0000025a       0x34 build/default/debug/_ext/1100529066/drv_sdspi.o
 .ARM.attributes
                0x0000028e       0x34 build/default/debug/_ext/1171490990/initialization.o
 .ARM.attributes
                0x000002c2       0x34 build/default/debug/_ext/1269487135/sys_fs_media_manager.o
 .ARM.attributes
                0x000002f6       0x34 build/default/debug/_ext/101884895/sys_time.o
 .ARM.attributes
                0x0000032a       0x34 build/default/debug/_ext/404212886/list.o
 .ARM.attributes
                0x0000035e       0x34 build/default/debug/_ext/2070931557/drv_spi.o
 .ARM.attributes
                0x00000392       0x34 build/default/debug/_ext/411819097/ff.o
 .ARM.attributes
                0x000003c6       0x34 build/default/debug/_ext/1881668453/sys_int.o
 .ARM.attributes
                0x000003fa       0x34 build/default/debug/_ext/1665200909/heap_1.o
 .ARM.attributes
                0x0000042e       0x34 build/default/debug/_ext/246609638/port.o
 .ARM.attributes
                0x00000462       0x34 build/default/debug/_ext/1360937237/main.o
 .ARM.attributes
                0x00000496       0x34 build/default/debug/_ext/504274921/plib_sercom3_usart.o
 .ARM.attributes
                0x000004ca       0x34 build/default/debug/_ext/163028504/xc32_monitor.o
 .ARM.attributes
                0x000004fe       0x34 build/default/debug/_ext/404212886/queue.o
 .ARM.attributes
                0x00000532       0x34 build/default/debug/_ext/1360937237/app.o
 .ARM.attributes
                0x00000566       0x34 build/default/debug/_ext/1171490990/exceptions.o
 .ARM.attributes
                0x0000059a       0x34 build/default/debug/_ext/714983638/plib_sercom4_i2c_slave.o
 .ARM.attributes
                0x000005ce       0x34 build/default/debug/_ext/1269487135/sys_fs.o
 .ARM.attributes
                0x00000602       0x34 build/default/debug/_ext/565198302/diskio.o
 .ARM.attributes
                0x00000636       0x34 build/default/debug/_ext/1529399856/osal_freertos.o
 .ARM.attributes
                0x0000066a       0x34 build/default/debug/_ext/1984496892/plib_clock.o
 .ARM.attributes
                0x0000069e       0x34 build/default/debug/_ext/1100529066/drv_sdspi_file_system.o
 .ARM.attributes
                0x000006d2       0x34 build/default/debug/_ext/1171490990/startup_xc32.o
 .ARM.attributes
                0x00000706       0x34 build/default/debug/_ext/17022449/plib_sercom2_spi_master.o
 .ARM.attributes
                0x0000073a       0x34 build/default/debug/_ext/1171490990/interrupts.o
 .ARM.attributes
                0x0000076e       0x34 build/default/debug/_ext/1986646378/plib_evsys.o
 .ARM.attributes
                0x000007a2       0x34 build/default/debug/_ext/60184501/plib_wdt.o
 .ARM.attributes
                0x000007d6       0x34 build/default/debug/_ext/1360937237/pdu_packet.o
 .ARM.attributes
                0x0000080a       0x34 c:/program files/microchip/xc32/v4.21/bin/bin/../../lib/gcc/pic32c/8.3.1/../../../../pic32c/lib/thumb/v7e-m+fp/hard\libpic32c.a(data_init_wrapper.o)
 .ARM.attributes
                0x0000083e       0x34 c:/program files/microchip/xc32/v4.21/bin/bin/../../lib/gcc/pic32c/8.3.1/../../../../pic32c/lib/thumb/v7e-m+fp/hard\libpic32c.a(data_init_0_1.o)
 .ARM.attributes
                0x00000872       0x36 c:/program files/microchip/xc32/v4.21/bin/bin/../../lib/gcc/pic32c/8.3.1/../../../../pic32c/lib/thumb/v7e-m+fp/hard\libg-musl.a(__libc_start_main.o)
 .ARM.attributes
                0x000008a8       0x34 c:/program files/microchip/xc32/v4.21/bin/bin/../../lib/gcc/pic32c/8.3.1/../../../../pic32c/lib/thumb/v7e-m+fp/hard\libg-musl.a(libc.o)
 .ARM.attributes
                0x000008dc       0x36 c:/program files/microchip/xc32/v4.21/bin/bin/../../lib/gcc/pic32c/8.3.1/../../../../pic32c/lib/thumb/v7e-m+fp/hard\libg-musl.a(malloc.o)
 .ARM.attributes
                0x00000912       0x36 c:/program files/microchip/xc32/v4.21/bin/bin/../../lib/gcc/pic32c/8.3.1/../../../../pic32c/lib/thumb/v7e-m+fp/hard\libg-musl.a(expand_heap.o)
 .ARM.attributes
                0x00000948       0x36 c:/program files/microchip/xc32/v4.21/bin/bin/../../lib/gcc/pic32c/8.3.1/../../../../pic32c/lib/thumb/v7e-m+fp/hard\libg-musl.a(stdin.o)
 .ARM.attributes
                0x0000097e       0x36 c:/program files/microchip/xc32/v4.21/bin/bin/../../lib/gcc/pic32c/8.3.1/../../../../pic32c/lib/thumb/v7e-m+fp/hard\libg-musl.a(stdout.o)
 .ARM.attributes
                0x000009b4       0x36 c:/program files/microchip/xc32/v4.21/bin/bin/../../lib/gcc/pic32c/8.3.1/../../../../pic32c/lib/thumb/v7e-m+fp/hard\libg-musl.a(setbuf.o)
 .ARM.attributes
                0x000009ea       0x36 c:/program files/microchip/xc32/v4.21/bin/bin/../../lib/gcc/pic32c/8.3.1/../../../../pic32c/lib/thumb/v7e-m+fp/hard\libg-musl.a(memcmp.o)
 .ARM.attributes
                0x00000a20       0x36 c:/program files/microchip/xc32/v4.21/bin/bin/../../lib/gcc/pic32c/8.3.1/../../../../pic32c/lib/thumb/v7e-m+fp/hard\libg-musl.a(memcpy.o)
 .ARM.attributes
                0x00000a56       0x36 c:/program files/microchip/xc32/v4.21/bin/bin/../../lib/gcc/pic32c/8.3.1/../../../../pic32c/lib/thumb/v7e-m+fp/hard\libg-musl.a(memset.o)
 .ARM.attributes
                0x00000a8c       0x36 c:/program files/microchip/xc32/v4.21/bin/bin/../../lib/gcc/pic32c/8.3.1/../../../../pic32c/lib/thumb/v7e-m+fp/hard\libg-musl.a(strlen.o)
 .ARM.attributes
                0x00000ac2       0x36 c:/program files/microchip/xc32/v4.21/bin/bin/../../lib/gcc/pic32c/8.3.1/../../../../pic32c/lib/thumb/v7e-m+fp/hard\libg-musl.a(strchr.o)
 .ARM.attributes
                0x00000af8       0x36 c:/program files/microchip/xc32/v4.21/bin/bin/../../lib/gcc/pic32c/8.3.1/../../../../pic32c/lib/thumb/v7e-m+fp/hard\libg-musl.a(strchrnul.o)
 .ARM.attributes
                0x00000b2e       0x34 c:/program files/microchip/xc32/v4.21/bin/bin/../../lib/gcc/pic32c/8.3.1/../../../../pic32c/lib/thumb/v7e-m+fp/hard\libg-musl.a(__environ.o)
 .ARM.attributes
                0x00000b62       0x34 c:/program files/microchip/xc32/v4.21/bin/bin/../../lib/gcc/pic32c/8.3.1/../../../../pic32c/lib/thumb/v7e-m+fp/hard\libg-musl.a(__errno_location.o)
 .ARM.attributes
                0x00000b96       0x36 c:/program files/microchip/xc32/v4.21/bin/bin/../../lib/gcc/pic32c/8.3.1/../../../../pic32c/lib/thumb/v7e-m+fp/hard\libg-musl.a(__stdio_read.o)
 .ARM.attributes
                0x00000bcc       0x36 c:/program files/microchip/xc32/v4.21/bin/bin/../../lib/gcc/pic32c/8.3.1/../../../../pic32c/lib/thumb/v7e-m+fp/hard\libg-musl.a(__towrite_rw.o)
 .ARM.attributes
                0x00000c02       0x36 c:/program files/microchip/xc32/v4.21/bin/bin/../../lib/gcc/pic32c/8.3.1/../../../../pic32c/lib/thumb/v7e-m+fp/hard\libg-musl.a(setvbuf.o)
 .ARM.attributes
                0x00000c38       0x36 c:/program files/microchip/xc32/v4.21/bin/bin/../../lib/gcc/pic32c/8.3.1/../../../../pic32c/lib/thumb/v7e-m+fp/hard\libg-musl.a(readv.o)
 .ARM.attributes
                0x00000c6e       0x36 c:/program files/microchip/xc32/v4.21/bin/bin/../../lib/gcc/pic32c/8.3.1/../../../../pic32c/lib/thumb/v7e-m+fp/hard\libg-musl.a(__init_stdio.o)
 .ARM.attributes
                0x00000ca4       0x36 c:/program files/microchip/xc32/v4.21/bin/bin/../../lib/gcc/pic32c/8.3.1/../../../../pic32c/lib/thumb/v7e-m+fp/hard\libg-musl.a(__out.o)
 .ARM.attributes
                0x00000cda       0x36 c:/program files/microchip/xc32/v4.21/bin/bin/../../lib/gcc/pic32c/8.3.1/../../../../pic32c/lib/thumb/v7e-m+fp/hard\libg-musl.a(__stderr.o)
 .ARM.attributes
                0x00000d10       0x36 c:/program files/microchip/xc32/v4.21/bin/bin/../../lib/gcc/pic32c/8.3.1/../../../../pic32c/lib/thumb/v7e-m+fp/hard\libg-musl.a(__stdio_close.o)
 .ARM.attributes
                0x00000d46       0x36 c:/program files/microchip/xc32/v4.21/bin/bin/../../lib/gcc/pic32c/8.3.1/../../../../pic32c/lib/thumb/v7e-m+fp/hard\libg-musl.a(__stdio_write.o)
 .ARM.attributes
                0x00000d7c       0x36 c:/program files/microchip/xc32/v4.21/bin/bin/../../lib/gcc/pic32c/8.3.1/../../../../pic32c/lib/thumb/v7e-m+fp/hard\libg-musl.a(__stdout.o)
 .ARM.attributes
                0x00000db2       0x36 c:/program files/microchip/xc32/v4.21/bin/bin/../../lib/gcc/pic32c/8.3.1/../../../../pic32c/lib/thumb/v7e-m+fp/hard\libg-musl.a(__towrite.o)
 .ARM.attributes
                0x00000de8       0x36 c:/program files/microchip/xc32/v4.21/bin/bin/../../lib/gcc/pic32c/8.3.1/../../../../pic32c/lib/thumb/v7e-m+fp/hard\libg-musl.a(writev.o)
 .ARM.attributes
                0x00000e1e       0x1e c:/program files/microchip/xc32/v4.21/bin/bin/../../lib/gcc/pic32c/8.3.1/thumb/v7e-m+fp/hard\libgcc.a(_aeabi_uldivmod.o)
 .ARM.attributes
                0x00000e3c       0x34 c:/program files/microchip/xc32/v4.21/bin/bin/../../lib/gcc/pic32c/8.3.1/thumb/v7e-m+fp/hard\libgcc.a(_udivmoddi4.o)
 .ARM.attributes
                0x00000e70       0x1e c:/program files/microchip/xc32/v4.21/bin/bin/../../lib/gcc/pic32c/8.3.1/thumb/v7e-m+fp/hard\libgcc.a(_dvmd_tls.o)
 .ARM.attributes
                0x00000e8e       0x34 c:/program files/microchip/xc32/v4.21/bin/bin/../../lib/gcc/pic32c/8.3.1/../../../../pic32c/lib/thumb/v7e-m+fp/hard\libpic32c.a(close.o)
 .ARM.attributes
                0x00000ec2       0x34 c:/program files/microchip/xc32/v4.21/bin/bin/../../lib/gcc/pic32c/8.3.1/../../../../pic32c/lib/thumb/v7e-m+fp/hard\libpic32c.a(lseek.o)
 .ARM.attributes
                0x00000ef6       0x34 c:/program files/microchip/xc32/v4.21/bin/bin/../../lib/gcc/pic32c/8.3.1/../../../../pic32c/lib/thumb/v7e-m+fp/hard\libpic32c.a(sbrk.o)
 .ARM.attributes
                0x00000f2a       0x1e c:/program files/microchip/xc32/v4.21/bin/bin/../../lib/gcc/pic32c/8.3.1/thumb/v7e-m+fp/hard/crtn.o

.comment        0x00000000       0x2b
 .comment       0x00000000       0x2b c:/program files/microchip/xc32/v4.21/bin/bin/../../lib/gcc/pic32c/8.3.1/thumb/v7e-m+fp/hard/crtbegin.o
                                 0x2c (size before relaxing)
 .comment       0x0000002b       0x2c build/default/debug/_ext/1593096446/plib_nvmctrl.o
 .comment       0x0000002b       0x2c build/default/debug/_ext/1865521619/plib_port.o
 .comment       0x0000002b       0x2c build/default/debug/_ext/1269487135/sys_fs_fat_interface.o
 .comment       0x0000002b       0x2c build/default/debug/_ext/60180175/plib_rtc_timer.o
 .comment       0x0000002b       0x2c build/default/debug/_ext/1171490990/freertos_hooks.o
 .comment       0x0000002b       0x2c build/default/debug/_ext/404212886/FreeRTOS_tasks.o
 .comment       0x0000002b       0x2c build/default/debug/_ext/1865468468/plib_nvic.o
 .comment       0x0000002b       0x2c build/default/debug/_ext/1100529066/drv_sdspi_driver_interface.o
 .comment       0x0000002b       0x2c build/default/debug/_ext/411819097/ffunicode.o
 .comment       0x0000002b       0x2c build/default/debug/_ext/1171490990/tasks.o
 .comment       0x0000002b       0x2c build/default/debug/_ext/1100529066/drv_sdspi.o
 .comment       0x0000002b       0x2c build/default/debug/_ext/1171490990/initialization.o
 .comment       0x0000002b       0x2c build/default/debug/_ext/1269487135/sys_fs_media_manager.o
 .comment       0x0000002b       0x2c build/default/debug/_ext/101884895/sys_time.o
 .comment       0x0000002b       0x2c build/default/debug/_ext/404212886/list.o
 .comment       0x0000002b       0x2c build/default/debug/_ext/2070931557/drv_spi.o
 .comment       0x0000002b       0x2c build/default/debug/_ext/411819097/ff.o
 .comment       0x0000002b       0x2c build/default/debug/_ext/1881668453/sys_int.o
 .comment       0x0000002b       0x2c build/default/debug/_ext/1665200909/heap_1.o
 .comment       0x0000002b       0x2c build/default/debug/_ext/246609638/port.o
 .comment       0x0000002b       0x2c build/default/debug/_ext/1360937237/main.o
 .comment       0x0000002b       0x2c build/default/debug/_ext/504274921/plib_sercom3_usart.o
 .comment       0x0000002b       0x2c build/default/debug/_ext/163028504/xc32_monitor.o
 .comment       0x0000002b       0x2c build/default/debug/_ext/404212886/queue.o
 .comment       0x0000002b       0x2c build/default/debug/_ext/1360937237/app.o
 .comment       0x0000002b       0x2c build/default/debug/_ext/1171490990/exceptions.o
 .comment       0x0000002b       0x2c build/default/debug/_ext/714983638/plib_sercom4_i2c_slave.o
 .comment       0x0000002b       0x2c build/default/debug/_ext/1269487135/sys_fs.o
 .comment       0x0000002b       0x2c build/default/debug/_ext/565198302/diskio.o
 .comment       0x0000002b       0x2c build/default/debug/_ext/1529399856/osal_freertos.o
 .comment       0x0000002b       0x2c build/default/debug/_ext/1984496892/plib_clock.o
 .comment       0x0000002b       0x2c build/default/debug/_ext/1100529066/drv_sdspi_file_system.o
 .comment       0x0000002b       0x2c build/default/debug/_ext/1171490990/startup_xc32.o
 .comment       0x0000002b       0x2c build/default/debug/_ext/17022449/plib_sercom2_spi_master.o
 .comment       0x0000002b       0x2c build/default/debug/_ext/1171490990/interrupts.o
 .comment       0x0000002b       0x2c build/default/debug/_ext/1986646378/plib_evsys.o
 .comment       0x0000002b       0x2c build/default/debug/_ext/60184501/plib_wdt.o
 .comment       0x0000002b       0x2c build/default/debug/_ext/1360937237/pdu_packet.o
 .comment       0x0000002b       0x2c c:/program files/microchip/xc32/v4.21/bin/bin/../../lib/gcc/pic32c/8.3.1/../../../../pic32c/lib/thumb/v7e-m+fp/hard\libpic32c.a(data_init_wrapper.o)
 .comment       0x0000002b       0x2c c:/program files/microchip/xc32/v4.21/bin/bin/../../lib/gcc/pic32c/8.3.1/../../../../pic32c/lib/thumb/v7e-m+fp/hard\libpic32c.a(data_init_0_1.o)
 .comment       0x0000002b       0x2c c:/program files/microchip/xc32/v4.21/bin/bin/../../lib/gcc/pic32c/8.3.1/../../../../pic32c/lib/thumb/v7e-m+fp/hard\libg-musl.a(__libc_start_main.o)
 .comment       0x0000002b       0x2c c:/program files/microchip/xc32/v4.21/bin/bin/../../lib/gcc/pic32c/8.3.1/../../../../pic32c/lib/thumb/v7e-m+fp/hard\libg-musl.a(libc.o)
 .comment       0x0000002b       0x2c c:/program files/microchip/xc32/v4.21/bin/bin/../../lib/gcc/pic32c/8.3.1/../../../../pic32c/lib/thumb/v7e-m+fp/hard\libg-musl.a(malloc.o)
 .comment       0x0000002b       0x2c c:/program files/microchip/xc32/v4.21/bin/bin/../../lib/gcc/pic32c/8.3.1/../../../../pic32c/lib/thumb/v7e-m+fp/hard\libg-musl.a(expand_heap.o)
 .comment       0x0000002b       0x2c c:/program files/microchip/xc32/v4.21/bin/bin/../../lib/gcc/pic32c/8.3.1/../../../../pic32c/lib/thumb/v7e-m+fp/hard\libg-musl.a(stdin.o)
 .comment       0x0000002b       0x2c c:/program files/microchip/xc32/v4.21/bin/bin/../../lib/gcc/pic32c/8.3.1/../../../../pic32c/lib/thumb/v7e-m+fp/hard\libg-musl.a(stdout.o)
 .comment       0x0000002b       0x2c c:/program files/microchip/xc32/v4.21/bin/bin/../../lib/gcc/pic32c/8.3.1/../../../../pic32c/lib/thumb/v7e-m+fp/hard\libg-musl.a(setbuf.o)
 .comment       0x0000002b       0x2c c:/program files/microchip/xc32/v4.21/bin/bin/../../lib/gcc/pic32c/8.3.1/../../../../pic32c/lib/thumb/v7e-m+fp/hard\libg-musl.a(memcmp.o)
 .comment       0x0000002b       0x2c c:/program files/microchip/xc32/v4.21/bin/bin/../../lib/gcc/pic32c/8.3.1/../../../../pic32c/lib/thumb/v7e-m+fp/hard\libg-musl.a(memcpy.o)
 .comment       0x0000002b       0x2c c:/program files/microchip/xc32/v4.21/bin/bin/../../lib/gcc/pic32c/8.3.1/../../../../pic32c/lib/thumb/v7e-m+fp/hard\libg-musl.a(memset.o)
 .comment       0x0000002b       0x2c c:/program files/microchip/xc32/v4.21/bin/bin/../../lib/gcc/pic32c/8.3.1/../../../../pic32c/lib/thumb/v7e-m+fp/hard\libg-musl.a(strlen.o)
 .comment       0x0000002b       0x2c c:/program files/microchip/xc32/v4.21/bin/bin/../../lib/gcc/pic32c/8.3.1/../../../../pic32c/lib/thumb/v7e-m+fp/hard\libg-musl.a(strchr.o)
 .comment       0x0000002b       0x2c c:/program files/microchip/xc32/v4.21/bin/bin/../../lib/gcc/pic32c/8.3.1/../../../../pic32c/lib/thumb/v7e-m+fp/hard\libg-musl.a(strchrnul.o)
 .comment       0x0000002b       0x2c c:/program files/microchip/xc32/v4.21/bin/bin/../../lib/gcc/pic32c/8.3.1/../../../../pic32c/lib/thumb/v7e-m+fp/hard\libg-musl.a(__environ.o)
 .comment       0x0000002b       0x2c c:/program files/microchip/xc32/v4.21/bin/bin/../../lib/gcc/pic32c/8.3.1/../../../../pic32c/lib/thumb/v7e-m+fp/hard\libg-musl.a(__errno_location.o)
 .comment       0x0000002b       0x2c c:/program files/microchip/xc32/v4.21/bin/bin/../../lib/gcc/pic32c/8.3.1/../../../../pic32c/lib/thumb/v7e-m+fp/hard\libg-musl.a(__stdio_read.o)
 .comment       0x0000002b       0x2c c:/program files/microchip/xc32/v4.21/bin/bin/../../lib/gcc/pic32c/8.3.1/../../../../pic32c/lib/thumb/v7e-m+fp/hard\libg-musl.a(__towrite_rw.o)
 .comment       0x0000002b       0x2c c:/program files/microchip/xc32/v4.21/bin/bin/../../lib/gcc/pic32c/8.3.1/../../../../pic32c/lib/thumb/v7e-m+fp/hard\libg-musl.a(setvbuf.o)
 .comment       0x0000002b       0x2c c:/program files/microchip/xc32/v4.21/bin/bin/../../lib/gcc/pic32c/8.3.1/../../../../pic32c/lib/thumb/v7e-m+fp/hard\libg-musl.a(readv.o)
 .comment       0x0000002b       0x2c c:/program files/microchip/xc32/v4.21/bin/bin/../../lib/gcc/pic32c/8.3.1/../../../../pic32c/lib/thumb/v7e-m+fp/hard\libg-musl.a(__init_stdio.o)
 .comment       0x0000002b       0x2c c:/program files/microchip/xc32/v4.21/bin/bin/../../lib/gcc/pic32c/8.3.1/../../../../pic32c/lib/thumb/v7e-m+fp/hard\libg-musl.a(__out.o)
 .comment       0x0000002b       0x2c c:/program files/microchip/xc32/v4.21/bin/bin/../../lib/gcc/pic32c/8.3.1/../../../../pic32c/lib/thumb/v7e-m+fp/hard\libg-musl.a(__stderr.o)
 .comment       0x0000002b       0x2c c:/program files/microchip/xc32/v4.21/bin/bin/../../lib/gcc/pic32c/8.3.1/../../../../pic32c/lib/thumb/v7e-m+fp/hard\libg-musl.a(__stdio_close.o)
 .comment       0x0000002b       0x2c c:/program files/microchip/xc32/v4.21/bin/bin/../../lib/gcc/pic32c/8.3.1/../../../../pic32c/lib/thumb/v7e-m+fp/hard\libg-musl.a(__stdio_write.o)
 .comment       0x0000002b       0x2c c:/program files/microchip/xc32/v4.21/bin/bin/../../lib/gcc/pic32c/8.3.1/../../../../pic32c/lib/thumb/v7e-m+fp/hard\libg-musl.a(__stdout.o)
 .comment       0x0000002b       0x2c c:/program files/microchip/xc32/v4.21/bin/bin/../../lib/gcc/pic32c/8.3.1/../../../../pic32c/lib/thumb/v7e-m+fp/hard\libg-musl.a(__towrite.o)
 .comment       0x0000002b       0x2c c:/program files/microchip/xc32/v4.21/bin/bin/../../lib/gcc/pic32c/8.3.1/../../../../pic32c/lib/thumb/v7e-m+fp/hard\libg-musl.a(writev.o)
 .comment       0x0000002b       0x2c c:/program files/microchip/xc32/v4.21/bin/bin/../../lib/gcc/pic32c/8.3.1/thumb/v7e-m+fp/hard\libgcc.a(_udivmoddi4.o)
 .comment       0x0000002b       0x2c c:/program files/microchip/xc32/v4.21/bin/bin/../../lib/gcc/pic32c/8.3.1/../../../../pic32c/lib/thumb/v7e-m+fp/hard\libpic32c.a(close.o)
 .comment       0x0000002b       0x2c c:/program files/microchip/xc32/v4.21/bin/bin/../../lib/gcc/pic32c/8.3.1/../../../../pic32c/lib/thumb/v7e-m+fp/hard\libpic32c.a(lseek.o)
 .comment       0x0000002b       0x2c c:/program files/microchip/xc32/v4.21/bin/bin/../../lib/gcc/pic32c/8.3.1/../../../../pic32c/lib/thumb/v7e-m+fp/hard\libpic32c.a(sbrk.o)

.debug_info     0x00000000    0x42eda
 .debug_info    0x00000000      0xe61 build/default/debug/_ext/1593096446/plib_nvmctrl.o
 .debug_info    0x00000e61      0xfb4 build/default/debug/_ext/1865521619/plib_port.o
 .debug_info    0x00001e15     0x248d build/default/debug/_ext/1269487135/sys_fs_fat_interface.o
 .debug_info    0x000042a2      0xfd9 build/default/debug/_ext/60180175/plib_rtc_timer.o
 .debug_info    0x0000527b      0x534 build/default/debug/_ext/1171490990/freertos_hooks.o
 .debug_info    0x000057af     0x317c build/default/debug/_ext/404212886/FreeRTOS_tasks.o
 .debug_info    0x0000892b     0x1740 build/default/debug/_ext/1865468468/plib_nvic.o
 .debug_info    0x0000a06b     0x23d6 build/default/debug/_ext/1100529066/drv_sdspi_driver_interface.o
 .debug_info    0x0000c441      0x55c build/default/debug/_ext/411819097/ffunicode.o
 .debug_info    0x0000c99d      0x81b build/default/debug/_ext/1171490990/tasks.o
 .debug_info    0x0000d1b8     0x4dac build/default/debug/_ext/1100529066/drv_sdspi.o
 .debug_info    0x00011f64     0x326a build/default/debug/_ext/1171490990/initialization.o
 .debug_info    0x000151ce     0x24be build/default/debug/_ext/1269487135/sys_fs_media_manager.o
 .debug_info    0x0001768c     0x2c20 build/default/debug/_ext/101884895/sys_time.o
 .debug_info    0x0001a2ac      0x63c build/default/debug/_ext/404212886/list.o
 .debug_info    0x0001a8e8     0x2865 build/default/debug/_ext/2070931557/drv_spi.o
 .debug_info    0x0001d14d     0x6708 build/default/debug/_ext/411819097/ff.o
 .debug_info    0x00023855     0x119b build/default/debug/_ext/1881668453/sys_int.o
 .debug_info    0x000249f0      0x4ef build/default/debug/_ext/1665200909/heap_1.o
 .debug_info    0x00024edf      0x78f build/default/debug/_ext/246609638/port.o
 .debug_info    0x0002566e      0x33b build/default/debug/_ext/1360937237/main.o
 .debug_info    0x000259a9     0x153f build/default/debug/_ext/504274921/plib_sercom3_usart.o
 .debug_info    0x00026ee8      0x461 build/default/debug/_ext/163028504/xc32_monitor.o
 .debug_info    0x00027349     0x21f6 build/default/debug/_ext/404212886/queue.o
 .debug_info    0x0002953f     0x151f build/default/debug/_ext/1360937237/app.o
 .debug_info    0x0002aa5e      0x3e4 build/default/debug/_ext/1171490990/exceptions.o
 .debug_info    0x0002ae42     0x1419 build/default/debug/_ext/714983638/plib_sercom4_i2c_slave.o
 .debug_info    0x0002c25b     0x4243 build/default/debug/_ext/1269487135/sys_fs.o
 .debug_info    0x0003049e      0xf2b build/default/debug/_ext/565198302/diskio.o
 .debug_info    0x000313c9      0xba6 build/default/debug/_ext/1529399856/osal_freertos.o
 .debug_info    0x00031f6f      0xb66 build/default/debug/_ext/1984496892/plib_clock.o
 .debug_info    0x00032ad5      0xc4a build/default/debug/_ext/1100529066/drv_sdspi_file_system.o
 .debug_info    0x0003371f      0x89d build/default/debug/_ext/1171490990/startup_xc32.o
 .debug_info    0x00033fbc     0x14ac build/default/debug/_ext/17022449/plib_sercom2_spi_master.o
 .debug_info    0x00035468     0x18a2 build/default/debug/_ext/1171490990/interrupts.o
 .debug_info    0x00036d0a      0x322 build/default/debug/_ext/1986646378/plib_evsys.o
 .debug_info    0x0003702c      0x6f7 build/default/debug/_ext/60184501/plib_wdt.o
 .debug_info    0x00037723     0x1b62 build/default/debug/_ext/1360937237/pdu_packet.o
 .debug_info    0x00039285      0x2a0 c:/program files/microchip/xc32/v4.21/bin/bin/../../lib/gcc/pic32c/8.3.1/../../../../pic32c/lib/thumb/v7e-m+fp/hard\libpic32c.a(data_init_wrapper.o)
 .debug_info    0x00039525      0x2a3 c:/program files/microchip/xc32/v4.21/bin/bin/../../lib/gcc/pic32c/8.3.1/../../../../pic32c/lib/thumb/v7e-m+fp/hard\libpic32c.a(data_init_0_1.o)
 .debug_info    0x000397c8      0x621 c:/program files/microchip/xc32/v4.21/bin/bin/../../lib/gcc/pic32c/8.3.1/../../../../pic32c/lib/thumb/v7e-m+fp/hard\libg-musl.a(__libc_start_main.o)
 .debug_info    0x00039de9      0x533 c:/program files/microchip/xc32/v4.21/bin/bin/../../lib/gcc/pic32c/8.3.1/../../../../pic32c/lib/thumb/v7e-m+fp/hard\libg-musl.a(libc.o)
 .debug_info    0x0003a31c     0x13a3 c:/program files/microchip/xc32/v4.21/bin/bin/../../lib/gcc/pic32c/8.3.1/../../../../pic32c/lib/thumb/v7e-m+fp/hard\libg-musl.a(malloc.o)
 .debug_info    0x0003b6bf      0x37a c:/program files/microchip/xc32/v4.21/bin/bin/../../lib/gcc/pic32c/8.3.1/../../../../pic32c/lib/thumb/v7e-m+fp/hard\libg-musl.a(expand_heap.o)
 .debug_info    0x0003ba39      0x6be c:/program files/microchip/xc32/v4.21/bin/bin/../../lib/gcc/pic32c/8.3.1/../../../../pic32c/lib/thumb/v7e-m+fp/hard\libg-musl.a(stdin.o)
 .debug_info    0x0003c0f7      0x481 c:/program files/microchip/xc32/v4.21/bin/bin/../../lib/gcc/pic32c/8.3.1/../../../../pic32c/lib/thumb/v7e-m+fp/hard\libg-musl.a(stdout.o)
 .debug_info    0x0003c578      0x2e1 c:/program files/microchip/xc32/v4.21/bin/bin/../../lib/gcc/pic32c/8.3.1/../../../../pic32c/lib/thumb/v7e-m+fp/hard\libg-musl.a(setbuf.o)
 .debug_info    0x0003c859      0x2e0 c:/program files/microchip/xc32/v4.21/bin/bin/../../lib/gcc/pic32c/8.3.1/../../../../pic32c/lib/thumb/v7e-m+fp/hard\libg-musl.a(memcmp.o)
 .debug_info    0x0003cb39      0x2ef c:/program files/microchip/xc32/v4.21/bin/bin/../../lib/gcc/pic32c/8.3.1/../../../../pic32c/lib/thumb/v7e-m+fp/hard\libg-musl.a(memcpy.o)
 .debug_info    0x0003ce28      0x2b3 c:/program files/microchip/xc32/v4.21/bin/bin/../../lib/gcc/pic32c/8.3.1/../../../../pic32c/lib/thumb/v7e-m+fp/hard\libg-musl.a(memset.o)
 .debug_info    0x0003d0db      0x2a4 c:/program files/microchip/xc32/v4.21/bin/bin/../../lib/gcc/pic32c/8.3.1/../../../../pic32c/lib/thumb/v7e-m+fp/hard\libg-musl.a(strlen.o)
 .debug_info    0x0003d37f      0x2c6 c:/program files/microchip/xc32/v4.21/bin/bin/../../lib/gcc/pic32c/8.3.1/../../../../pic32c/lib/thumb/v7e-m+fp/hard\libg-musl.a(strchr.o)
 .debug_info    0x0003d645      0x38e c:/program files/microchip/xc32/v4.21/bin/bin/../../lib/gcc/pic32c/8.3.1/../../../../pic32c/lib/thumb/v7e-m+fp/hard\libg-musl.a(strchrnul.o)
 .debug_info    0x0003d9d3      0x2ad c:/program files/microchip/xc32/v4.21/bin/bin/../../lib/gcc/pic32c/8.3.1/../../../../pic32c/lib/thumb/v7e-m+fp/hard\libg-musl.a(__environ.o)
 .debug_info    0x0003dc80      0x271 c:/program files/microchip/xc32/v4.21/bin/bin/../../lib/gcc/pic32c/8.3.1/../../../../pic32c/lib/thumb/v7e-m+fp/hard\libg-musl.a(__errno_location.o)
 .debug_info    0x0003def1      0x6a8 c:/program files/microchip/xc32/v4.21/bin/bin/../../lib/gcc/pic32c/8.3.1/../../../../pic32c/lib/thumb/v7e-m+fp/hard\libg-musl.a(__stdio_read.o)
 .debug_info    0x0003e599      0x5d7 c:/program files/microchip/xc32/v4.21/bin/bin/../../lib/gcc/pic32c/8.3.1/../../../../pic32c/lib/thumb/v7e-m+fp/hard\libg-musl.a(__towrite_rw.o)
 .debug_info    0x0003eb70      0x54b c:/program files/microchip/xc32/v4.21/bin/bin/../../lib/gcc/pic32c/8.3.1/../../../../pic32c/lib/thumb/v7e-m+fp/hard\libg-musl.a(setvbuf.o)
 .debug_info    0x0003f0bb      0x364 c:/program files/microchip/xc32/v4.21/bin/bin/../../lib/gcc/pic32c/8.3.1/../../../../pic32c/lib/thumb/v7e-m+fp/hard\libg-musl.a(readv.o)
 .debug_info    0x0003f41f      0x32a c:/program files/microchip/xc32/v4.21/bin/bin/../../lib/gcc/pic32c/8.3.1/../../../../pic32c/lib/thumb/v7e-m+fp/hard\libg-musl.a(__init_stdio.o)
 .debug_info    0x0003f749      0x536 c:/program files/microchip/xc32/v4.21/bin/bin/../../lib/gcc/pic32c/8.3.1/../../../../pic32c/lib/thumb/v7e-m+fp/hard\libg-musl.a(__out.o)
 .debug_info    0x0003fc7f      0x662 c:/program files/microchip/xc32/v4.21/bin/bin/../../lib/gcc/pic32c/8.3.1/../../../../pic32c/lib/thumb/v7e-m+fp/hard\libg-musl.a(__stderr.o)
 .debug_info    0x000402e1      0x6c2 c:/program files/microchip/xc32/v4.21/bin/bin/../../lib/gcc/pic32c/8.3.1/../../../../pic32c/lib/thumb/v7e-m+fp/hard\libg-musl.a(__stdio_close.o)
 .debug_info    0x000409a3      0x6f5 c:/program files/microchip/xc32/v4.21/bin/bin/../../lib/gcc/pic32c/8.3.1/../../../../pic32c/lib/thumb/v7e-m+fp/hard\libg-musl.a(__stdio_write.o)
 .debug_info    0x00041098      0x662 c:/program files/microchip/xc32/v4.21/bin/bin/../../lib/gcc/pic32c/8.3.1/../../../../pic32c/lib/thumb/v7e-m+fp/hard\libg-musl.a(__stdout.o)
 .debug_info    0x000416fa      0x4f3 c:/program files/microchip/xc32/v4.21/bin/bin/../../lib/gcc/pic32c/8.3.1/../../../../pic32c/lib/thumb/v7e-m+fp/hard\libg-musl.a(__towrite.o)
 .debug_info    0x00041bed      0x368 c:/program files/microchip/xc32/v4.21/bin/bin/../../lib/gcc/pic32c/8.3.1/../../../../pic32c/lib/thumb/v7e-m+fp/hard\libg-musl.a(writev.o)
 .debug_info    0x00041f55       0x26 c:/program files/microchip/xc32/v4.21/bin/bin/../../lib/gcc/pic32c/8.3.1/thumb/v7e-m+fp/hard\libgcc.a(_aeabi_uldivmod.o)
 .debug_info    0x00041f7b      0x7c0 c:/program files/microchip/xc32/v4.21/bin/bin/../../lib/gcc/pic32c/8.3.1/thumb/v7e-m+fp/hard\libgcc.a(_udivmoddi4.o)
 .debug_info    0x0004273b       0x26 c:/program files/microchip/xc32/v4.21/bin/bin/../../lib/gcc/pic32c/8.3.1/thumb/v7e-m+fp/hard\libgcc.a(_dvmd_tls.o)
 .debug_info    0x00042761      0x27e c:/program files/microchip/xc32/v4.21/bin/bin/../../lib/gcc/pic32c/8.3.1/../../../../pic32c/lib/thumb/v7e-m+fp/hard\libpic32c.a(close.o)
 .debug_info    0x000429df      0x27e c:/program files/microchip/xc32/v4.21/bin/bin/../../lib/gcc/pic32c/8.3.1/../../../../pic32c/lib/thumb/v7e-m+fp/hard\libpic32c.a(lseek.o)
 .debug_info    0x00042c5d      0x27d c:/program files/microchip/xc32/v4.21/bin/bin/../../lib/gcc/pic32c/8.3.1/../../../../pic32c/lib/thumb/v7e-m+fp/hard\libpic32c.a(sbrk.o)

.debug_abbrev   0x00000000     0x7577
 .debug_abbrev  0x00000000      0x245 build/default/debug/_ext/1593096446/plib_nvmctrl.o
 .debug_abbrev  0x00000245      0x1d6 build/default/debug/_ext/1865521619/plib_port.o
 .debug_abbrev  0x0000041b      0x31d build/default/debug/_ext/1269487135/sys_fs_fat_interface.o
 .debug_abbrev  0x00000738      0x1e8 build/default/debug/_ext/60180175/plib_rtc_timer.o
 .debug_abbrev  0x00000920      0x14e build/default/debug/_ext/1171490990/freertos_hooks.o
 .debug_abbrev  0x00000a6e      0x46f build/default/debug/_ext/404212886/FreeRTOS_tasks.o
 .debug_abbrev  0x00000edd      0x1f3 build/default/debug/_ext/1865468468/plib_nvic.o
 .debug_abbrev  0x000010d0      0x266 build/default/debug/_ext/1100529066/drv_sdspi_driver_interface.o
 .debug_abbrev  0x00001336      0x103 build/default/debug/_ext/411819097/ffunicode.o
 .debug_abbrev  0x00001439      0x15a build/default/debug/_ext/1171490990/tasks.o
 .debug_abbrev  0x00001593      0x58f build/default/debug/_ext/1100529066/drv_sdspi.o
 .debug_abbrev  0x00001b22      0x2dd build/default/debug/_ext/1171490990/initialization.o
 .debug_abbrev  0x00001dff      0x4e6 build/default/debug/_ext/1269487135/sys_fs_media_manager.o
 .debug_abbrev  0x000022e5      0x50a build/default/debug/_ext/101884895/sys_time.o
 .debug_abbrev  0x000027ef      0x15e build/default/debug/_ext/404212886/list.o
 .debug_abbrev  0x0000294d      0x449 build/default/debug/_ext/2070931557/drv_spi.o
 .debug_abbrev  0x00002d96      0x3f8 build/default/debug/_ext/411819097/ff.o
 .debug_abbrev  0x0000318e      0x240 build/default/debug/_ext/1881668453/sys_int.o
 .debug_abbrev  0x000033ce      0x14e build/default/debug/_ext/1665200909/heap_1.o
 .debug_abbrev  0x0000351c      0x226 build/default/debug/_ext/246609638/port.o
 .debug_abbrev  0x00003742       0x77 build/default/debug/_ext/1360937237/main.o
 .debug_abbrev  0x000037b9      0x2a1 build/default/debug/_ext/504274921/plib_sercom3_usart.o
 .debug_abbrev  0x00003a5a       0xb9 build/default/debug/_ext/163028504/xc32_monitor.o
 .debug_abbrev  0x00003b13      0x367 build/default/debug/_ext/404212886/queue.o
 .debug_abbrev  0x00003e7a      0x265 build/default/debug/_ext/1360937237/app.o
 .debug_abbrev  0x000040df       0x3e build/default/debug/_ext/1171490990/exceptions.o
 .debug_abbrev  0x0000411d      0x21b build/default/debug/_ext/714983638/plib_sercom4_i2c_slave.o
 .debug_abbrev  0x00004338      0x4c6 build/default/debug/_ext/1269487135/sys_fs.o
 .debug_abbrev  0x000047fe      0x2e3 build/default/debug/_ext/565198302/diskio.o
 .debug_abbrev  0x00004ae1      0x1ea build/default/debug/_ext/1529399856/osal_freertos.o
 .debug_abbrev  0x00004ccb      0x122 build/default/debug/_ext/1984496892/plib_clock.o
 .debug_abbrev  0x00004ded      0x15c build/default/debug/_ext/1100529066/drv_sdspi_file_system.o
 .debug_abbrev  0x00004f49      0x1db build/default/debug/_ext/1171490990/startup_xc32.o
 .debug_abbrev  0x00005124      0x29a build/default/debug/_ext/17022449/plib_sercom2_spi_master.o
 .debug_abbrev  0x000053be       0xda build/default/debug/_ext/1171490990/interrupts.o
 .debug_abbrev  0x00005498       0x3b build/default/debug/_ext/1986646378/plib_evsys.o
 .debug_abbrev  0x000054d3      0x15c build/default/debug/_ext/60184501/plib_wdt.o
 .debug_abbrev  0x0000562f      0x242 build/default/debug/_ext/1360937237/pdu_packet.o
 .debug_abbrev  0x00005871       0x2b c:/program files/microchip/xc32/v4.21/bin/bin/../../lib/gcc/pic32c/8.3.1/../../../../pic32c/lib/thumb/v7e-m+fp/hard\libpic32c.a(data_init_wrapper.o)
 .debug_abbrev  0x0000589c       0x2e c:/program files/microchip/xc32/v4.21/bin/bin/../../lib/gcc/pic32c/8.3.1/../../../../pic32c/lib/thumb/v7e-m+fp/hard\libpic32c.a(data_init_0_1.o)
 .debug_abbrev  0x000058ca      0x117 c:/program files/microchip/xc32/v4.21/bin/bin/../../lib/gcc/pic32c/8.3.1/../../../../pic32c/lib/thumb/v7e-m+fp/hard\libg-musl.a(__libc_start_main.o)
 .debug_abbrev  0x000059e1       0xb8 c:/program files/microchip/xc32/v4.21/bin/bin/../../lib/gcc/pic32c/8.3.1/../../../../pic32c/lib/thumb/v7e-m+fp/hard\libg-musl.a(libc.o)
 .debug_abbrev  0x00005a99      0x413 c:/program files/microchip/xc32/v4.21/bin/bin/../../lib/gcc/pic32c/8.3.1/../../../../pic32c/lib/thumb/v7e-m+fp/hard\libg-musl.a(malloc.o)
 .debug_abbrev  0x00005eac       0xa5 c:/program files/microchip/xc32/v4.21/bin/bin/../../lib/gcc/pic32c/8.3.1/../../../../pic32c/lib/thumb/v7e-m+fp/hard\libg-musl.a(expand_heap.o)
 .debug_abbrev  0x00005f51      0x178 c:/program files/microchip/xc32/v4.21/bin/bin/../../lib/gcc/pic32c/8.3.1/../../../../pic32c/lib/thumb/v7e-m+fp/hard\libg-musl.a(stdin.o)
 .debug_abbrev  0x000060c9      0x135 c:/program files/microchip/xc32/v4.21/bin/bin/../../lib/gcc/pic32c/8.3.1/../../../../pic32c/lib/thumb/v7e-m+fp/hard\libg-musl.a(stdout.o)
 .debug_abbrev  0x000061fe       0xa0 c:/program files/microchip/xc32/v4.21/bin/bin/../../lib/gcc/pic32c/8.3.1/../../../../pic32c/lib/thumb/v7e-m+fp/hard\libg-musl.a(setbuf.o)
 .debug_abbrev  0x0000629e       0x8b c:/program files/microchip/xc32/v4.21/bin/bin/../../lib/gcc/pic32c/8.3.1/../../../../pic32c/lib/thumb/v7e-m+fp/hard\libg-musl.a(memcmp.o)
 .debug_abbrev  0x00006329       0x9c c:/program files/microchip/xc32/v4.21/bin/bin/../../lib/gcc/pic32c/8.3.1/../../../../pic32c/lib/thumb/v7e-m+fp/hard\libg-musl.a(memcpy.o)
 .debug_abbrev  0x000063c5       0x97 c:/program files/microchip/xc32/v4.21/bin/bin/../../lib/gcc/pic32c/8.3.1/../../../../pic32c/lib/thumb/v7e-m+fp/hard\libg-musl.a(memset.o)
 .debug_abbrev  0x0000645c       0x86 c:/program files/microchip/xc32/v4.21/bin/bin/../../lib/gcc/pic32c/8.3.1/../../../../pic32c/lib/thumb/v7e-m+fp/hard\libg-musl.a(strlen.o)
 .debug_abbrev  0x000064e2       0xa2 c:/program files/microchip/xc32/v4.21/bin/bin/../../lib/gcc/pic32c/8.3.1/../../../../pic32c/lib/thumb/v7e-m+fp/hard\libg-musl.a(strchr.o)
 .debug_abbrev  0x00006584       0xa5 c:/program files/microchip/xc32/v4.21/bin/bin/../../lib/gcc/pic32c/8.3.1/../../../../pic32c/lib/thumb/v7e-m+fp/hard\libg-musl.a(strchrnul.o)
 .debug_abbrev  0x00006629       0x57 c:/program files/microchip/xc32/v4.21/bin/bin/../../lib/gcc/pic32c/8.3.1/../../../../pic32c/lib/thumb/v7e-m+fp/hard\libg-musl.a(__environ.o)
 .debug_abbrev  0x00006680       0x2e c:/program files/microchip/xc32/v4.21/bin/bin/../../lib/gcc/pic32c/8.3.1/../../../../pic32c/lib/thumb/v7e-m+fp/hard\libg-musl.a(__errno_location.o)
 .debug_abbrev  0x000066ae      0x150 c:/program files/microchip/xc32/v4.21/bin/bin/../../lib/gcc/pic32c/8.3.1/../../../../pic32c/lib/thumb/v7e-m+fp/hard\libg-musl.a(__stdio_read.o)
 .debug_abbrev  0x000067fe       0xdc c:/program files/microchip/xc32/v4.21/bin/bin/../../lib/gcc/pic32c/8.3.1/../../../../pic32c/lib/thumb/v7e-m+fp/hard\libg-musl.a(__towrite_rw.o)
 .debug_abbrev  0x000068da      0x11c c:/program files/microchip/xc32/v4.21/bin/bin/../../lib/gcc/pic32c/8.3.1/../../../../pic32c/lib/thumb/v7e-m+fp/hard\libg-musl.a(setvbuf.o)
 .debug_abbrev  0x000069f6       0xd8 c:/program files/microchip/xc32/v4.21/bin/bin/../../lib/gcc/pic32c/8.3.1/../../../../pic32c/lib/thumb/v7e-m+fp/hard\libg-musl.a(readv.o)
 .debug_abbrev  0x00006ace       0x5a c:/program files/microchip/xc32/v4.21/bin/bin/../../lib/gcc/pic32c/8.3.1/../../../../pic32c/lib/thumb/v7e-m+fp/hard\libg-musl.a(__init_stdio.o)
 .debug_abbrev  0x00006b28      0x170 c:/program files/microchip/xc32/v4.21/bin/bin/../../lib/gcc/pic32c/8.3.1/../../../../pic32c/lib/thumb/v7e-m+fp/hard\libg-musl.a(__out.o)
 .debug_abbrev  0x00006c98      0x154 c:/program files/microchip/xc32/v4.21/bin/bin/../../lib/gcc/pic32c/8.3.1/../../../../pic32c/lib/thumb/v7e-m+fp/hard\libg-musl.a(__stderr.o)
 .debug_abbrev  0x00006dec      0x122 c:/program files/microchip/xc32/v4.21/bin/bin/../../lib/gcc/pic32c/8.3.1/../../../../pic32c/lib/thumb/v7e-m+fp/hard\libg-musl.a(__stdio_close.o)
 .debug_abbrev  0x00006f0e      0x1a1 c:/program files/microchip/xc32/v4.21/bin/bin/../../lib/gcc/pic32c/8.3.1/../../../../pic32c/lib/thumb/v7e-m+fp/hard\libg-musl.a(__stdio_write.o)
 .debug_abbrev  0x000070af      0x154 c:/program files/microchip/xc32/v4.21/bin/bin/../../lib/gcc/pic32c/8.3.1/../../../../pic32c/lib/thumb/v7e-m+fp/hard\libg-musl.a(__stdout.o)
 .debug_abbrev  0x00007203       0xf8 c:/program files/microchip/xc32/v4.21/bin/bin/../../lib/gcc/pic32c/8.3.1/../../../../pic32c/lib/thumb/v7e-m+fp/hard\libg-musl.a(__towrite.o)
 .debug_abbrev  0x000072fb       0xd8 c:/program files/microchip/xc32/v4.21/bin/bin/../../lib/gcc/pic32c/8.3.1/../../../../pic32c/lib/thumb/v7e-m+fp/hard\libg-musl.a(writev.o)
 .debug_abbrev  0x000073d3       0x14 c:/program files/microchip/xc32/v4.21/bin/bin/../../lib/gcc/pic32c/8.3.1/thumb/v7e-m+fp/hard\libgcc.a(_aeabi_uldivmod.o)
 .debug_abbrev  0x000073e7       0xf2 c:/program files/microchip/xc32/v4.21/bin/bin/../../lib/gcc/pic32c/8.3.1/thumb/v7e-m+fp/hard\libgcc.a(_udivmoddi4.o)
 .debug_abbrev  0x000074d9       0x14 c:/program files/microchip/xc32/v4.21/bin/bin/../../lib/gcc/pic32c/8.3.1/thumb/v7e-m+fp/hard\libgcc.a(_dvmd_tls.o)
 .debug_abbrev  0x000074ed       0x2e c:/program files/microchip/xc32/v4.21/bin/bin/../../lib/gcc/pic32c/8.3.1/../../../../pic32c/lib/thumb/v7e-m+fp/hard\libpic32c.a(close.o)
 .debug_abbrev  0x0000751b       0x2e c:/program files/microchip/xc32/v4.21/bin/bin/../../lib/gcc/pic32c/8.3.1/../../../../pic32c/lib/thumb/v7e-m+fp/hard\libpic32c.a(lseek.o)
 .debug_abbrev  0x00007549       0x2e c:/program files/microchip/xc32/v4.21/bin/bin/../../lib/gcc/pic32c/8.3.1/../../../../pic32c/lib/thumb/v7e-m+fp/hard\libpic32c.a(sbrk.o)

.debug_loc      0x00000000    0x230b9
 .debug_loc     0x00000000      0x868 build/default/debug/_ext/1593096446/plib_nvmctrl.o
 .debug_loc     0x00000868      0x1e8 build/default/debug/_ext/1865521619/plib_port.o
 .debug_loc     0x00000a50     0x1c60 build/default/debug/_ext/1269487135/sys_fs_fat_interface.o
 .debug_loc     0x000026b0       0xb4 build/default/debug/_ext/60180175/plib_rtc_timer.o
 .debug_loc     0x00002764       0x82 build/default/debug/_ext/1171490990/freertos_hooks.o
 .debug_loc     0x000027e6     0x2565 build/default/debug/_ext/404212886/FreeRTOS_tasks.o
 .debug_loc     0x00004d4b      0x344 build/default/debug/_ext/1865468468/plib_nvic.o
 .debug_loc     0x0000508f      0x852 build/default/debug/_ext/1100529066/drv_sdspi_driver_interface.o
 .debug_loc     0x000058e1      0x575 build/default/debug/_ext/411819097/ffunicode.o
 .debug_loc     0x00005e56      0x107 build/default/debug/_ext/1171490990/tasks.o
 .debug_loc     0x00005f5d     0x227e build/default/debug/_ext/1100529066/drv_sdspi.o
 .debug_loc     0x000081db       0x45 build/default/debug/_ext/1171490990/initialization.o
 .debug_loc     0x00008220     0x1696 build/default/debug/_ext/1269487135/sys_fs_media_manager.o
 .debug_loc     0x000098b6     0x1f95 build/default/debug/_ext/101884895/sys_time.o
 .debug_loc     0x0000b84b       0xb2 build/default/debug/_ext/404212886/list.o
 .debug_loc     0x0000b8fd     0x1042 build/default/debug/_ext/2070931557/drv_spi.o
 .debug_loc     0x0000c93f     0x9fe9 build/default/debug/_ext/411819097/ff.o
 .debug_loc     0x00016928      0x182 build/default/debug/_ext/1881668453/sys_int.o
 .debug_loc     0x00016aaa       0x8f build/default/debug/_ext/1665200909/heap_1.o
 .debug_loc     0x00016b39      0x13a build/default/debug/_ext/246609638/port.o
 .debug_loc     0x00016c73       0x20 build/default/debug/_ext/1360937237/main.o
 .debug_loc     0x00016c93      0x861 build/default/debug/_ext/504274921/plib_sercom3_usart.o
 .debug_loc     0x000174f4      0x1c0 build/default/debug/_ext/163028504/xc32_monitor.o
 .debug_loc     0x000176b4     0x191e build/default/debug/_ext/404212886/queue.o
 .debug_loc     0x00018fd2      0x17f build/default/debug/_ext/1360937237/app.o
 .debug_loc     0x00019151       0xe8 build/default/debug/_ext/714983638/plib_sercom4_i2c_slave.o
 .debug_loc     0x00019239     0x4c3c build/default/debug/_ext/1269487135/sys_fs.o
 .debug_loc     0x0001de75      0x58b build/default/debug/_ext/565198302/diskio.o
 .debug_loc     0x0001e400      0x727 build/default/debug/_ext/1529399856/osal_freertos.o
 .debug_loc     0x0001eb27       0x45 build/default/debug/_ext/1100529066/drv_sdspi_file_system.o
 .debug_loc     0x0001eb6c       0x4a build/default/debug/_ext/1171490990/startup_xc32.o
 .debug_loc     0x0001ebb6      0x5fd build/default/debug/_ext/17022449/plib_sercom2_spi_master.o
 .debug_loc     0x0001f1b3       0x45 build/default/debug/_ext/60184501/plib_wdt.o
 .debug_loc     0x0001f1f8     0x1280 build/default/debug/_ext/1360937237/pdu_packet.o
 .debug_loc     0x00020478       0x14 c:/program files/microchip/xc32/v4.21/bin/bin/../../lib/gcc/pic32c/8.3.1/../../../../pic32c/lib/thumb/v7e-m+fp/hard\libpic32c.a(data_init_0_1.o)
 .debug_loc     0x0002048c       0x51 c:/program files/microchip/xc32/v4.21/bin/bin/../../lib/gcc/pic32c/8.3.1/../../../../pic32c/lib/thumb/v7e-m+fp/hard\libg-musl.a(__libc_start_main.o)
 .debug_loc     0x000204dd      0xccd c:/program files/microchip/xc32/v4.21/bin/bin/../../lib/gcc/pic32c/8.3.1/../../../../pic32c/lib/thumb/v7e-m+fp/hard\libg-musl.a(malloc.o)
 .debug_loc     0x000211aa       0x7c c:/program files/microchip/xc32/v4.21/bin/bin/../../lib/gcc/pic32c/8.3.1/../../../../pic32c/lib/thumb/v7e-m+fp/hard\libg-musl.a(expand_heap.o)
 .debug_loc     0x00021226       0x25 c:/program files/microchip/xc32/v4.21/bin/bin/../../lib/gcc/pic32c/8.3.1/../../../../pic32c/lib/thumb/v7e-m+fp/hard\libg-musl.a(stdin.o)
 .debug_loc     0x0002124b       0x20 c:/program files/microchip/xc32/v4.21/bin/bin/../../lib/gcc/pic32c/8.3.1/../../../../pic32c/lib/thumb/v7e-m+fp/hard\libg-musl.a(stdout.o)
 .debug_loc     0x0002126b       0x4a c:/program files/microchip/xc32/v4.21/bin/bin/../../lib/gcc/pic32c/8.3.1/../../../../pic32c/lib/thumb/v7e-m+fp/hard\libg-musl.a(setbuf.o)
 .debug_loc     0x000212b5      0x10c c:/program files/microchip/xc32/v4.21/bin/bin/../../lib/gcc/pic32c/8.3.1/../../../../pic32c/lib/thumb/v7e-m+fp/hard\libg-musl.a(memcmp.o)
 .debug_loc     0x000213c1       0xe5 c:/program files/microchip/xc32/v4.21/bin/bin/../../lib/gcc/pic32c/8.3.1/../../../../pic32c/lib/thumb/v7e-m+fp/hard\libg-musl.a(memcpy.o)
 .debug_loc     0x000214a6       0x56 c:/program files/microchip/xc32/v4.21/bin/bin/../../lib/gcc/pic32c/8.3.1/../../../../pic32c/lib/thumb/v7e-m+fp/hard\libg-musl.a(memset.o)
 .debug_loc     0x000214fc       0x47 c:/program files/microchip/xc32/v4.21/bin/bin/../../lib/gcc/pic32c/8.3.1/../../../../pic32c/lib/thumb/v7e-m+fp/hard\libg-musl.a(strlen.o)
 .debug_loc     0x00021543       0x8c c:/program files/microchip/xc32/v4.21/bin/bin/../../lib/gcc/pic32c/8.3.1/../../../../pic32c/lib/thumb/v7e-m+fp/hard\libg-musl.a(strchr.o)
 .debug_loc     0x000215cf      0x11a c:/program files/microchip/xc32/v4.21/bin/bin/../../lib/gcc/pic32c/8.3.1/../../../../pic32c/lib/thumb/v7e-m+fp/hard\libg-musl.a(strchrnul.o)
 .debug_loc     0x000216e9      0x103 c:/program files/microchip/xc32/v4.21/bin/bin/../../lib/gcc/pic32c/8.3.1/../../../../pic32c/lib/thumb/v7e-m+fp/hard\libg-musl.a(__stdio_read.o)
 .debug_loc     0x000217ec       0x25 c:/program files/microchip/xc32/v4.21/bin/bin/../../lib/gcc/pic32c/8.3.1/../../../../pic32c/lib/thumb/v7e-m+fp/hard\libg-musl.a(__towrite_rw.o)
 .debug_loc     0x00021811       0xd8 c:/program files/microchip/xc32/v4.21/bin/bin/../../lib/gcc/pic32c/8.3.1/../../../../pic32c/lib/thumb/v7e-m+fp/hard\libg-musl.a(setvbuf.o)
 .debug_loc     0x000218e9       0xe8 c:/program files/microchip/xc32/v4.21/bin/bin/../../lib/gcc/pic32c/8.3.1/../../../../pic32c/lib/thumb/v7e-m+fp/hard\libg-musl.a(readv.o)
 .debug_loc     0x000219d1       0x20 c:/program files/microchip/xc32/v4.21/bin/bin/../../lib/gcc/pic32c/8.3.1/../../../../pic32c/lib/thumb/v7e-m+fp/hard\libg-musl.a(__init_stdio.o)
 .debug_loc     0x000219f1      0x1a8 c:/program files/microchip/xc32/v4.21/bin/bin/../../lib/gcc/pic32c/8.3.1/../../../../pic32c/lib/thumb/v7e-m+fp/hard\libg-musl.a(__out.o)
 .debug_loc     0x00021b99       0x25 c:/program files/microchip/xc32/v4.21/bin/bin/../../lib/gcc/pic32c/8.3.1/../../../../pic32c/lib/thumb/v7e-m+fp/hard\libg-musl.a(__stderr.o)
 .debug_loc     0x00021bbe      0x208 c:/program files/microchip/xc32/v4.21/bin/bin/../../lib/gcc/pic32c/8.3.1/../../../../pic32c/lib/thumb/v7e-m+fp/hard\libg-musl.a(__stdio_close.o)
 .debug_loc     0x00021dc6      0x2f1 c:/program files/microchip/xc32/v4.21/bin/bin/../../lib/gcc/pic32c/8.3.1/../../../../pic32c/lib/thumb/v7e-m+fp/hard\libg-musl.a(__stdio_write.o)
 .debug_loc     0x000220b7       0x25 c:/program files/microchip/xc32/v4.21/bin/bin/../../lib/gcc/pic32c/8.3.1/../../../../pic32c/lib/thumb/v7e-m+fp/hard\libg-musl.a(__stdout.o)
 .debug_loc     0x000220dc       0x7c c:/program files/microchip/xc32/v4.21/bin/bin/../../lib/gcc/pic32c/8.3.1/../../../../pic32c/lib/thumb/v7e-m+fp/hard\libg-musl.a(__towrite.o)
 .debug_loc     0x00022158       0xe8 c:/program files/microchip/xc32/v4.21/bin/bin/../../lib/gcc/pic32c/8.3.1/../../../../pic32c/lib/thumb/v7e-m+fp/hard\libg-musl.a(writev.o)
 .debug_loc     0x00022240      0xe79 c:/program files/microchip/xc32/v4.21/bin/bin/../../lib/gcc/pic32c/8.3.1/thumb/v7e-m+fp/hard\libgcc.a(_udivmoddi4.o)

.debug_aranges  0x00000000     0x17f0
 .debug_aranges
                0x00000000       0xd8 build/default/debug/_ext/1593096446/plib_nvmctrl.o
 .debug_aranges
                0x000000d8       0x70 build/default/debug/_ext/1865521619/plib_port.o
 .debug_aranges
                0x00000148      0x130 build/default/debug/_ext/1269487135/sys_fs_fat_interface.o
 .debug_aranges
                0x00000278       0xb0 build/default/debug/_ext/60180175/plib_rtc_timer.o
 .debug_aranges
                0x00000328       0x40 build/default/debug/_ext/1171490990/freertos_hooks.o
 .debug_aranges
                0x00000368      0x178 build/default/debug/_ext/404212886/FreeRTOS_tasks.o
 .debug_aranges
                0x000004e0       0x38 build/default/debug/_ext/1865468468/plib_nvic.o
 .debug_aranges
                0x00000518       0x80 build/default/debug/_ext/1100529066/drv_sdspi_driver_interface.o
 .debug_aranges
                0x00000598       0x30 build/default/debug/_ext/411819097/ffunicode.o
 .debug_aranges
                0x000005c8       0x38 build/default/debug/_ext/1171490990/tasks.o
 .debug_aranges
                0x00000600       0xb8 build/default/debug/_ext/1100529066/drv_sdspi.o
 .debug_aranges
                0x000006b8       0x20 build/default/debug/_ext/1171490990/initialization.o
 .debug_aranges
                0x000006d8       0x98 build/default/debug/_ext/1269487135/sys_fs_media_manager.o
 .debug_aranges
                0x00000770      0x108 build/default/debug/_ext/101884895/sys_time.o
 .debug_aranges
                0x00000878       0x40 build/default/debug/_ext/404212886/list.o
 .debug_aranges
                0x000008b8       0x70 build/default/debug/_ext/2070931557/drv_spi.o
 .debug_aranges
                0x00000928      0x210 build/default/debug/_ext/411819097/ff.o
 .debug_aranges
                0x00000b38       0x40 build/default/debug/_ext/1881668453/sys_int.o
 .debug_aranges
                0x00000b78       0x38 build/default/debug/_ext/1665200909/heap_1.o
 .debug_aranges
                0x00000bb0       0x78 build/default/debug/_ext/246609638/port.o
 .debug_aranges
                0x00000c28       0x20 build/default/debug/_ext/1360937237/main.o
 .debug_aranges
                0x00000c48       0x98 build/default/debug/_ext/504274921/plib_sercom3_usart.o
 .debug_aranges
                0x00000ce0       0x28 build/default/debug/_ext/163028504/xc32_monitor.o
 .debug_aranges
                0x00000d08       0xc8 build/default/debug/_ext/404212886/queue.o
 .debug_aranges
                0x00000dd0       0x60 build/default/debug/_ext/1360937237/app.o
 .debug_aranges
                0x00000e30       0x48 build/default/debug/_ext/1171490990/exceptions.o
 .debug_aranges
                0x00000e78       0x68 build/default/debug/_ext/714983638/plib_sercom4_i2c_slave.o
 .debug_aranges
                0x00000ee0      0x170 build/default/debug/_ext/1269487135/sys_fs.o
 .debug_aranges
                0x00001050       0x58 build/default/debug/_ext/565198302/diskio.o
 .debug_aranges
                0x000010a8       0x90 build/default/debug/_ext/1529399856/osal_freertos.o
 .debug_aranges
                0x00001138       0x20 build/default/debug/_ext/1984496892/plib_clock.o
 .debug_aranges
                0x00001158       0x20 build/default/debug/_ext/1100529066/drv_sdspi_file_system.o
 .debug_aranges
                0x00001178       0x28 build/default/debug/_ext/1171490990/startup_xc32.o
 .debug_aranges
                0x000011a0       0x60 build/default/debug/_ext/17022449/plib_sercom2_spi_master.o
 .debug_aranges
                0x00001200       0x20 build/default/debug/_ext/1171490990/interrupts.o
 .debug_aranges
                0x00001220       0x20 build/default/debug/_ext/1986646378/plib_evsys.o
 .debug_aranges
                0x00001240       0x78 build/default/debug/_ext/60184501/plib_wdt.o
 .debug_aranges
                0x000012b8       0x30 build/default/debug/_ext/1360937237/pdu_packet.o
 .debug_aranges
                0x000012e8       0x20 c:/program files/microchip/xc32/v4.21/bin/bin/../../lib/gcc/pic32c/8.3.1/../../../../pic32c/lib/thumb/v7e-m+fp/hard\libpic32c.a(data_init_wrapper.o)
 .debug_aranges
                0x00001308       0x20 c:/program files/microchip/xc32/v4.21/bin/bin/../../lib/gcc/pic32c/8.3.1/../../../../pic32c/lib/thumb/v7e-m+fp/hard\libpic32c.a(data_init_0_1.o)
 .debug_aranges
                0x00001328       0x28 c:/program files/microchip/xc32/v4.21/bin/bin/../../lib/gcc/pic32c/8.3.1/../../../../pic32c/lib/thumb/v7e-m+fp/hard\libg-musl.a(__libc_start_main.o)
 .debug_aranges
                0x00001350       0x18 c:/program files/microchip/xc32/v4.21/bin/bin/../../lib/gcc/pic32c/8.3.1/../../../../pic32c/lib/thumb/v7e-m+fp/hard\libg-musl.a(libc.o)
 .debug_aranges
                0x00001368       0x70 c:/program files/microchip/xc32/v4.21/bin/bin/../../lib/gcc/pic32c/8.3.1/../../../../pic32c/lib/thumb/v7e-m+fp/hard\libg-musl.a(malloc.o)
 .debug_aranges
                0x000013d8       0x20 c:/program files/microchip/xc32/v4.21/bin/bin/../../lib/gcc/pic32c/8.3.1/../../../../pic32c/lib/thumb/v7e-m+fp/hard\libg-musl.a(expand_heap.o)
 .debug_aranges
                0x000013f8       0x28 c:/program files/microchip/xc32/v4.21/bin/bin/../../lib/gcc/pic32c/8.3.1/../../../../pic32c/lib/thumb/v7e-m+fp/hard\libg-musl.a(stdin.o)
 .debug_aranges
                0x00001420       0x30 c:/program files/microchip/xc32/v4.21/bin/bin/../../lib/gcc/pic32c/8.3.1/../../../../pic32c/lib/thumb/v7e-m+fp/hard\libg-musl.a(stdout.o)
 .debug_aranges
                0x00001450       0x20 c:/program files/microchip/xc32/v4.21/bin/bin/../../lib/gcc/pic32c/8.3.1/../../../../pic32c/lib/thumb/v7e-m+fp/hard\libg-musl.a(setbuf.o)
 .debug_aranges
                0x00001470       0x20 c:/program files/microchip/xc32/v4.21/bin/bin/../../lib/gcc/pic32c/8.3.1/../../../../pic32c/lib/thumb/v7e-m+fp/hard\libg-musl.a(memcmp.o)
 .debug_aranges
                0x00001490       0x20 c:/program files/microchip/xc32/v4.21/bin/bin/../../lib/gcc/pic32c/8.3.1/../../../../pic32c/lib/thumb/v7e-m+fp/hard\libg-musl.a(memcpy.o)
 .debug_aranges
                0x000014b0       0x20 c:/program files/microchip/xc32/v4.21/bin/bin/../../lib/gcc/pic32c/8.3.1/../../../../pic32c/lib/thumb/v7e-m+fp/hard\libg-musl.a(memset.o)
 .debug_aranges
                0x000014d0       0x20 c:/program files/microchip/xc32/v4.21/bin/bin/../../lib/gcc/pic32c/8.3.1/../../../../pic32c/lib/thumb/v7e-m+fp/hard\libg-musl.a(strlen.o)
 .debug_aranges
                0x000014f0       0x20 c:/program files/microchip/xc32/v4.21/bin/bin/../../lib/gcc/pic32c/8.3.1/../../../../pic32c/lib/thumb/v7e-m+fp/hard\libg-musl.a(strchr.o)
 .debug_aranges
                0x00001510       0x20 c:/program files/microchip/xc32/v4.21/bin/bin/../../lib/gcc/pic32c/8.3.1/../../../../pic32c/lib/thumb/v7e-m+fp/hard\libg-musl.a(strchrnul.o)
 .debug_aranges
                0x00001530       0x18 c:/program files/microchip/xc32/v4.21/bin/bin/../../lib/gcc/pic32c/8.3.1/../../../../pic32c/lib/thumb/v7e-m+fp/hard\libg-musl.a(__environ.o)
 .debug_aranges
                0x00001548       0x18 c:/program files/microchip/xc32/v4.21/bin/bin/../../lib/gcc/pic32c/8.3.1/../../../../pic32c/lib/thumb/v7e-m+fp/hard\libg-musl.a(__errno_location.o)
 .debug_aranges
                0x00001560       0x20 c:/program files/microchip/xc32/v4.21/bin/bin/../../lib/gcc/pic32c/8.3.1/../../../../pic32c/lib/thumb/v7e-m+fp/hard\libg-musl.a(__stdio_read.o)
 .debug_aranges
                0x00001580       0x20 c:/program files/microchip/xc32/v4.21/bin/bin/../../lib/gcc/pic32c/8.3.1/../../../../pic32c/lib/thumb/v7e-m+fp/hard\libg-musl.a(__towrite_rw.o)
 .debug_aranges
                0x000015a0       0x28 c:/program files/microchip/xc32/v4.21/bin/bin/../../lib/gcc/pic32c/8.3.1/../../../../pic32c/lib/thumb/v7e-m+fp/hard\libg-musl.a(setvbuf.o)
 .debug_aranges
                0x000015c8       0x20 c:/program files/microchip/xc32/v4.21/bin/bin/../../lib/gcc/pic32c/8.3.1/../../../../pic32c/lib/thumb/v7e-m+fp/hard\libg-musl.a(readv.o)
 .debug_aranges
                0x000015e8       0x28 c:/program files/microchip/xc32/v4.21/bin/bin/../../lib/gcc/pic32c/8.3.1/../../../../pic32c/lib/thumb/v7e-m+fp/hard\libg-musl.a(__init_stdio.o)
 .debug_aranges
                0x00001610       0x28 c:/program files/microchip/xc32/v4.21/bin/bin/../../lib/gcc/pic32c/8.3.1/../../../../pic32c/lib/thumb/v7e-m+fp/hard\libg-musl.a(__out.o)
 .debug_aranges
                0x00001638       0x30 c:/program files/microchip/xc32/v4.21/bin/bin/../../lib/gcc/pic32c/8.3.1/../../../../pic32c/lib/thumb/v7e-m+fp/hard\libg-musl.a(__stderr.o)
 .debug_aranges
                0x00001668       0x28 c:/program files/microchip/xc32/v4.21/bin/bin/../../lib/gcc/pic32c/8.3.1/../../../../pic32c/lib/thumb/v7e-m+fp/hard\libg-musl.a(__stdio_close.o)
 .debug_aranges
                0x00001690       0x28 c:/program files/microchip/xc32/v4.21/bin/bin/../../lib/gcc/pic32c/8.3.1/../../../../pic32c/lib/thumb/v7e-m+fp/hard\libg-musl.a(__stdio_write.o)
 .debug_aranges
                0x000016b8       0x30 c:/program files/microchip/xc32/v4.21/bin/bin/../../lib/gcc/pic32c/8.3.1/../../../../pic32c/lib/thumb/v7e-m+fp/hard\libg-musl.a(__stdout.o)
 .debug_aranges
                0x000016e8       0x28 c:/program files/microchip/xc32/v4.21/bin/bin/../../lib/gcc/pic32c/8.3.1/../../../../pic32c/lib/thumb/v7e-m+fp/hard\libg-musl.a(__towrite.o)
 .debug_aranges
                0x00001710       0x20 c:/program files/microchip/xc32/v4.21/bin/bin/../../lib/gcc/pic32c/8.3.1/../../../../pic32c/lib/thumb/v7e-m+fp/hard\libg-musl.a(writev.o)
 .debug_aranges
                0x00001730       0x20 c:/program files/microchip/xc32/v4.21/bin/bin/../../lib/gcc/pic32c/8.3.1/thumb/v7e-m+fp/hard\libgcc.a(_aeabi_uldivmod.o)
 .debug_aranges
                0x00001750       0x20 c:/program files/microchip/xc32/v4.21/bin/bin/../../lib/gcc/pic32c/8.3.1/thumb/v7e-m+fp/hard\libgcc.a(_udivmoddi4.o)
 .debug_aranges
                0x00001770       0x20 c:/program files/microchip/xc32/v4.21/bin/bin/../../lib/gcc/pic32c/8.3.1/thumb/v7e-m+fp/hard\libgcc.a(_dvmd_tls.o)
 .debug_aranges
                0x00001790       0x20 c:/program files/microchip/xc32/v4.21/bin/bin/../../lib/gcc/pic32c/8.3.1/../../../../pic32c/lib/thumb/v7e-m+fp/hard\libpic32c.a(close.o)
 .debug_aranges
                0x000017b0       0x20 c:/program files/microchip/xc32/v4.21/bin/bin/../../lib/gcc/pic32c/8.3.1/../../../../pic32c/lib/thumb/v7e-m+fp/hard\libpic32c.a(lseek.o)
 .debug_aranges
                0x000017d0       0x20 c:/program files/microchip/xc32/v4.21/bin/bin/../../lib/gcc/pic32c/8.3.1/../../../../pic32c/lib/thumb/v7e-m+fp/hard\libpic32c.a(sbrk.o)

.debug_ranges   0x00000000     0x1be0
 .debug_ranges  0x00000000       0xc8 build/default/debug/_ext/1593096446/plib_nvmctrl.o
 .debug_ranges  0x000000c8       0x60 build/default/debug/_ext/1865521619/plib_port.o
 .debug_ranges  0x00000128      0x120 build/default/debug/_ext/1269487135/sys_fs_fat_interface.o
 .debug_ranges  0x00000248       0xa0 build/default/debug/_ext/60180175/plib_rtc_timer.o
 .debug_ranges  0x000002e8       0x30 build/default/debug/_ext/1171490990/freertos_hooks.o
 .debug_ranges  0x00000318      0x2c0 build/default/debug/_ext/404212886/FreeRTOS_tasks.o
 .debug_ranges  0x000005d8       0x28 build/default/debug/_ext/1865468468/plib_nvic.o
 .debug_ranges  0x00000600       0x70 build/default/debug/_ext/1100529066/drv_sdspi_driver_interface.o
 .debug_ranges  0x00000670       0x20 build/default/debug/_ext/411819097/ffunicode.o
 .debug_ranges  0x00000690       0x28 build/default/debug/_ext/1171490990/tasks.o
 .debug_ranges  0x000006b8      0x228 build/default/debug/_ext/1100529066/drv_sdspi.o
 .debug_ranges  0x000008e0       0x10 build/default/debug/_ext/1171490990/initialization.o
 .debug_ranges  0x000008f0      0x110 build/default/debug/_ext/1269487135/sys_fs_media_manager.o
 .debug_ranges  0x00000a00      0x128 build/default/debug/_ext/101884895/sys_time.o
 .debug_ranges  0x00000b28       0x30 build/default/debug/_ext/404212886/list.o
 .debug_ranges  0x00000b58       0x78 build/default/debug/_ext/2070931557/drv_spi.o
 .debug_ranges  0x00000bd0      0x3d0 build/default/debug/_ext/411819097/ff.o
 .debug_ranges  0x00000fa0       0x30 build/default/debug/_ext/1881668453/sys_int.o
 .debug_ranges  0x00000fd0       0x28 build/default/debug/_ext/1665200909/heap_1.o
 .debug_ranges  0x00000ff8       0x68 build/default/debug/_ext/246609638/port.o
 .debug_ranges  0x00001060       0x10 build/default/debug/_ext/1360937237/main.o
 .debug_ranges  0x00001070       0x88 build/default/debug/_ext/504274921/plib_sercom3_usart.o
 .debug_ranges  0x000010f8       0x18 build/default/debug/_ext/163028504/xc32_monitor.o
 .debug_ranges  0x00001110      0x178 build/default/debug/_ext/404212886/queue.o
 .debug_ranges  0x00001288       0x50 build/default/debug/_ext/1360937237/app.o
 .debug_ranges  0x000012d8       0x38 build/default/debug/_ext/1171490990/exceptions.o
 .debug_ranges  0x00001310       0x70 build/default/debug/_ext/714983638/plib_sercom4_i2c_slave.o
 .debug_ranges  0x00001380      0x178 build/default/debug/_ext/1269487135/sys_fs.o
 .debug_ranges  0x000014f8       0x60 build/default/debug/_ext/565198302/diskio.o
 .debug_ranges  0x00001558       0x80 build/default/debug/_ext/1529399856/osal_freertos.o
 .debug_ranges  0x000015d8       0x10 build/default/debug/_ext/1984496892/plib_clock.o
 .debug_ranges  0x000015e8       0x10 build/default/debug/_ext/1100529066/drv_sdspi_file_system.o
 .debug_ranges  0x000015f8       0x18 build/default/debug/_ext/1171490990/startup_xc32.o
 .debug_ranges  0x00001610       0x50 build/default/debug/_ext/17022449/plib_sercom2_spi_master.o
 .debug_ranges  0x00001660       0x10 build/default/debug/_ext/1171490990/interrupts.o
 .debug_ranges  0x00001670       0x10 build/default/debug/_ext/1986646378/plib_evsys.o
 .debug_ranges  0x00001680       0x68 build/default/debug/_ext/60184501/plib_wdt.o
 .debug_ranges  0x000016e8       0x38 build/default/debug/_ext/1360937237/pdu_packet.o
 .debug_ranges  0x00001720       0x10 c:/program files/microchip/xc32/v4.21/bin/bin/../../lib/gcc/pic32c/8.3.1/../../../../pic32c/lib/thumb/v7e-m+fp/hard\libpic32c.a(data_init_wrapper.o)
 .debug_ranges  0x00001730       0x10 c:/program files/microchip/xc32/v4.21/bin/bin/../../lib/gcc/pic32c/8.3.1/../../../../pic32c/lib/thumb/v7e-m+fp/hard\libpic32c.a(data_init_0_1.o)
 .debug_ranges  0x00001740       0x40 c:/program files/microchip/xc32/v4.21/bin/bin/../../lib/gcc/pic32c/8.3.1/../../../../pic32c/lib/thumb/v7e-m+fp/hard\libg-musl.a(__libc_start_main.o)
 .debug_ranges  0x00001780      0x1a0 c:/program files/microchip/xc32/v4.21/bin/bin/../../lib/gcc/pic32c/8.3.1/../../../../pic32c/lib/thumb/v7e-m+fp/hard\libg-musl.a(malloc.o)
 .debug_ranges  0x00001920       0x10 c:/program files/microchip/xc32/v4.21/bin/bin/../../lib/gcc/pic32c/8.3.1/../../../../pic32c/lib/thumb/v7e-m+fp/hard\libg-musl.a(expand_heap.o)
 .debug_ranges  0x00001930       0x18 c:/program files/microchip/xc32/v4.21/bin/bin/../../lib/gcc/pic32c/8.3.1/../../../../pic32c/lib/thumb/v7e-m+fp/hard\libg-musl.a(stdin.o)
 .debug_ranges  0x00001948       0x20 c:/program files/microchip/xc32/v4.21/bin/bin/../../lib/gcc/pic32c/8.3.1/../../../../pic32c/lib/thumb/v7e-m+fp/hard\libg-musl.a(stdout.o)
 .debug_ranges  0x00001968       0x10 c:/program files/microchip/xc32/v4.21/bin/bin/../../lib/gcc/pic32c/8.3.1/../../../../pic32c/lib/thumb/v7e-m+fp/hard\libg-musl.a(setbuf.o)
 .debug_ranges  0x00001978       0x10 c:/program files/microchip/xc32/v4.21/bin/bin/../../lib/gcc/pic32c/8.3.1/../../../../pic32c/lib/thumb/v7e-m+fp/hard\libg-musl.a(memcmp.o)
 .debug_ranges  0x00001988       0x10 c:/program files/microchip/xc32/v4.21/bin/bin/../../lib/gcc/pic32c/8.3.1/../../../../pic32c/lib/thumb/v7e-m+fp/hard\libg-musl.a(memcpy.o)
 .debug_ranges  0x00001998       0x10 c:/program files/microchip/xc32/v4.21/bin/bin/../../lib/gcc/pic32c/8.3.1/../../../../pic32c/lib/thumb/v7e-m+fp/hard\libg-musl.a(memset.o)
 .debug_ranges  0x000019a8       0x10 c:/program files/microchip/xc32/v4.21/bin/bin/../../lib/gcc/pic32c/8.3.1/../../../../pic32c/lib/thumb/v7e-m+fp/hard\libg-musl.a(strlen.o)
 .debug_ranges  0x000019b8       0x10 c:/program files/microchip/xc32/v4.21/bin/bin/../../lib/gcc/pic32c/8.3.1/../../../../pic32c/lib/thumb/v7e-m+fp/hard\libg-musl.a(strchr.o)
 .debug_ranges  0x000019c8       0x10 c:/program files/microchip/xc32/v4.21/bin/bin/../../lib/gcc/pic32c/8.3.1/../../../../pic32c/lib/thumb/v7e-m+fp/hard\libg-musl.a(strchrnul.o)
 .debug_ranges  0x000019d8       0x10 c:/program files/microchip/xc32/v4.21/bin/bin/../../lib/gcc/pic32c/8.3.1/../../../../pic32c/lib/thumb/v7e-m+fp/hard\libg-musl.a(__stdio_read.o)
 .debug_ranges  0x000019e8       0x10 c:/program files/microchip/xc32/v4.21/bin/bin/../../lib/gcc/pic32c/8.3.1/../../../../pic32c/lib/thumb/v7e-m+fp/hard\libg-musl.a(__towrite_rw.o)
 .debug_ranges  0x000019f8       0x18 c:/program files/microchip/xc32/v4.21/bin/bin/../../lib/gcc/pic32c/8.3.1/../../../../pic32c/lib/thumb/v7e-m+fp/hard\libg-musl.a(setvbuf.o)
 .debug_ranges  0x00001a10       0x10 c:/program files/microchip/xc32/v4.21/bin/bin/../../lib/gcc/pic32c/8.3.1/../../../../pic32c/lib/thumb/v7e-m+fp/hard\libg-musl.a(readv.o)
 .debug_ranges  0x00001a20       0x18 c:/program files/microchip/xc32/v4.21/bin/bin/../../lib/gcc/pic32c/8.3.1/../../../../pic32c/lib/thumb/v7e-m+fp/hard\libg-musl.a(__init_stdio.o)
 .debug_ranges  0x00001a38       0x18 c:/program files/microchip/xc32/v4.21/bin/bin/../../lib/gcc/pic32c/8.3.1/../../../../pic32c/lib/thumb/v7e-m+fp/hard\libg-musl.a(__out.o)
 .debug_ranges  0x00001a50       0x20 c:/program files/microchip/xc32/v4.21/bin/bin/../../lib/gcc/pic32c/8.3.1/../../../../pic32c/lib/thumb/v7e-m+fp/hard\libg-musl.a(__stderr.o)
 .debug_ranges  0x00001a70       0x18 c:/program files/microchip/xc32/v4.21/bin/bin/../../lib/gcc/pic32c/8.3.1/../../../../pic32c/lib/thumb/v7e-m+fp/hard\libg-musl.a(__stdio_close.o)
 .debug_ranges  0x00001a88       0x30 c:/program files/microchip/xc32/v4.21/bin/bin/../../lib/gcc/pic32c/8.3.1/../../../../pic32c/lib/thumb/v7e-m+fp/hard\libg-musl.a(__stdio_write.o)
 .debug_ranges  0x00001ab8       0x20 c:/program files/microchip/xc32/v4.21/bin/bin/../../lib/gcc/pic32c/8.3.1/../../../../pic32c/lib/thumb/v7e-m+fp/hard\libg-musl.a(__stdout.o)
 .debug_ranges  0x00001ad8       0x18 c:/program files/microchip/xc32/v4.21/bin/bin/../../lib/gcc/pic32c/8.3.1/../../../../pic32c/lib/thumb/v7e-m+fp/hard\libg-musl.a(__towrite.o)
 .debug_ranges  0x00001af0       0x10 c:/program files/microchip/xc32/v4.21/bin/bin/../../lib/gcc/pic32c/8.3.1/../../../../pic32c/lib/thumb/v7e-m+fp/hard\libg-musl.a(writev.o)
 .debug_ranges  0x00001b00       0xb0 c:/program files/microchip/xc32/v4.21/bin/bin/../../lib/gcc/pic32c/8.3.1/thumb/v7e-m+fp/hard\libgcc.a(_udivmoddi4.o)
 .debug_ranges  0x00001bb0       0x10 c:/program files/microchip/xc32/v4.21/bin/bin/../../lib/gcc/pic32c/8.3.1/../../../../pic32c/lib/thumb/v7e-m+fp/hard\libpic32c.a(close.o)
 .debug_ranges  0x00001bc0       0x10 c:/program files/microchip/xc32/v4.21/bin/bin/../../lib/gcc/pic32c/8.3.1/../../../../pic32c/lib/thumb/v7e-m+fp/hard\libpic32c.a(lseek.o)
 .debug_ranges  0x00001bd0       0x10 c:/program files/microchip/xc32/v4.21/bin/bin/../../lib/gcc/pic32c/8.3.1/../../../../pic32c/lib/thumb/v7e-m+fp/hard\libpic32c.a(sbrk.o)

.debug_line     0x00000000    0x17f62
 .debug_line    0x00000000      0x5c2 build/default/debug/_ext/1593096446/plib_nvmctrl.o
 .debug_line    0x000005c2      0x459 build/default/debug/_ext/1865521619/plib_port.o
 .debug_line    0x00000a1b      0x969 build/default/debug/_ext/1269487135/sys_fs_fat_interface.o
 .debug_line    0x00001384      0x41d build/default/debug/_ext/60180175/plib_rtc_timer.o
 .debug_line    0x000017a1      0x1df build/default/debug/_ext/1171490990/freertos_hooks.o
 .debug_line    0x00001980     0x18c7 build/default/debug/_ext/404212886/FreeRTOS_tasks.o
 .debug_line    0x00003247      0x508 build/default/debug/_ext/1865468468/plib_nvic.o
 .debug_line    0x0000374f      0x4f3 build/default/debug/_ext/1100529066/drv_sdspi_driver_interface.o
 .debug_line    0x00003c42      0x2bc build/default/debug/_ext/411819097/ffunicode.o
 .debug_line    0x00003efe      0x264 build/default/debug/_ext/1171490990/tasks.o
 .debug_line    0x00004162     0x1440 build/default/debug/_ext/1100529066/drv_sdspi.o
 .debug_line    0x000055a2      0x692 build/default/debug/_ext/1171490990/initialization.o
 .debug_line    0x00005c34      0xdc6 build/default/debug/_ext/1269487135/sys_fs_media_manager.o
 .debug_line    0x000069fa      0xe76 build/default/debug/_ext/101884895/sys_time.o
 .debug_line    0x00007870      0x2e4 build/default/debug/_ext/404212886/list.o
 .debug_line    0x00007b54      0x997 build/default/debug/_ext/2070931557/drv_spi.o
 .debug_line    0x000084eb     0x4d41 build/default/debug/_ext/411819097/ff.o
 .debug_line    0x0000d22c      0x2bf build/default/debug/_ext/1881668453/sys_int.o
 .debug_line    0x0000d4eb      0x21e build/default/debug/_ext/1665200909/heap_1.o
 .debug_line    0x0000d709      0x366 build/default/debug/_ext/246609638/port.o
 .debug_line    0x0000da6f       0x6d build/default/debug/_ext/1360937237/main.o
 .debug_line    0x0000dadc      0x5e0 build/default/debug/_ext/504274921/plib_sercom3_usart.o
 .debug_line    0x0000e0bc      0x151 build/default/debug/_ext/163028504/xc32_monitor.o
 .debug_line    0x0000e20d      0xef9 build/default/debug/_ext/404212886/queue.o
 .debug_line    0x0000f106      0x5c0 build/default/debug/_ext/1360937237/app.o
 .debug_line    0x0000f6c6       0xcc build/default/debug/_ext/1171490990/exceptions.o
 .debug_line    0x0000f792      0x3bd build/default/debug/_ext/714983638/plib_sercom4_i2c_slave.o
 .debug_line    0x0000fb4f     0x26a5 build/default/debug/_ext/1269487135/sys_fs.o
 .debug_line    0x000121f4      0x385 build/default/debug/_ext/565198302/diskio.o
 .debug_line    0x00012579      0x418 build/default/debug/_ext/1529399856/osal_freertos.o
 .debug_line    0x00012991      0x295 build/default/debug/_ext/1984496892/plib_clock.o
 .debug_line    0x00012c26      0x174 build/default/debug/_ext/1100529066/drv_sdspi_file_system.o
 .debug_line    0x00012d9a      0x248 build/default/debug/_ext/1171490990/startup_xc32.o
 .debug_line    0x00012fe2      0x6d0 build/default/debug/_ext/17022449/plib_sercom2_spi_master.o
 .debug_line    0x000136b2       0xea build/default/debug/_ext/1171490990/interrupts.o
 .debug_line    0x0001379c       0x66 build/default/debug/_ext/1986646378/plib_evsys.o
 .debug_line    0x00013802      0x32d build/default/debug/_ext/60184501/plib_wdt.o
 .debug_line    0x00013b2f      0x9c9 build/default/debug/_ext/1360937237/pdu_packet.o
 .debug_line    0x000144f8       0xa9 c:/program files/microchip/xc32/v4.21/bin/bin/../../lib/gcc/pic32c/8.3.1/../../../../pic32c/lib/thumb/v7e-m+fp/hard\libpic32c.a(data_init_wrapper.o)
 .debug_line    0x000145a1       0xf2 c:/program files/microchip/xc32/v4.21/bin/bin/../../lib/gcc/pic32c/8.3.1/../../../../pic32c/lib/thumb/v7e-m+fp/hard\libpic32c.a(data_init_0_1.o)
 .debug_line    0x00014693      0x1d5 c:/program files/microchip/xc32/v4.21/bin/bin/../../lib/gcc/pic32c/8.3.1/../../../../pic32c/lib/thumb/v7e-m+fp/hard\libg-musl.a(__libc_start_main.o)
 .debug_line    0x00014868       0xbc c:/program files/microchip/xc32/v4.21/bin/bin/../../lib/gcc/pic32c/8.3.1/../../../../pic32c/lib/thumb/v7e-m+fp/hard\libg-musl.a(libc.o)
 .debug_line    0x00014924      0xac5 c:/program files/microchip/xc32/v4.21/bin/bin/../../lib/gcc/pic32c/8.3.1/../../../../pic32c/lib/thumb/v7e-m+fp/hard\libg-musl.a(malloc.o)
 .debug_line    0x000153e9       0xf6 c:/program files/microchip/xc32/v4.21/bin/bin/../../lib/gcc/pic32c/8.3.1/../../../../pic32c/lib/thumb/v7e-m+fp/hard\libg-musl.a(expand_heap.o)
 .debug_line    0x000154df      0x1da c:/program files/microchip/xc32/v4.21/bin/bin/../../lib/gcc/pic32c/8.3.1/../../../../pic32c/lib/thumb/v7e-m+fp/hard\libg-musl.a(stdin.o)
 .debug_line    0x000156b9      0x18f c:/program files/microchip/xc32/v4.21/bin/bin/../../lib/gcc/pic32c/8.3.1/../../../../pic32c/lib/thumb/v7e-m+fp/hard\libg-musl.a(stdout.o)
 .debug_line    0x00015848      0x139 c:/program files/microchip/xc32/v4.21/bin/bin/../../lib/gcc/pic32c/8.3.1/../../../../pic32c/lib/thumb/v7e-m+fp/hard\libg-musl.a(setbuf.o)
 .debug_line    0x00015981       0xe6 c:/program files/microchip/xc32/v4.21/bin/bin/../../lib/gcc/pic32c/8.3.1/../../../../pic32c/lib/thumb/v7e-m+fp/hard\libg-musl.a(memcmp.o)
 .debug_line    0x00015a67       0xf2 c:/program files/microchip/xc32/v4.21/bin/bin/../../lib/gcc/pic32c/8.3.1/../../../../pic32c/lib/thumb/v7e-m+fp/hard\libg-musl.a(memcpy.o)
 .debug_line    0x00015b59       0xe9 c:/program files/microchip/xc32/v4.21/bin/bin/../../lib/gcc/pic32c/8.3.1/../../../../pic32c/lib/thumb/v7e-m+fp/hard\libg-musl.a(memset.o)
 .debug_line    0x00015c42       0xe5 c:/program files/microchip/xc32/v4.21/bin/bin/../../lib/gcc/pic32c/8.3.1/../../../../pic32c/lib/thumb/v7e-m+fp/hard\libg-musl.a(strlen.o)
 .debug_line    0x00015d27       0xb9 c:/program files/microchip/xc32/v4.21/bin/bin/../../lib/gcc/pic32c/8.3.1/../../../../pic32c/lib/thumb/v7e-m+fp/hard\libg-musl.a(strchr.o)
 .debug_line    0x00015de0      0x194 c:/program files/microchip/xc32/v4.21/bin/bin/../../lib/gcc/pic32c/8.3.1/../../../../pic32c/lib/thumb/v7e-m+fp/hard\libg-musl.a(strchrnul.o)
 .debug_line    0x00015f74      0x109 c:/program files/microchip/xc32/v4.21/bin/bin/../../lib/gcc/pic32c/8.3.1/../../../../pic32c/lib/thumb/v7e-m+fp/hard\libg-musl.a(__environ.o)
 .debug_line    0x0001607d       0xa1 c:/program files/microchip/xc32/v4.21/bin/bin/../../lib/gcc/pic32c/8.3.1/../../../../pic32c/lib/thumb/v7e-m+fp/hard\libg-musl.a(__errno_location.o)
 .debug_line    0x0001611e      0x24a c:/program files/microchip/xc32/v4.21/bin/bin/../../lib/gcc/pic32c/8.3.1/../../../../pic32c/lib/thumb/v7e-m+fp/hard\libg-musl.a(__stdio_read.o)
 .debug_line    0x00016368      0x1f4 c:/program files/microchip/xc32/v4.21/bin/bin/../../lib/gcc/pic32c/8.3.1/../../../../pic32c/lib/thumb/v7e-m+fp/hard\libg-musl.a(__towrite_rw.o)
 .debug_line    0x0001655c      0x22a c:/program files/microchip/xc32/v4.21/bin/bin/../../lib/gcc/pic32c/8.3.1/../../../../pic32c/lib/thumb/v7e-m+fp/hard\libg-musl.a(setvbuf.o)
 .debug_line    0x00016786      0x165 c:/program files/microchip/xc32/v4.21/bin/bin/../../lib/gcc/pic32c/8.3.1/../../../../pic32c/lib/thumb/v7e-m+fp/hard\libg-musl.a(readv.o)
 .debug_line    0x000168eb       0xcf c:/program files/microchip/xc32/v4.21/bin/bin/../../lib/gcc/pic32c/8.3.1/../../../../pic32c/lib/thumb/v7e-m+fp/hard\libg-musl.a(__init_stdio.o)
 .debug_line    0x000169ba      0x234 c:/program files/microchip/xc32/v4.21/bin/bin/../../lib/gcc/pic32c/8.3.1/../../../../pic32c/lib/thumb/v7e-m+fp/hard\libg-musl.a(__out.o)
 .debug_line    0x00016bee      0x1e5 c:/program files/microchip/xc32/v4.21/bin/bin/../../lib/gcc/pic32c/8.3.1/../../../../pic32c/lib/thumb/v7e-m+fp/hard\libg-musl.a(__stderr.o)
 .debug_line    0x00016dd3      0x2f8 c:/program files/microchip/xc32/v4.21/bin/bin/../../lib/gcc/pic32c/8.3.1/../../../../pic32c/lib/thumb/v7e-m+fp/hard\libg-musl.a(__stdio_close.o)
 .debug_line    0x000170cb      0x333 c:/program files/microchip/xc32/v4.21/bin/bin/../../lib/gcc/pic32c/8.3.1/../../../../pic32c/lib/thumb/v7e-m+fp/hard\libg-musl.a(__stdio_write.o)
 .debug_line    0x000173fe      0x1e5 c:/program files/microchip/xc32/v4.21/bin/bin/../../lib/gcc/pic32c/8.3.1/../../../../pic32c/lib/thumb/v7e-m+fp/hard\libg-musl.a(__stdout.o)
 .debug_line    0x000175e3      0x18b c:/program files/microchip/xc32/v4.21/bin/bin/../../lib/gcc/pic32c/8.3.1/../../../../pic32c/lib/thumb/v7e-m+fp/hard\libg-musl.a(__towrite.o)
 .debug_line    0x0001776e      0x166 c:/program files/microchip/xc32/v4.21/bin/bin/../../lib/gcc/pic32c/8.3.1/../../../../pic32c/lib/thumb/v7e-m+fp/hard\libg-musl.a(writev.o)
 .debug_line    0x000178d4       0x98 c:/program files/microchip/xc32/v4.21/bin/bin/../../lib/gcc/pic32c/8.3.1/thumb/v7e-m+fp/hard\libgcc.a(_aeabi_uldivmod.o)
 .debug_line    0x0001796c      0x367 c:/program files/microchip/xc32/v4.21/bin/bin/../../lib/gcc/pic32c/8.3.1/thumb/v7e-m+fp/hard\libgcc.a(_udivmoddi4.o)
 .debug_line    0x00017cd3       0x98 c:/program files/microchip/xc32/v4.21/bin/bin/../../lib/gcc/pic32c/8.3.1/thumb/v7e-m+fp/hard\libgcc.a(_dvmd_tls.o)
 .debug_line    0x00017d6b       0x9d c:/program files/microchip/xc32/v4.21/bin/bin/../../lib/gcc/pic32c/8.3.1/../../../../pic32c/lib/thumb/v7e-m+fp/hard\libpic32c.a(close.o)
 .debug_line    0x00017e08       0x9d c:/program files/microchip/xc32/v4.21/bin/bin/../../lib/gcc/pic32c/8.3.1/../../../../pic32c/lib/thumb/v7e-m+fp/hard\libpic32c.a(lseek.o)
 .debug_line    0x00017ea5       0xbd c:/program files/microchip/xc32/v4.21/bin/bin/../../lib/gcc/pic32c/8.3.1/../../../../pic32c/lib/thumb/v7e-m+fp/hard\libpic32c.a(sbrk.o)

.debug_str      0x00000000     0x1bd9
 .debug_str     0x00000000       0x20 build/default/debug/_ext/1593096446/plib_nvmctrl.o
 .debug_str     0x00000020        0xb build/default/debug/_ext/1865521619/plib_port.o
 .debug_str     0x0000002b       0x96 build/default/debug/_ext/1269487135/sys_fs_fat_interface.o
 .debug_str     0x000000c1      0x115 build/default/debug/_ext/60180175/plib_rtc_timer.o
 .debug_str     0x000001d6       0x25 build/default/debug/_ext/1171490990/freertos_hooks.o
 .debug_str     0x000001fb      0x2a9 build/default/debug/_ext/404212886/FreeRTOS_tasks.o
 .debug_str     0x000004a4        0xa build/default/debug/_ext/1865468468/plib_nvic.o
 .debug_str     0x000004ae       0xd0 build/default/debug/_ext/1100529066/drv_sdspi_driver_interface.o
 .debug_str     0x0000057e        0x0 build/default/debug/_ext/411819097/ffunicode.o
 .debug_str     0x0000057e       0x5f build/default/debug/_ext/1171490990/tasks.o
 .debug_str     0x000005dd      0x2b0 build/default/debug/_ext/1100529066/drv_sdspi.o
 .debug_str     0x0000088d      0x15f build/default/debug/_ext/1171490990/initialization.o
 .debug_str     0x000009ec       0xd2 build/default/debug/_ext/1269487135/sys_fs_media_manager.o
 .debug_str     0x00000abe      0x104 build/default/debug/_ext/101884895/sys_time.o
 .debug_str     0x00000bc2       0x2b build/default/debug/_ext/404212886/list.o
 .debug_str     0x00000bed      0x10d build/default/debug/_ext/2070931557/drv_spi.o
 .debug_str     0x00000cfa       0x80 build/default/debug/_ext/411819097/ff.o
 .debug_str     0x00000d7a       0x32 build/default/debug/_ext/1881668453/sys_int.o
 .debug_str     0x00000dac       0x3c build/default/debug/_ext/1665200909/heap_1.o
 .debug_str     0x00000de8       0x26 build/default/debug/_ext/246609638/port.o
 .debug_str     0x00000e0e       0x19 build/default/debug/_ext/1360937237/main.o
 .debug_str     0x00000e27      0x135 build/default/debug/_ext/504274921/plib_sercom3_usart.o
 .debug_str     0x00000f5c       0x27 build/default/debug/_ext/163028504/xc32_monitor.o
 .debug_str     0x00000f83      0x2a6 build/default/debug/_ext/404212886/queue.o
 .debug_str     0x00001229       0xd2 build/default/debug/_ext/1360937237/app.o
 .debug_str     0x000012fb        0x0 build/default/debug/_ext/1171490990/exceptions.o
 .debug_str     0x000012fb      0x120 build/default/debug/_ext/714983638/plib_sercom4_i2c_slave.o
 .debug_str     0x0000141b      0x153 build/default/debug/_ext/1269487135/sys_fs.o
 .debug_str     0x0000156e       0xed build/default/debug/_ext/565198302/diskio.o
 .debug_str     0x0000165b      0x13b build/default/debug/_ext/1529399856/osal_freertos.o
 .debug_str     0x00001796       0x1e build/default/debug/_ext/1984496892/plib_clock.o
 .debug_str     0x000017b4       0x1e build/default/debug/_ext/1100529066/drv_sdspi_file_system.o
 .debug_str     0x000017d2       0x2f build/default/debug/_ext/1171490990/startup_xc32.o
 .debug_str     0x00001801      0x149 build/default/debug/_ext/17022449/plib_sercom2_spi_master.o
 .debug_str     0x0000194a        0x0 build/default/debug/_ext/1171490990/interrupts.o
 .debug_str     0x0000194a        0x0 build/default/debug/_ext/1986646378/plib_evsys.o
 .debug_str     0x0000194a        0x9 build/default/debug/_ext/60184501/plib_wdt.o
 .debug_str     0x00001953       0x35 build/default/debug/_ext/1360937237/pdu_packet.o
 .debug_str     0x00001988        0x0 c:/program files/microchip/xc32/v4.21/bin/bin/../../lib/gcc/pic32c/8.3.1/../../../../pic32c/lib/thumb/v7e-m+fp/hard\libpic32c.a(data_init_wrapper.o)
 .debug_str     0x00001988        0x0 c:/program files/microchip/xc32/v4.21/bin/bin/../../lib/gcc/pic32c/8.3.1/../../../../pic32c/lib/thumb/v7e-m+fp/hard\libpic32c.a(data_init_0_1.o)
 .debug_str     0x00001988        0x0 c:/program files/microchip/xc32/v4.21/bin/bin/../../lib/gcc/pic32c/8.3.1/../../../../pic32c/lib/thumb/v7e-m+fp/hard\libg-musl.a(__libc_start_main.o)
 .debug_str     0x00001988        0x0 c:/program files/microchip/xc32/v4.21/bin/bin/../../lib/gcc/pic32c/8.3.1/../../../../pic32c/lib/thumb/v7e-m+fp/hard\libg-musl.a(libc.o)
 .debug_str     0x00001988       0x13 c:/program files/microchip/xc32/v4.21/bin/bin/../../lib/gcc/pic32c/8.3.1/../../../../pic32c/lib/thumb/v7e-m+fp/hard\libg-musl.a(malloc.o)
 .debug_str     0x0000199b        0x0 c:/program files/microchip/xc32/v4.21/bin/bin/../../lib/gcc/pic32c/8.3.1/../../../../pic32c/lib/thumb/v7e-m+fp/hard\libg-musl.a(expand_heap.o)
 .debug_str     0x0000199b        0xf c:/program files/microchip/xc32/v4.21/bin/bin/../../lib/gcc/pic32c/8.3.1/../../../../pic32c/lib/thumb/v7e-m+fp/hard\libg-musl.a(stdin.o)
 .debug_str     0x000019aa       0x11 c:/program files/microchip/xc32/v4.21/bin/bin/../../lib/gcc/pic32c/8.3.1/../../../../pic32c/lib/thumb/v7e-m+fp/hard\libg-musl.a(stdout.o)
 .debug_str     0x000019bb        0x0 c:/program files/microchip/xc32/v4.21/bin/bin/../../lib/gcc/pic32c/8.3.1/../../../../pic32c/lib/thumb/v7e-m+fp/hard\libg-musl.a(setbuf.o)
 .debug_str     0x000019bb        0x0 c:/program files/microchip/xc32/v4.21/bin/bin/../../lib/gcc/pic32c/8.3.1/../../../../pic32c/lib/thumb/v7e-m+fp/hard\libg-musl.a(memcmp.o)
 .debug_str     0x000019bb        0x0 c:/program files/microchip/xc32/v4.21/bin/bin/../../lib/gcc/pic32c/8.3.1/../../../../pic32c/lib/thumb/v7e-m+fp/hard\libg-musl.a(memcpy.o)
 .debug_str     0x000019bb        0x0 c:/program files/microchip/xc32/v4.21/bin/bin/../../lib/gcc/pic32c/8.3.1/../../../../pic32c/lib/thumb/v7e-m+fp/hard\libg-musl.a(memset.o)
 .debug_str     0x000019bb        0x0 c:/program files/microchip/xc32/v4.21/bin/bin/../../lib/gcc/pic32c/8.3.1/../../../../pic32c/lib/thumb/v7e-m+fp/hard\libg-musl.a(strlen.o)
 .debug_str     0x000019bb        0xc c:/program files/microchip/xc32/v4.21/bin/bin/../../lib/gcc/pic32c/8.3.1/../../../../pic32c/lib/thumb/v7e-m+fp/hard\libg-musl.a(strchr.o)
 .debug_str     0x000019c7        0x0 c:/program files/microchip/xc32/v4.21/bin/bin/../../lib/gcc/pic32c/8.3.1/../../../../pic32c/lib/thumb/v7e-m+fp/hard\libg-musl.a(strchrnul.o)
 .debug_str     0x000019c7        0x0 c:/program files/microchip/xc32/v4.21/bin/bin/../../lib/gcc/pic32c/8.3.1/../../../../pic32c/lib/thumb/v7e-m+fp/hard\libg-musl.a(__environ.o)
 .debug_str     0x000019c7        0x0 c:/program files/microchip/xc32/v4.21/bin/bin/../../lib/gcc/pic32c/8.3.1/../../../../pic32c/lib/thumb/v7e-m+fp/hard\libg-musl.a(__errno_location.o)
 .debug_str     0x000019c7        0x0 c:/program files/microchip/xc32/v4.21/bin/bin/../../lib/gcc/pic32c/8.3.1/../../../../pic32c/lib/thumb/v7e-m+fp/hard\libg-musl.a(__stdio_read.o)
 .debug_str     0x000019c7        0x0 c:/program files/microchip/xc32/v4.21/bin/bin/../../lib/gcc/pic32c/8.3.1/../../../../pic32c/lib/thumb/v7e-m+fp/hard\libg-musl.a(__towrite_rw.o)
 .debug_str     0x000019c7       0x10 c:/program files/microchip/xc32/v4.21/bin/bin/../../lib/gcc/pic32c/8.3.1/../../../../pic32c/lib/thumb/v7e-m+fp/hard\libg-musl.a(setvbuf.o)
 .debug_str     0x000019d7        0x0 c:/program files/microchip/xc32/v4.21/bin/bin/../../lib/gcc/pic32c/8.3.1/../../../../pic32c/lib/thumb/v7e-m+fp/hard\libg-musl.a(readv.o)
 .debug_str     0x000019d7        0x0 c:/program files/microchip/xc32/v4.21/bin/bin/../../lib/gcc/pic32c/8.3.1/../../../../pic32c/lib/thumb/v7e-m+fp/hard\libg-musl.a(__init_stdio.o)
 .debug_str     0x000019d7        0x0 c:/program files/microchip/xc32/v4.21/bin/bin/../../lib/gcc/pic32c/8.3.1/../../../../pic32c/lib/thumb/v7e-m+fp/hard\libg-musl.a(__out.o)
 .debug_str     0x000019d7       0x11 c:/program files/microchip/xc32/v4.21/bin/bin/../../lib/gcc/pic32c/8.3.1/../../../../pic32c/lib/thumb/v7e-m+fp/hard\libg-musl.a(__stderr.o)
 .debug_str     0x000019e8        0x0 c:/program files/microchip/xc32/v4.21/bin/bin/../../lib/gcc/pic32c/8.3.1/../../../../pic32c/lib/thumb/v7e-m+fp/hard\libg-musl.a(__stdio_close.o)
 .debug_str     0x000019e8        0xa c:/program files/microchip/xc32/v4.21/bin/bin/../../lib/gcc/pic32c/8.3.1/../../../../pic32c/lib/thumb/v7e-m+fp/hard\libg-musl.a(__stdio_write.o)
 .debug_str     0x000019f2       0x11 c:/program files/microchip/xc32/v4.21/bin/bin/../../lib/gcc/pic32c/8.3.1/../../../../pic32c/lib/thumb/v7e-m+fp/hard\libg-musl.a(__stdout.o)
 .debug_str     0x00001a03        0x0 c:/program files/microchip/xc32/v4.21/bin/bin/../../lib/gcc/pic32c/8.3.1/../../../../pic32c/lib/thumb/v7e-m+fp/hard\libg-musl.a(__towrite.o)
 .debug_str     0x00001a03        0x0 c:/program files/microchip/xc32/v4.21/bin/bin/../../lib/gcc/pic32c/8.3.1/../../../../pic32c/lib/thumb/v7e-m+fp/hard\libg-musl.a(writev.o)
 .debug_str     0x00001a03       0xe9 c:/program files/microchip/xc32/v4.21/bin/bin/../../lib/gcc/pic32c/8.3.1/thumb/v7e-m+fp/hard\libgcc.a(_aeabi_uldivmod.o)
 .debug_str     0x00001aec        0x0 c:/program files/microchip/xc32/v4.21/bin/bin/../../lib/gcc/pic32c/8.3.1/thumb/v7e-m+fp/hard\libgcc.a(_udivmoddi4.o)
 .debug_str     0x00001aec       0xed c:/program files/microchip/xc32/v4.21/bin/bin/../../lib/gcc/pic32c/8.3.1/thumb/v7e-m+fp/hard\libgcc.a(_dvmd_tls.o)
 .debug_str     0x00001bd9        0x0 c:/program files/microchip/xc32/v4.21/bin/bin/../../lib/gcc/pic32c/8.3.1/../../../../pic32c/lib/thumb/v7e-m+fp/hard\libpic32c.a(close.o)
 .debug_str     0x00001bd9        0x0 c:/program files/microchip/xc32/v4.21/bin/bin/../../lib/gcc/pic32c/8.3.1/../../../../pic32c/lib/thumb/v7e-m+fp/hard\libpic32c.a(lseek.o)
 .debug_str     0x00001bd9        0x0 c:/program files/microchip/xc32/v4.21/bin/bin/../../lib/gcc/pic32c/8.3.1/../../../../pic32c/lib/thumb/v7e-m+fp/hard\libpic32c.a(sbrk.o)

.debug_frame    0x00000000     0x3bdc