Archive member included to satisfy reference by file (symbol)

c:/program files/microchip/xc32/v4.30/bin/bin/../../lib/gcc/pic32c/8.3.1/../../../../pic32c/lib/thumb/v7e-m+fp/hard\libpic32c.a(data_init.o)
                              build/default/debug/_ext/1171490990/startup_xc32.o (__pic32c_data_initialization)
c:/program files/microchip/xc32/v4.30/bin/bin/../../lib/gcc/pic32c/8.3.1/../../../../pic32c/lib/thumb/v7e-m+fp/hard\libg-musl.a(__libc_start_main.o)
                              build/default/debug/_ext/1171490990/startup_xc32.o (__libc_init_array)
c:/program files/microchip/xc32/v4.30/bin/bin/../../lib/gcc/pic32c/8.3.1/../../../../pic32c/lib/thumb/v7e-m+fp/hard\libg-musl.a(libc.o)
                              c:/program files/microchip/xc32/v4.30/bin/bin/../../lib/gcc/pic32c/8.3.1/../../../../pic32c/lib/thumb/v7e-m+fp/hard\libg-musl.a(__libc_start_main.o) (__progname_full)
c:/program files/microchip/xc32/v4.30/bin/bin/../../lib/gcc/pic32c/8.3.1/../../../../pic32c/lib/thumb/v7e-m+fp/hard\libg-musl.a(malloc.o)
                              build/default/debug/pdu_packet.o (free)
c:/program files/microchip/xc32/v4.30/bin/bin/../../lib/gcc/pic32c/8.3.1/../../../../pic32c/lib/thumb/v7e-m+fp/hard\libg-musl.a(expand_heap.o)
                              c:/program files/microchip/xc32/v4.30/bin/bin/../../lib/gcc/pic32c/8.3.1/../../../../pic32c/lib/thumb/v7e-m+fp/hard\libg-musl.a(malloc.o) (__expand_heap)
c:/program files/microchip/xc32/v4.30/bin/bin/../../lib/gcc/pic32c/8.3.1/../../../../pic32c/lib/thumb/v7e-m+fp/hard\libg-musl.a(stdin.o)
                              build/default/debug/_ext/1171490990/initialization.o (_stdin)
c:/program files/microchip/xc32/v4.30/bin/bin/../../lib/gcc/pic32c/8.3.1/../../../../pic32c/lib/thumb/v7e-m+fp/hard\libg-musl.a(stdout.o)
                              build/default/debug/_ext/1171490990/initialization.o (_stdout)
c:/program files/microchip/xc32/v4.30/bin/bin/../../lib/gcc/pic32c/8.3.1/../../../../pic32c/lib/thumb/v7e-m+fp/hard\libg-musl.a(setbuf.o)
                              build/default/debug/_ext/1171490990/initialization.o (setbuf)
c:/program files/microchip/xc32/v4.30/bin/bin/../../lib/gcc/pic32c/8.3.1/../../../../pic32c/lib/thumb/v7e-m+fp/hard\libg-musl.a(memcmp.o)
                              build/default/debug/_ext/411819097/ff.o (memcmp)
c:/program files/microchip/xc32/v4.30/bin/bin/../../lib/gcc/pic32c/8.3.1/../../../../pic32c/lib/thumb/v7e-m+fp/hard\libg-musl.a(memcpy.o)
                              build/default/debug/_ext/1593096446/plib_nvmctrl.o (memcpy)
c:/program files/microchip/xc32/v4.30/bin/bin/../../lib/gcc/pic32c/8.3.1/../../../../pic32c/lib/thumb/v7e-m+fp/hard\libg-musl.a(memset.o)
                              build/default/debug/_ext/404212886/stream_buffer.o (memset)
c:/program files/microchip/xc32/v4.30/bin/bin/../../lib/gcc/pic32c/8.3.1/../../../../pic32c/lib/thumb/v7e-m+fp/hard\libg-musl.a(strlen.o)
                              build/default/debug/_ext/1269487135/sys_fs.o (strlen)
c:/program files/microchip/xc32/v4.30/bin/bin/../../lib/gcc/pic32c/8.3.1/../../../../pic32c/lib/thumb/v7e-m+fp/hard\libg-musl.a(strchr.o)
                              build/default/debug/_ext/411819097/ff.o (strchr)
c:/program files/microchip/xc32/v4.30/bin/bin/../../lib/gcc/pic32c/8.3.1/../../../../pic32c/lib/thumb/v7e-m+fp/hard\libg-musl.a(strchrnul.o)
                              c:/program files/microchip/xc32/v4.30/bin/bin/../../lib/gcc/pic32c/8.3.1/../../../../pic32c/lib/thumb/v7e-m+fp/hard\libg-musl.a(strchr.o) (__strchrnul)
c:/program files/microchip/xc32/v4.30/bin/bin/../../lib/gcc/pic32c/8.3.1/../../../../pic32c/lib/thumb/v7e-m+fp/hard\libg-musl.a(strcmp.o)
                              build/default/debug/_ext/1269487135/sys_fs_media_manager.o (strcmp)
c:/program files/microchip/xc32/v4.30/bin/bin/../../lib/gcc/pic32c/8.3.1/../../../../pic32c/lib/thumb/v7e-m+fp/hard\libg-musl.a(strcpy.o)
                              build/default/debug/_ext/1269487135/sys_fs.o (strcpy)
c:/program files/microchip/xc32/v4.30/bin/bin/../../lib/gcc/pic32c/8.3.1/../../../../pic32c/lib/thumb/v7e-m+fp/hard\libg-musl.a(strncmp.o)
                              build/default/debug/_ext/1269487135/sys_fs.o (strncmp)
c:/program files/microchip/xc32/v4.30/bin/bin/../../lib/gcc/pic32c/8.3.1/../../../../pic32c/lib/thumb/v7e-m+fp/hard\libg-musl.a(__environ.o)
                              c:/program files/microchip/xc32/v4.30/bin/bin/../../lib/gcc/pic32c/8.3.1/../../../../pic32c/lib/thumb/v7e-m+fp/hard\libg-musl.a(__libc_start_main.o) (__environ)
c:/program files/microchip/xc32/v4.30/bin/bin/../../lib/gcc/pic32c/8.3.1/../../../../pic32c/lib/thumb/v7e-m+fp/hard\libg-musl.a(__errno_location.o)
                              c:/program files/microchip/xc32/v4.30/bin/bin/../../lib/gcc/pic32c/8.3.1/../../../../pic32c/lib/thumb/v7e-m+fp/hard\libg-musl.a(malloc.o) (__errno_val)
[...]
Memory Configuration

Name             Origin             Length             Attributes
rom              0x00000000         0x00080000         xrl
ram              0x20000000         0x00030000         xw !r
tcm              0x03000000         0x00000000         xw
bkupram          0x47000000         0x00002000
config_00804000  0x00804000         0x00000004
config_00804004  0x00804004         0x00000004
config_00804008  0x00804008         0x00000004
*default*        0x00000000         0xffffffff

Linker script and memory map

LOAD c:/program files/microchip/xc32/v4.30/bin/bin/../../lib/gcc/pic32c/8.3.1/thumb/v7e-m+fp/hard/crti.o
LOAD c:/program files/microchip/xc32/v4.30/bin/bin/../../lib/gcc/pic32c/8.3.1/thumb/v7e-m+fp/hard/crtbegin.o
LOAD build/default/debug/_ext/1984496892/plib_clock.o
LOAD build/default/debug/_ext/1865131932/plib_cmcc.o
LOAD build/default/debug/_ext/1986646378/plib_evsys.o
LOAD build/default/debug/_ext/1865468468/plib_nvic.o
LOAD build/default/debug/_ext/1593096446/plib_nvmctrl.o
LOAD build/default/debug/_ext/1865521619/plib_port.o
LOAD build/default/debug/_ext/163028504/xc32_monitor.o
LOAD build/default/debug/_ext/1171490990/initialization.o
LOAD build/default/debug/_ext/1171490990/exceptions.o
LOAD build/default/debug/_ext/1171490990/interrupts.o
LOAD build/default/debug/_ext/1171490990/libc_syscalls.o
LOAD build/default/debug/_ext/1171490990/startup_xc32.o
LOAD build/default/debug/_ext/1171490990/freertos_hooks.o
LOAD build/default/debug/_ext/246609638/port.o
LOAD build/default/debug/_ext/1665200909/heap_1.o
LOAD build/default/debug/_ext/404212886/stream_buffer.o
LOAD build/default/debug/_ext/404212886/croutine.o
LOAD build/default/debug/_ext/404212886/queue.o
LOAD build/default/debug/_ext/404212886/FreeRTOS_tasks.o
LOAD build/default/debug/_ext/404212886/timers.o
LOAD build/default/debug/_ext/404212886/event_groups.o
LOAD build/default/debug/_ext/404212886/list.o
LOAD build/default/debug/_ext/1360937237/main.o
LOAD build/default/debug/_ext/504274921/plib_sercom3_usart.o
LOAD build/default/debug/_ext/1100529066/drv_sdspi_file_system.o
LOAD build/default/debug/_ext/714983638/plib_sercom4_i2c_slave.o
LOAD build/default/debug/_ext/1269487135/sys_fs_fat_interface.o
LOAD build/default/debug/_ext/411819097/ff.o
LOAD build/default/debug/_ext/14461671/sys_dma.o
LOAD build/default/debug/_ext/60180175/plib_rtc_timer.o
LOAD build/default/debug/_ext/1269487135/sys_fs.o
LOAD build/default/debug/_ext/565198302/diskio.o
LOAD build/default/debug/_ext/101884895/sys_time.o
LOAD build/default/debug/_ext/1171490990/tasks.o
LOAD build/default/debug/_ext/1269487135/sys_fs_media_manager.o
LOAD build/default/debug/_ext/1529399856/osal_freertos.o
LOAD build/default/debug/_ext/1100529066/drv_sdspi.o
LOAD build/default/debug/_ext/1014039709/sys_cache.o
LOAD build/default/debug/_ext/1881668453/sys_int.o
LOAD build/default/debug/_ext/1100529066/drv_sdspi_driver_interface.o
LOAD build/default/debug/_ext/60184501/plib_wdt.o
LOAD build/default/debug/_ext/17022449/plib_sercom2_spi_master.o
LOAD build/default/debug/_ext/2070931557/drv_spi.o
LOAD build/default/debug/_ext/1360937237/app.o
LOAD build/default/debug/_ext/411819097/ffunicode.o
LOAD build/default/debug/pdu_packet.o
                0x00000001                __MPLAB_BUILD = 0x1
                0x00080000                __rom_end = (ORIGIN (rom) + LENGTH (rom))
                0x20030000                __ram_end = (ORIGIN (ram) + LENGTH (ram))

.config_00804000
 *(.config_00804000)

.config_00804004
 *(.config_00804004)

.config_00804008
 *(.config_00804008)

.vectors        0x00000000      0x260
                0x00000000                . = ALIGN (0x4)
                0x00000000                _sfixed = .
 *(.vectors .vectors.* .vectors_default .vectors_default.*)
 .vectors.exception_table
                0x00000000      0x260 build/default/debug/_ext/1171490990/interrupts.o
                0x00000000                exception_table
 *(.isr_vector)
 *(.reset*)
 *(.after_vectors)

.text           0x00000260       0x20
                0x00000260                . = ALIGN (0x4)
 *(.glue_7t)
 .glue_7t       0x00000260        0x0 linker stubs
 *(.glue_7)
 .glue_7        0x00000260        0x0 linker stubs
 *(.gnu.linkonce.r.*)
 *(.ARM.extab* .gnu.linkonce.armextab.*)
                0x00000260                . = ALIGN (0x4)
 *(.init)
 .init          0x00000260        0x4 c:/program files/microchip/xc32/v4.30/bin/bin/../../lib/gcc/pic32c/8.3.1/thumb/v7e-m+fp/hard/crti.o
                0x00000260                _init
 .init          0x00000264        0x8 c:/program files/microchip/xc32/v4.30/bin/bin/../../lib/gcc/pic32c/8.3.1/thumb/v7e-m+fp/hard/crtn.o
                0x0000026c                . = ALIGN (0x4)
                0x0000026c                __preinit_array_start = .
 *(.preinit_array)
                0x0000026c                __preinit_array_end = .
                0x0000026c                . = ALIGN (0x4)
                0x0000026c                __init_array_start = .
 *(SORT_BY_NAME(.init_array.*))
 *(.init_array)
 .init_array    0x0000026c        0x4 c:/program files/microchip/xc32/v4.30/bin/bin/../../lib/gcc/pic32c/8.3.1/thumb/v7e-m+fp/hard/crtbegin.o
                0x00000270                __init_array_end = .
                0x00000270                . = ALIGN (0x4)
 *crtbegin.o(.ctors)
 *(EXCLUDE_FILE(*crtend.o) .ctors)
 *(SORT_BY_NAME(.ctors.*))
 *crtend.o(.ctors)
                0x00000270                . = ALIGN (0x4)
 *(.fini)
 .fini          0x00000270        0x4 c:/program files/microchip/xc32/v4.30/bin/bin/../../lib/gcc/pic32c/8.3.1/thumb/v7e-m+fp/hard/crti.o
                0x00000270                _fini
 .fini          0x00000274        0x8 c:/program files/microchip/xc32/v4.30/bin/bin/../../lib/gcc/pic32c/8.3.1/thumb/v7e-m+fp/hard/crtn.o
                0x0000027c                . = ALIGN (0x4)
                0x0000027c                __fini_array_start = .
 *(.fini_array)
 .fini_array    0x0000027c        0x4 c:/program files/microchip/xc32/v4.30/bin/bin/../../lib/gcc/pic32c/8.3.1/thumb/v7e-m+fp/hard/crtbegin.o
 *(SORT_BY_NAME(.fini_array.*))
                0x00000280                __fini_array_end = .
 *crtbegin.o(.dtors)
 *(EXCLUDE_FILE(*crtend.o) .dtors)
 *(SORT_BY_NAME(.dtors.*))
 *crtend.o(.dtors)
                0x00000280                . = ALIGN (0x4)
                0x00000280                _efixed = .
                [!provide]                PROVIDE (__exidx_start = .)

.ARM.exidx      0x00000280        0x8
 *(.ARM.exidx* .gnu.linkonce.armexidx.*)
 .ARM.exidx     0x00000280        0x8 c:/program files/microchip/xc32/v4.30/bin/bin/../../lib/gcc/pic32c/8.3.1/thumb/v7e-m+fp/hard\libgcc.a(_udivmoddi4.o)
                [!provide]                PROVIDE (__exidx_end = .)
                0x00000288                . = ALIGN (0x4)
                0x00000288                _etext = .

.bss            0x20000000        0x0
                0x20000000                . = ALIGN (0x4)
                0x20000000                __bss_start__ = .
                0x20000000                _sbss = .
                0x20000000                _szero = .
 *(COMMON)
                0x20000000                . = ALIGN (0x4)
                0x20000000                __bss_end__ = .
                0x20000000                _ebss = .
                0x20000000                _ezero = .
                0x20000000                . = ALIGN (0x4)
                0x20000000                _end = .
                0x2002ffff                _ram_end_ = ((ORIGIN (ram) + LENGTH (ram)) - 0x1)

.bkupram_bss
 *(.bkupram_bss .bkupram_bss.*)
 *(.pbss .pbss.*)
                0x00000001                __ICD2RAM = 0x1
                0x00000001                __MPLAB_DEBUG = 0x1
                0x00000001                __DEBUG = 0x1
                0x00000200                _min_heap_size = 0x200
START GROUP
LOAD c:/program files/microchip/xc32/v4.30/bin/bin/../../lib/gcc/pic32c/8.3.1/../../../../pic32c/lib/thumb/v7e-m+fp/hard\libpic32c.a
LOAD c:/program files/microchip/xc32/v4.30/bin/bin/../../lib/gcc/pic32c/8.3.1/../../../../pic32c/lib/thumb/v7e-m+fp/hard\libm-fast-emfloat.a
LOAD c:/program files/microchip/xc32/v4.30/bin/bin/../../lib/gcc/pic32c/8.3.1/../../../../pic32c/lib/thumb/v7e-m+fp/hard\libg-musl.a
LOAD c:/program files/microchip/xc32/v4.30/bin/bin/../../lib/gcc/pic32c/8.3.1/../../../../pic32c/lib/thumb/v7e-m+fp/hard\libc-musl.a
LOAD c:/program files/microchip/xc32/v4.30/bin/bin/../../lib/gcc/pic32c/8.3.1/../../../../pic32c/lib/thumb/v7e-m+fp/hard\libm-fast-emfloat.a
LOAD c:/program files/microchip/xc32/v4.30/bin/bin/../../lib/gcc/pic32c/8.3.1/thumb/v7e-m+fp/hard\libgcc.a
END GROUP
LOAD c:/program files/microchip/xc32/v4.30/bin/bin/../../lib/gcc/pic32c/8.3.1/thumb/v7e-m+fp/hard/crtend.o
LOAD c:/program files/microchip/xc32/v4.30/bin/bin/../../lib/gcc/pic32c/8.3.1/thumb/v7e-m+fp/hard/crtn.o
OUTPUT(dist/default/debug/Artemis-PDU.X.debug.elf elf32-littlearm)
LOAD data_init
LOAD stack

.ARM.attributes
                0x00000000       0x34
 .ARM.attributes
                0x00000000       0x1e c:/program files/microchip/xc32/v4.30/bin/bin/../../lib/gcc/pic32c/8.3.1/thumb/v7e-m+fp/hard/crti.o
 .ARM.attributes
                0x0000001e       0x34 c:/program files/microchip/xc32/v4.30/bin/bin/../../lib/gcc/pic32c/8.3.1/thumb/v7e-m+fp/hard/crtbegin.o
 .ARM.attributes
                0x00000052       0x34 build/default/debug/_ext/1984496892/plib_clock.o
 .ARM.attributes
                0x00000086       0x34 build/default/debug/_ext/1986646378/plib_evsys.o
 .ARM.attributes
                0x000000ba       0x34 build/default/debug/_ext/1865468468/plib_nvic.o
 .ARM.attributes
                0x000000ee       0x34 build/default/debug/_ext/1593096446/plib_nvmctrl.o
 .ARM.attributes
                0x00000122       0x34 build/default/debug/_ext/1865521619/plib_port.o
 .ARM.attributes
                0x00000156       0x34 build/default/debug/_ext/163028504/xc32_monitor.o
 .ARM.attributes
                0x0000018a       0x34 build/default/debug/_ext/1171490990/initialization.o
 .ARM.attributes
                0x000001be       0x34 build/default/debug/_ext/1171490990/exceptions.o
 .ARM.attributes
                0x000001f2       0x34 build/default/debug/_ext/1171490990/interrupts.o
 .ARM.attributes
                0x00000226       0x34 build/default/debug/_ext/1171490990/startup_xc32.o
 .ARM.attributes
                0x0000025a       0x34 build/default/debug/_ext/1171490990/freertos_hooks.o
 .ARM.attributes
                0x0000028e       0x34 build/default/debug/_ext/246609638/port.o
 .ARM.attributes
                0x000002c2       0x34 build/default/debug/_ext/1665200909/heap_1.o
 .ARM.attributes
                0x000002f6       0x34 build/default/debug/_ext/404212886/queue.o
 .ARM.attributes
                0x0000032a       0x34 build/default/debug/_ext/404212886/FreeRTOS_tasks.o
 .ARM.attributes
                0x0000035e       0x34 build/default/debug/_ext/404212886/list.o
 .ARM.attributes
                0x00000392       0x34 build/default/debug/_ext/1360937237/main.o
 .ARM.attributes
                0x000003c6       0x34 build/default/debug/_ext/504274921/plib_sercom3_usart.o
 .ARM.attributes
                0x000003fa       0x34 build/default/debug/_ext/1100529066/drv_sdspi_file_system.o
 .ARM.attributes
                0x0000042e       0x34 build/default/debug/_ext/714983638/plib_sercom4_i2c_slave.o
 .ARM.attributes
                0x00000462       0x34 build/default/debug/_ext/1269487135/sys_fs_fat_interface.o
 .ARM.attributes
                0x00000496       0x34 build/default/debug/_ext/411819097/ff.o
 .ARM.attributes
                0x000004ca       0x34 build/default/debug/_ext/60180175/plib_rtc_timer.o
 .ARM.attributes
                0x000004fe       0x34 build/default/debug/_ext/1269487135/sys_fs.o
 .ARM.attributes
                0x00000532       0x34 build/default/debug/_ext/565198302/diskio.o
 .ARM.attributes
                0x00000566       0x34 build/default/debug/_ext/101884895/sys_time.o
 .ARM.attributes
                0x0000059a       0x34 build/default/debug/_ext/1171490990/tasks.o
 .ARM.attributes
                0x000005ce       0x34 build/default/debug/_ext/1269487135/sys_fs_media_manager.o
 .ARM.attributes
                0x00000602       0x34 build/default/debug/_ext/1529399856/osal_freertos.o
 .ARM.attributes
                0x00000636       0x34 build/default/debug/_ext/1100529066/drv_sdspi.o
 .ARM.attributes
                0x0000066a       0x34 build/default/debug/_ext/1881668453/sys_int.o
 .ARM.attributes
                0x0000069e       0x34 build/default/debug/_ext/1100529066/drv_sdspi_driver_interface.o
 .ARM.attributes
                0x000006d2       0x34 build/default/debug/_ext/17022449/plib_sercom2_spi_master.o
 .ARM.attributes
                0x00000706       0x34 build/default/debug/_ext/2070931557/drv_spi.o
 .ARM.attributes
                0x0000073a       0x34 build/default/debug/_ext/1360937237/app.o
 .ARM.attributes
                0x0000076e       0x34 build/default/debug/_ext/411819097/ffunicode.o
 .ARM.attributes
                0x000007a2       0x34 build/default/debug/pdu_packet.o
 .ARM.attributes
                0x000007d6       0x34 c:/program files/microchip/xc32/v4.30/bin/bin/../../lib/gcc/pic32c/8.3.1/../../../../pic32c/lib/thumb/v7e-m+fp/hard\libpic32c.a(data_init.o)
 .ARM.attributes
                0x0000080a       0x36 c:/program files/microchip/xc32/v4.30/bin/bin/../../lib/gcc/pic32c/8.3.1/../../../../pic32c/lib/thumb/v7e-m+fp/hard\libg-musl.a(__libc_start_main.o)
 .ARM.attributes
                0x00000840       0x34 c:/program files/microchip/xc32/v4.30/bin/bin/../../lib/gcc/pic32c/8.3.1/../../../../pic32c/lib/thumb/v7e-m+fp/hard\libg-musl.a(libc.o)
 .ARM.attributes
                0x00000874       0x36 c:/program files/microchip/xc32/v4.30/bin/bin/../../lib/gcc/pic32c/8.3.1/../../../../pic32c/lib/thumb/v7e-m+fp/hard\libg-musl.a(malloc.o)
 .ARM.attributes
                0x000008aa       0x36 c:/program files/microchip/xc32/v4.30/bin/bin/../../lib/gcc/pic32c/8.3.1/../../../../pic32c/lib/thumb/v7e-m+fp/hard\libg-musl.a(expand_heap.o)
 .ARM.attributes
                0x000008e0       0x36 c:/program files/microchip/xc32/v4.30/bin/bin/../../lib/gcc/pic32c/8.3.1/../../../../pic32c/lib/thumb/v7e-m+fp/hard\libg-musl.a(stdin.o)
 .ARM.attributes
                0x00000916       0x36 c:/program files/microchip/xc32/v4.30/bin/bin/../../lib/gcc/pic32c/8.3.1/../../../../pic32c/lib/thumb/v7e-m+fp/hard\libg-musl.a(stdout.o)
 .ARM.attributes
                0x0000094c       0x36 c:/program files/microchip/xc32/v4.30/bin/bin/../../lib/gcc/pic32c/8.3.1/../../../../pic32c/lib/thumb/v7e-m+fp/hard\libg-musl.a(setbuf.o)
 .ARM.attributes
                0x00000982       0x36 c:/program files/microchip/xc32/v4.30/bin/bin/../../lib/gcc/pic32c/8.3.1/../../../../pic32c/lib/thumb/v7e-m+fp/hard\libg-musl.a(memcmp.o)
 .ARM.attributes
                0x000009b8       0x36 c:/program files/microchip/xc32/v4.30/bin/bin/../../lib/gcc/pic32c/8.3.1/../../../../pic32c/lib/thumb/v7e-m+fp/hard\libg-musl.a(memcpy.o)
 .ARM.attributes
                0x000009ee       0x36 c:/program files/microchip/xc32/v4.30/bin/bin/../../lib/gcc/pic32c/8.3.1/../../../../pic32c/lib/thumb/v7e-m+fp/hard\libg-musl.a(memset.o)
 .ARM.attributes
                0x00000a24       0x36 c:/program files/microchip/xc32/v4.30/bin/bin/../../lib/gcc/pic32c/8.3.1/../../../../pic32c/lib/thumb/v7e-m+fp/hard\libg-musl.a(strlen.o)
 .ARM.attributes
                0x00000a5a       0x36 c:/program files/microchip/xc32/v4.30/bin/bin/../../lib/gcc/pic32c/8.3.1/../../../../pic32c/lib/thumb/v7e-m+fp/hard\libg-musl.a(strchr.o)
 .ARM.attributes
                0x00000a90       0x36 c:/program files/microchip/xc32/v4.30/bin/bin/../../lib/gcc/pic32c/8.3.1/../../../../pic32c/lib/thumb/v7e-m+fp/hard\libg-musl.a(strchrnul.o)
 .ARM.attributes
                0x00000ac6       0x34 c:/program files/microchip/xc32/v4.30/bin/bin/../../lib/gcc/pic32c/8.3.1/../../../../pic32c/lib/thumb/v7e-m+fp/hard\libg-musl.a(__environ.o)
 .ARM.attributes
                0x00000afa       0x34 c:/program files/microchip/xc32/v4.30/bin/bin/../../lib/gcc/pic32c/8.3.1/../../../../pic32c/lib/thumb/v7e-m+fp/hard\libg-musl.a(__errno_location.o)
 .ARM.attributes
                0x00000b2e       0x36 c:/program files/microchip/xc32/v4.30/bin/bin/../../lib/gcc/pic32c/8.3.1/../../../../pic32c/lib/thumb/v7e-m+fp/hard\libg-musl.a(__stdio_read.o)
 .ARM.attributes
                0x00000b64       0x36 c:/program files/microchip/xc32/v4.30/bin/bin/../../lib/gcc/pic32c/8.3.1/../../../../pic32c/lib/thumb/v7e-m+fp/hard\libg-musl.a(__towrite_rw.o)
 .ARM.attributes
                0x00000b9a       0x36 c:/program files/microchip/xc32/v4.30/bin/bin/../../lib/gcc/pic32c/8.3.1/../../../../pic32c/lib/thumb/v7e-m+fp/hard\libg-musl.a(setvbuf.o)
 .ARM.attributes
                0x00000bd0       0x36 c:/program files/microchip/xc32/v4.30/bin/bin/../../lib/gcc/pic32c/8.3.1/../../../../pic32c/lib/thumb/v7e-m+fp/hard\libg-musl.a(readv.o)
 .ARM.attributes
                0x00000c06       0x36 c:/program files/microchip/xc32/v4.30/bin/bin/../../lib/gcc/pic32c/8.3.1/../../../../pic32c/lib/thumb/v7e-m+fp/hard\libg-musl.a(__init_stdio.o)
 .ARM.attributes
                0x00000c3c       0x36 c:/program files/microchip/xc32/v4.30/bin/bin/../../lib/gcc/pic32c/8.3.1/../../../../pic32c/lib/thumb/v7e-m+fp/hard\libg-musl.a(__out.o)
 .ARM.attributes
                0x00000c72       0x36 c:/program files/microchip/xc32/v4.30/bin/bin/../../lib/gcc/pic32c/8.3.1/../../../../pic32c/lib/thumb/v7e-m+fp/hard\libg-musl.a(__stderr.o)
 .ARM.attributes
                0x00000ca8       0x36 c:/program files/microchip/xc32/v4.30/bin/bin/../../lib/gcc/pic32c/8.3.1/../../../../pic32c/lib/thumb/v7e-m+fp/hard\libg-musl.a(__stdio_close.o)
 .ARM.attributes
                0x00000cde       0x36 c:/program files/microchip/xc32/v4.30/bin/bin/../../lib/gcc/pic32c/8.3.1/../../../../pic32c/lib/thumb/v7e-m+fp/hard\libg-musl.a(__stdio_write.o)
 .ARM.attributes
                0x00000d14       0x36 c:/program files/microchip/xc32/v4.30/bin/bin/../../lib/gcc/pic32c/8.3.1/../../../../pic32c/lib/thumb/v7e-m+fp/hard\libg-musl.a(__stdout.o)
 .ARM.attributes
                0x00000d4a       0x36 c:/program files/microchip/xc32/v4.30/bin/bin/../../lib/gcc/pic32c/8.3.1/../../../../pic32c/lib/thumb/v7e-m+fp/hard\libg-musl.a(__towrite.o)
 .ARM.attributes
                0x00000d80       0x36 c:/program files/microchip/xc32/v4.30/bin/bin/../../lib/gcc/pic32c/8.3.1/../../../../pic32c/lib/thumb/v7e-m+fp/hard\libg-musl.a(writev.o)
 .ARM.attributes
                0x00000db6       0x1e c:/program files/microchip/xc32/v4.30/bin/bin/../../lib/gcc/pic32c/8.3.1/thumb/v7e-m+fp/hard\libgcc.a(_aeabi_uldivmod.o)
 .ARM.attributes
                0x00000dd4       0x34 c:/program files/microchip/xc32/v4.30/bin/bin/../../lib/gcc/pic32c/8.3.1/thumb/v7e-m+fp/hard\libgcc.a(_udivmoddi4.o)
 .ARM.attributes
                0x00000e08       0x1e c:/program files/microchip/xc32/v4.30/bin/bin/../../lib/gcc/pic32c/8.3.1/thumb/v7e-m+fp/hard\libgcc.a(_dvmd_tls.o)
 .ARM.attributes
                0x00000e26       0x34 c:/program files/microchip/xc32/v4.30/bin/bin/../../lib/gcc/pic32c/8.3.1/../../../../pic32c/lib/thumb/v7e-m+fp/hard\libpic32c.a(close.o)
 .ARM.attributes
                0x00000e5a       0x34 c:/program files/microchip/xc32/v4.30/bin/bin/../../lib/gcc/pic32c/8.3.1/../../../../pic32c/lib/thumb/v7e-m+fp/hard\libpic32c.a(lseek.o)
 .ARM.attributes
                0x00000e8e       0x34 c:/program files/microchip/xc32/v4.30/bin/bin/../../lib/gcc/pic32c/8.3.1/../../../../pic32c/lib/thumb/v7e-m+fp/hard\libpic32c.a(sbrk.o)
 .ARM.attributes
                0x00000ec2       0x1e c:/program files/microchip/xc32/v4.30/bin/bin/../../lib/gcc/pic32c/8.3.1/thumb/v7e-m+fp/hard/crtn.o
 .ARM.attributes
                0x00000ee0       0x34 c:/program files/microchip/xc32/v4.30/bin/bin/../../lib/gcc/pic32c/8.3.1/../../../../pic32c/lib/thumb/v7e-m+fp/hard\libpic32c.a(pic32_data_init_clear.o)
 .ARM.attributes
                0x00000f14       0x34 c:/program files/microchip/xc32/v4.30/bin/bin/../../lib/gcc/pic32c/8.3.1/../../../../pic32c/lib/thumb/v7e-m+fp/hard\libpic32c.a(pic32_data_init_copy.o)

.comment        0x00000000       0x2b
 .comment       0x00000000       0x2b c:/program files/microchip/xc32/v4.30/bin/bin/../../lib/gcc/pic32c/8.3.1/thumb/v7e-m+fp/hard/crtbegin.o
                                 0x2c (size before relaxing)
 .comment       0x0000002b       0x2c build/default/debug/_ext/1984496892/plib_clock.o
 .comment       0x0000002b       0x2c build/default/debug/_ext/1986646378/plib_evsys.o
 .comment       0x0000002b       0x2c build/default/debug/_ext/1865468468/plib_nvic.o
 .comment       0x0000002b       0x2c build/default/debug/_ext/1593096446/plib_nvmctrl.o
 .comment       0x0000002b       0x2c build/default/debug/_ext/1865521619/plib_port.o
 .comment       0x0000002b       0x2c build/default/debug/_ext/163028504/xc32_monitor.o
 .comment       0x0000002b       0x2c build/default/debug/_ext/1171490990/initialization.o
 .comment       0x0000002b       0x2c build/default/debug/_ext/1171490990/exceptions.o
 .comment       0x0000002b       0x2c build/default/debug/_ext/1171490990/interrupts.o
 .comment       0x0000002b       0x2c build/default/debug/_ext/1171490990/startup_xc32.o
 .comment       0x0000002b       0x2c build/default/debug/_ext/1171490990/freertos_hooks.o
 .comment       0x0000002b       0x2c build/default/debug/_ext/246609638/port.o
 .comment       0x0000002b       0x2c build/default/debug/_ext/1665200909/heap_1.o
 .comment       0x0000002b       0x2c build/default/debug/_ext/404212886/queue.o
 .comment       0x0000002b       0x2c build/default/debug/_ext/404212886/FreeRTOS_tasks.o
 .comment       0x0000002b       0x2c build/default/debug/_ext/404212886/list.o
 .comment       0x0000002b       0x2c build/default/debug/_ext/1360937237/main.o
 .comment       0x0000002b       0x2c build/default/debug/_ext/504274921/plib_sercom3_usart.o
 .comment       0x0000002b       0x2c build/default/debug/_ext/1100529066/drv_sdspi_file_system.o
 .comment       0x0000002b       0x2c build/default/debug/_ext/714983638/plib_sercom4_i2c_slave.o
 .comment       0x0000002b       0x2c build/default/debug/_ext/1269487135/sys_fs_fat_interface.o
 .comment       0x0000002b       0x2c build/default/debug/_ext/411819097/ff.o
 .comment       0x0000002b       0x2c build/default/debug/_ext/60180175/plib_rtc_timer.o
 .comment       0x0000002b       0x2c build/default/debug/_ext/1269487135/sys_fs.o
 .comment       0x0000002b       0x2c build/default/debug/_ext/565198302/diskio.o
 .comment       0x0000002b       0x2c build/default/debug/_ext/101884895/sys_time.o
 .comment       0x0000002b       0x2c build/default/debug/_ext/1171490990/tasks.o
 .comment       0x0000002b       0x2c build/default/debug/_ext/1269487135/sys_fs_media_manager.o
 .comment       0x0000002b       0x2c build/default/debug/_ext/1529399856/osal_freertos.o
 .comment       0x0000002b       0x2c build/default/debug/_ext/1100529066/drv_sdspi.o
 .comment       0x0000002b       0x2c build/default/debug/_ext/1881668453/sys_int.o
 .comment       0x0000002b       0x2c build/default/debug/_ext/1100529066/drv_sdspi_driver_interface.o
 .comment       0x0000002b       0x2c build/default/debug/_ext/17022449/plib_sercom2_spi_master.o
 .comment       0x0000002b       0x2c build/default/debug/_ext/2070931557/drv_spi.o
 .comment       0x0000002b       0x2c build/default/debug/_ext/1360937237/app.o
 .comment       0x0000002b       0x2c build/default/debug/_ext/411819097/ffunicode.o
 .comment       0x0000002b       0x2c build/default/debug/pdu_packet.o
 .comment       0x0000002b       0x2c c:/program files/microchip/xc32/v4.30/bin/bin/../../lib/gcc/pic32c/8.3.1/../../../../pic32c/lib/thumb/v7e-m+fp/hard\libpic32c.a(data_init.o)
 .comment       0x0000002b       0x2c c:/program files/microchip/xc32/v4.30/bin/bin/../../lib/gcc/pic32c/8.3.1/../../../../pic32c/lib/thumb/v7e-m+fp/hard\libg-musl.a(__libc_start_main.o)
 .comment       0x0000002b       0x2c c:/program files/microchip/xc32/v4.30/bin/bin/../../lib/gcc/pic32c/8.3.1/../../../../pic32c/lib/thumb/v7e-m+fp/hard\libg-musl.a(libc.o)
 .comment       0x0000002b       0x2c c:/program files/microchip/xc32/v4.30/bin/bin/../../lib/gcc/pic32c/8.3.1/../../../../pic32c/lib/thumb/v7e-m+fp/hard\libg-musl.a(malloc.o)
 .comment       0x0000002b       0x2c c:/program files/microchip/xc32/v4.30/bin/bin/../../lib/gcc/pic32c/8.3.1/../../../../pic32c/lib/thumb/v7e-m+fp/hard\libg-musl.a(expand_heap.o)
 .comment       0x0000002b       0x2c c:/program files/microchip/xc32/v4.30/bin/bin/../../lib/gcc/pic32c/8.3.1/../../../../pic32c/lib/thumb/v7e-m+fp/hard\libg-musl.a(stdin.o)
 .comment       0x0000002b       0x2c c:/program files/microchip/xc32/v4.30/bin/bin/../../lib/gcc/pic32c/8.3.1/../../../../pic32c/lib/thumb/v7e-m+fp/hard\libg-musl.a(stdout.o)
 .comment       0x0000002b       0x2c c:/program files/microchip/xc32/v4.30/bin/bin/../../lib/gcc/pic32c/8.3.1/../../../../pic32c/lib/thumb/v7e-m+fp/hard\libg-musl.a(setbuf.o)
 .comment       0x0000002b       0x2c c:/program files/microchip/xc32/v4.30/bin/bin/../../lib/gcc/pic32c/8.3.1/../../../../pic32c/lib/thumb/v7e-m+fp/hard\libg-musl.a(memcmp.o)
 .comment       0x0000002b       0x2c c:/program files/microchip/xc32/v4.30/bin/bin/../../lib/gcc/pic32c/8.3.1/../../../../pic32c/lib/thumb/v7e-m+fp/hard\libg-musl.a(memcpy.o)
 .comment       0x0000002b       0x2c c:/program files/microchip/xc32/v4.30/bin/bin/../../lib/gcc/pic32c/8.3.1/../../../../pic32c/lib/thumb/v7e-m+fp/hard\libg-musl.a(memset.o)
 .comment       0x0000002b       0x2c c:/program files/microchip/xc32/v4.30/bin/bin/../../lib/gcc/pic32c/8.3.1/../../../../pic32c/lib/thumb/v7e-m+fp/hard\libg-musl.a(strlen.o)
 .comment       0x0000002b       0x2c c:/program files/microchip/xc32/v4.30/bin/bin/../../lib/gcc/pic32c/8.3.1/../../../../pic32c/lib/thumb/v7e-m+fp/hard\libg-musl.a(strchr.o)
 .comment       0x0000002b       0x2c c:/program files/microchip/xc32/v4.30/bin/bin/../../lib/gcc/pic32c/8.3.1/../../../../pic32c/lib/thumb/v7e-m+fp/hard\libg-musl.a(strchrnul.o)
 .comment       0x0000002b       0x2c c:/program files/microchip/xc32/v4.30/bin/bin/../../lib/gcc/pic32c/8.3.1/../../../../pic32c/lib/thumb/v7e-m+fp/hard\libg-musl.a(__environ.o)
 .comment       0x0000002b       0x2c c:/program files/microchip/xc32/v4.30/bin/bin/../../lib/gcc/pic32c/8.3.1/../../../../pic32c/lib/thumb/v7e-m+fp/hard\libg-musl.a(__errno_location.o)
 .comment       0x0000002b       0x2c c:/program files/microchip/xc32/v4.30/bin/bin/../../lib/gcc/pic32c/8.3.1/../../../../pic32c/lib/thumb/v7e-m+fp/hard\libg-musl.a(__stdio_read.o)
 .comment       0x0000002b       0x2c c:/program files/microchip/xc32/v4.30/bin/bin/../../lib/gcc/pic32c/8.3.1/../../../../pic32c/lib/thumb/v7e-m+fp/hard\libg-musl.a(__towrite_rw.o)
 .comment       0x0000002b       0x2c c:/program files/microchip/xc32/v4.30/bin/bin/../../lib/gcc/pic32c/8.3.1/../../../../pic32c/lib/thumb/v7e-m+fp/hard\libg-musl.a(setvbuf.o)
 .comment       0x0000002b       0x2c c:/program files/microchip/xc32/v4.30/bin/bin/../../lib/gcc/pic32c/8.3.1/../../../../pic32c/lib/thumb/v7e-m+fp/hard\libg-musl.a(readv.o)
 .comment       0x0000002b       0x2c c:/program files/microchip/xc32/v4.30/bin/bin/../../lib/gcc/pic32c/8.3.1/../../../../pic32c/lib/thumb/v7e-m+fp/hard\libg-musl.a(__init_stdio.o)
 .comment       0x0000002b       0x2c c:/program files/microchip/xc32/v4.30/bin/bin/../../lib/gcc/pic32c/8.3.1/../../../../pic32c/lib/thumb/v7e-m+fp/hard\libg-musl.a(__out.o)
 .comment       0x0000002b       0x2c c:/program files/microchip/xc32/v4.30/bin/bin/../../lib/gcc/pic32c/8.3.1/../../../../pic32c/lib/thumb/v7e-m+fp/hard\libg-musl.a(__stderr.o)
 .comment       0x0000002b       0x2c c:/program files/microchip/xc32/v4.30/bin/bin/../../lib/gcc/pic32c/8.3.1/../../../../pic32c/lib/thumb/v7e-m+fp/hard\libg-musl.a(__stdio_close.o)
 .comment       0x0000002b       0x2c c:/program files/microchip/xc32/v4.30/bin/bin/../../lib/gcc/pic32c/8.3.1/../../../../pic32c/lib/thumb/v7e-m+fp/hard\libg-musl.a(__stdio_write.o)
 .comment       0x0000002b       0x2c c:/program files/microchip/xc32/v4.30/bin/bin/../../lib/gcc/pic32c/8.3.1/../../../../pic32c/lib/thumb/v7e-m+fp/hard\libg-musl.a(__stdout.o)
 .comment       0x0000002b       0x2c c:/program files/microchip/xc32/v4.30/bin/bin/../../lib/gcc/pic32c/8.3.1/../../../../pic32c/lib/thumb/v7e-m+fp/hard\libg-musl.a(__towrite.o)
 .comment       0x0000002b       0x2c c:/program files/microchip/xc32/v4.30/bin/bin/../../lib/gcc/pic32c/8.3.1/../../../../pic32c/lib/thumb/v7e-m+fp/hard\libg-musl.a(writev.o)
 .comment       0x0000002b       0x2c c:/program files/microchip/xc32/v4.30/bin/bin/../../lib/gcc/pic32c/8.3.1/thumb/v7e-m+fp/hard\libgcc.a(_udivmoddi4.o)
 .comment       0x0000002b       0x2c c:/program files/microchip/xc32/v4.30/bin/bin/../../lib/gcc/pic32c/8.3.1/../../../../pic32c/lib/thumb/v7e-m+fp/hard\libpic32c.a(close.o)
 .comment       0x0000002b       0x2c c:/program files/microchip/xc32/v4.30/bin/bin/../../lib/gcc/pic32c/8.3.1/../../../../pic32c/lib/thumb/v7e-m+fp/hard\libpic32c.a(lseek.o)
 .comment       0x0000002b       0x2c c:/program files/microchip/xc32/v4.30/bin/bin/../../lib/gcc/pic32c/8.3.1/../../../../pic32c/lib/thumb/v7e-m+fp/hard\libpic32c.a(sbrk.o)
 .comment       0x0000002b       0x2c c:/program files/microchip/xc32/v4.30/bin/bin/../../lib/gcc/pic32c/8.3.1/../../../../pic32c/lib/thumb/v7e-m+fp/hard\libpic32c.a(pic32_data_init_clear.o)
 .comment       0x0000002b       0x2c c:/program files/microchip/xc32/v4.30/bin/bin/../../lib/gcc/pic32c/8.3.1/../../../../pic32c/lib/thumb/v7e-m+fp/hard\libpic32c.a(pic32_data_init_copy.o)

.debug_info     0x00000000    0x4270e
 .debug_info    0x00000000      0xb68 build/default/debug/_ext/1984496892/plib_clock.o
 .debug_info    0x00000b68      0x324 build/default/debug/_ext/1986646378/plib_evsys.o
 .debug_info    0x00000e8c     0x16e7 build/default/debug/_ext/1865468468/plib_nvic.o
 .debug_info    0x00002573      0xe63 build/default/debug/_ext/1593096446/plib_nvmctrl.o
 .debug_info    0x000033d6      0xfb6 build/default/debug/_ext/1865521619/plib_port.o
 .debug_info    0x0000438c      0x463 build/default/debug/_ext/163028504/xc32_monitor.o
 .debug_info    0x000047ef     0x3279 build/default/debug/_ext/1171490990/initialization.o
 .debug_info    0x00007a68      0x3e6 build/default/debug/_ext/1171490990/exceptions.o
 .debug_info    0x00007e4e     0x18a4 build/default/debug/_ext/1171490990/interrupts.o
 .debug_info    0x000096f2      0x89f build/default/debug/_ext/1171490990/startup_xc32.o
 .debug_info    0x00009f91      0x535 build/default/debug/_ext/1171490990/freertos_hooks.o
 .debug_info    0x0000a4c6      0x791 build/default/debug/_ext/246609638/port.o
 .debug_info    0x0000ac57      0x4f1 build/default/debug/_ext/1665200909/heap_1.o
 .debug_info    0x0000b148     0x21f8 build/default/debug/_ext/404212886/queue.o
 .debug_info    0x0000d340     0x317e build/default/debug/_ext/404212886/FreeRTOS_tasks.o
 .debug_info    0x000104be      0x63e build/default/debug/_ext/404212886/list.o
 .debug_info    0x00010afc      0x33d build/default/debug/_ext/1360937237/main.o
 .debug_info    0x00010e39     0x1596 build/default/debug/_ext/504274921/plib_sercom3_usart.o
 .debug_info    0x000123cf      0xc4c build/default/debug/_ext/1100529066/drv_sdspi_file_system.o
 .debug_info    0x0001301b     0x141c build/default/debug/_ext/714983638/plib_sercom4_i2c_slave.o
 .debug_info    0x00014437     0x24ea build/default/debug/_ext/1269487135/sys_fs_fat_interface.o
 .debug_info    0x00016921     0x673d build/default/debug/_ext/411819097/ff.o
 .debug_info    0x0001d05e     0x1003 build/default/debug/_ext/60180175/plib_rtc_timer.o
 .debug_info    0x0001e061     0x42b2 build/default/debug/_ext/1269487135/sys_fs.o
 .debug_info    0x00022313      0xf33 build/default/debug/_ext/565198302/diskio.o
 .debug_info    0x00023246     0x2a96 build/default/debug/_ext/101884895/sys_time.o
 .debug_info    0x00025cdc      0x823 build/default/debug/_ext/1171490990/tasks.o
 .debug_info    0x000264ff     0x24dd build/default/debug/_ext/1269487135/sys_fs_media_manager.o
 .debug_info    0x000289dc      0xbe0 build/default/debug/_ext/1529399856/osal_freertos.o
 .debug_info    0x000295bc     0x4dda build/default/debug/_ext/1100529066/drv_sdspi.o
 .debug_info    0x0002e396     0x119d build/default/debug/_ext/1881668453/sys_int.o
 .debug_info    0x0002f533     0x23ca build/default/debug/_ext/1100529066/drv_sdspi_driver_interface.o
 .debug_info    0x000318fd     0x1542 build/default/debug/_ext/17022449/plib_sercom2_spi_master.o
 .debug_info    0x00032e3f     0x2877 build/default/debug/_ext/2070931557/drv_spi.o
 .debug_info    0x000356b6     0x10e4 build/default/debug/_ext/1360937237/app.o
 .debug_info    0x0003679a      0x55e build/default/debug/_ext/411819097/ffunicode.o
 .debug_info    0x00036cf8     0x1b32 build/default/debug/pdu_packet.o
 .debug_info    0x0003882a      0x2bd c:/program files/microchip/xc32/v4.30/bin/bin/../../lib/gcc/pic32c/8.3.1/../../../../pic32c/lib/thumb/v7e-m+fp/hard\libpic32c.a(data_init.o)
 .debug_info    0x00038ae7      0x621 c:/program files/microchip/xc32/v4.30/bin/bin/../../lib/gcc/pic32c/8.3.1/../../../../pic32c/lib/thumb/v7e-m+fp/hard\libg-musl.a(__libc_start_main.o)
 .debug_info    0x00039108      0x533 c:/program files/microchip/xc32/v4.30/bin/bin/../../lib/gcc/pic32c/8.3.1/../../../../pic32c/lib/thumb/v7e-m+fp/hard\libg-musl.a(libc.o)
 .debug_info    0x0003963b     0x13a3 c:/program files/microchip/xc32/v4.30/bin/bin/../../lib/gcc/pic32c/8.3.1/../../../../pic32c/lib/thumb/v7e-m+fp/hard\libg-musl.a(malloc.o)
 .debug_info    0x0003a9de      0x37a c:/program files/microchip/xc32/v4.30/bin/bin/../../lib/gcc/pic32c/8.3.1/../../../../pic32c/lib/thumb/v7e-m+fp/hard\libg-musl.a(expand_heap.o)
 .debug_info    0x0003ad58      0x6be c:/program files/microchip/xc32/v4.30/bin/bin/../../lib/gcc/pic32c/8.3.1/../../../../pic32c/lib/thumb/v7e-m+fp/hard\libg-musl.a(stdin.o)
 .debug_info    0x0003b416      0x481 c:/program files/microchip/xc32/v4.30/bin/bin/../../lib/gcc/pic32c/8.3.1/../../../../pic32c/lib/thumb/v7e-m+fp/hard\libg-musl.a(stdout.o)
 .debug_info    0x0003b897      0x2e1 c:/program files/microchip/xc32/v4.30/bin/bin/../../lib/gcc/pic32c/8.3.1/../../../../pic32c/lib/thumb/v7e-m+fp/hard\libg-musl.a(setbuf.o)
 .debug_info    0x0003bb78      0x2e0 c:/program files/microchip/xc32/v4.30/bin/bin/../../lib/gcc/pic32c/8.3.1/../../../../pic32c/lib/thumb/v7e-m+fp/hard\libg-musl.a(memcmp.o)
 .debug_info    0x0003be58      0x2ef c:/program files/microchip/xc32/v4.30/bin/bin/../../lib/gcc/pic32c/8.3.1/../../../../pic32c/lib/thumb/v7e-m+fp/hard\libg-musl.a(memcpy.o)
 .debug_info    0x0003c147      0x2b3 c:/program files/microchip/xc32/v4.30/bin/bin/../../lib/gcc/pic32c/8.3.1/../../../../pic32c/lib/thumb/v7e-m+fp/hard\libg-musl.a(memset.o)
 .debug_info    0x0003c3fa      0x2a4 c:/program files/microchip/xc32/v4.30/bin/bin/../../lib/gcc/pic32c/8.3.1/../../../../pic32c/lib/thumb/v7e-m+fp/hard\libg-musl.a(strlen.o)
 .debug_info    0x0003c69e      0x2c6 c:/program files/microchip/xc32/v4.30/bin/bin/../../lib/gcc/pic32c/8.3.1/../../../../pic32c/lib/thumb/v7e-m+fp/hard\libg-musl.a(strchr.o)
 .debug_info    0x0003c964      0x38e c:/program files/microchip/xc32/v4.30/bin/bin/../../lib/gcc/pic32c/8.3.1/../../../../pic32c/lib/thumb/v7e-m+fp/hard\libg-musl.a(strchrnul.o)
 .debug_info    0x0003ccf2      0x2ad c:/program files/microchip/xc32/v4.30/bin/bin/../../lib/gcc/pic32c/8.3.1/../../../../pic32c/lib/thumb/v7e-m+fp/hard\libg-musl.a(__environ.o)
 .debug_info    0x0003cf9f      0x271 c:/program files/microchip/xc32/v4.30/bin/bin/../../lib/gcc/pic32c/8.3.1/../../../../pic32c/lib/thumb/v7e-m+fp/hard\libg-musl.a(__errno_location.o)
 .debug_info    0x0003d210      0x6a8 c:/program files/microchip/xc32/v4.30/bin/bin/../../lib/gcc/pic32c/8.3.1/../../../../pic32c/lib/thumb/v7e-m+fp/hard\libg-musl.a(__stdio_read.o)
 .debug_info    0x0003d8b8      0x5d7 c:/program files/microchip/xc32/v4.30/bin/bin/../../lib/gcc/pic32c/8.3.1/../../../../pic32c/lib/thumb/v7e-m+fp/hard\libg-musl.a(__towrite_rw.o)
 .debug_info    0x0003de8f      0x54b c:/program files/microchip/xc32/v4.30/bin/bin/../../lib/gcc/pic32c/8.3.1/../../../../pic32c/lib/thumb/v7e-m+fp/hard\libg-musl.a(setvbuf.o)
 .debug_info    0x0003e3da      0x364 c:/program files/microchip/xc32/v4.30/bin/bin/../../lib/gcc/pic32c/8.3.1/../../../../pic32c/lib/thumb/v7e-m+fp/hard\libg-musl.a(readv.o)
 .debug_info    0x0003e73e      0x32a c:/program files/microchip/xc32/v4.30/bin/bin/../../lib/gcc/pic32c/8.3.1/../../../../pic32c/lib/thumb/v7e-m+fp/hard\libg-musl.a(__init_stdio.o)
 .debug_info    0x0003ea68      0x536 c:/program files/microchip/xc32/v4.30/bin/bin/../../lib/gcc/pic32c/8.3.1/../../../../pic32c/lib/thumb/v7e-m+fp/hard\libg-musl.a(__out.o)
 .debug_info    0x0003ef9e      0x662 c:/program files/microchip/xc32/v4.30/bin/bin/../../lib/gcc/pic32c/8.3.1/../../../../pic32c/lib/thumb/v7e-m+fp/hard\libg-musl.a(__stderr.o)
 .debug_info    0x0003f600      0x6c2 c:/program files/microchip/xc32/v4.30/bin/bin/../../lib/gcc/pic32c/8.3.1/../../../../pic32c/lib/thumb/v7e-m+fp/hard\libg-musl.a(__stdio_close.o)
 .debug_info    0x0003fcc2      0x6f5 c:/program files/microchip/xc32/v4.30/bin/bin/../../lib/gcc/pic32c/8.3.1/../../../../pic32c/lib/thumb/v7e-m+fp/hard\libg-musl.a(__stdio_write.o)
 .debug_info    0x000403b7      0x662 c:/program files/microchip/xc32/v4.30/bin/bin/../../lib/gcc/pic32c/8.3.1/../../../../pic32c/lib/thumb/v7e-m+fp/hard\libg-musl.a(__stdout.o)
 .debug_info    0x00040a19      0x4f3 c:/program files/microchip/xc32/v4.30/bin/bin/../../lib/gcc/pic32c/8.3.1/../../../../pic32c/lib/thumb/v7e-m+fp/hard\libg-musl.a(__towrite.o)
 .debug_info    0x00040f0c      0x368 c:/program files/microchip/xc32/v4.30/bin/bin/../../lib/gcc/pic32c/8.3.1/../../../../pic32c/lib/thumb/v7e-m+fp/hard\libg-musl.a(writev.o)
 .debug_info    0x00041274       0x26 c:/program files/microchip/xc32/v4.30/bin/bin/../../lib/gcc/pic32c/8.3.1/thumb/v7e-m+fp/hard\libgcc.a(_aeabi_uldivmod.o)
 .debug_info    0x0004129a      0x7aa c:/program files/microchip/xc32/v4.30/bin/bin/../../lib/gcc/pic32c/8.3.1/thumb/v7e-m+fp/hard\libgcc.a(_udivmoddi4.o)
 .debug_info    0x00041a44       0x26 c:/program files/microchip/xc32/v4.30/bin/bin/../../lib/gcc/pic32c/8.3.1/thumb/v7e-m+fp/hard\libgcc.a(_dvmd_tls.o)
 .debug_info    0x00041a6a      0x27e c:/program files/microchip/xc32/v4.30/bin/bin/../../lib/gcc/pic32c/8.3.1/../../../../pic32c/lib/thumb/v7e-m+fp/hard\libpic32c.a(close.o)
 .debug_info    0x00041ce8      0x27e c:/program files/microchip/xc32/v4.30/bin/bin/../../lib/gcc/pic32c/8.3.1/../../../../pic32c/lib/thumb/v7e-m+fp/hard\libpic32c.a(lseek.o)
 .debug_info    0x00041f66      0x27d c:/program files/microchip/xc32/v4.30/bin/bin/../../lib/gcc/pic32c/8.3.1/../../../../pic32c/lib/thumb/v7e-m+fp/hard\libpic32c.a(sbrk.o)
 .debug_info    0x000421e3      0x296 c:/program files/microchip/xc32/v4.30/bin/bin/../../lib/gcc/pic32c/8.3.1/../../../../pic32c/lib/thumb/v7e-m+fp/hard\libpic32c.a(pic32_data_init_clear.o)
 .debug_info    0x00042479      0x295 c:/program files/microchip/xc32/v4.30/bin/bin/../../lib/gcc/pic32c/8.3.1/../../../../pic32c/lib/thumb/v7e-m+fp/hard\libpic32c.a(pic32_data_init_copy.o)

.debug_abbrev   0x00000000     0x738d
 .debug_abbrev  0x00000000      0x122 build/default/debug/_ext/1984496892/plib_clock.o
 .debug_abbrev  0x00000122       0x3b build/default/debug/_ext/1986646378/plib_evsys.o
 .debug_abbrev  0x0000015d      0x1f3 build/default/debug/_ext/1865468468/plib_nvic.o
 .debug_abbrev  0x00000350      0x245 build/default/debug/_ext/1593096446/plib_nvmctrl.o
 .debug_abbrev  0x00000595      0x1d6 build/default/debug/_ext/1865521619/plib_port.o
 .debug_abbrev  0x0000076b       0xb9 build/default/debug/_ext/163028504/xc32_monitor.o
 .debug_abbrev  0x00000824      0x2e2 build/default/debug/_ext/1171490990/initialization.o
 .debug_abbrev  0x00000b06       0x3e build/default/debug/_ext/1171490990/exceptions.o
 .debug_abbrev  0x00000b44       0xda build/default/debug/_ext/1171490990/interrupts.o
 .debug_abbrev  0x00000c1e      0x1db build/default/debug/_ext/1171490990/startup_xc32.o
 .debug_abbrev  0x00000df9      0x14e build/default/debug/_ext/1171490990/freertos_hooks.o
 .debug_abbrev  0x00000f47      0x226 build/default/debug/_ext/246609638/port.o
 .debug_abbrev  0x0000116d      0x14e build/default/debug/_ext/1665200909/heap_1.o
 .debug_abbrev  0x000012bb      0x367 build/default/debug/_ext/404212886/queue.o
 .debug_abbrev  0x00001622      0x46f build/default/debug/_ext/404212886/FreeRTOS_tasks.o
 .debug_abbrev  0x00001a91      0x15e build/default/debug/_ext/404212886/list.o
 .debug_abbrev  0x00001bef       0x77 build/default/debug/_ext/1360937237/main.o
 .debug_abbrev  0x00001c66      0x2a1 build/default/debug/_ext/504274921/plib_sercom3_usart.o
 .debug_abbrev  0x00001f07      0x15a build/default/debug/_ext/1100529066/drv_sdspi_file_system.o
 .debug_abbrev  0x00002061      0x201 build/default/debug/_ext/714983638/plib_sercom4_i2c_slave.o
 .debug_abbrev  0x00002262      0x312 build/default/debug/_ext/1269487135/sys_fs_fat_interface.o
 .debug_abbrev  0x00002574      0x3f8 build/default/debug/_ext/411819097/ff.o
 .debug_abbrev  0x0000296c      0x218 build/default/debug/_ext/60180175/plib_rtc_timer.o
 .debug_abbrev  0x00002b84      0x4a2 build/default/debug/_ext/1269487135/sys_fs.o
 .debug_abbrev  0x00003026      0x2d2 build/default/debug/_ext/565198302/diskio.o
 .debug_abbrev  0x000032f8      0x4c9 build/default/debug/_ext/101884895/sys_time.o
 .debug_abbrev  0x000037c1      0x170 build/default/debug/_ext/1171490990/tasks.o
 .debug_abbrev  0x00003931      0x504 build/default/debug/_ext/1269487135/sys_fs_media_manager.o
 .debug_abbrev  0x00003e35      0x1ea build/default/debug/_ext/1529399856/osal_freertos.o
 .debug_abbrev  0x0000401f      0x573 build/default/debug/_ext/1100529066/drv_sdspi.o
 .debug_abbrev  0x00004592      0x240 build/default/debug/_ext/1881668453/sys_int.o
 .debug_abbrev  0x000047d2      0x266 build/default/debug/_ext/1100529066/drv_sdspi_driver_interface.o
 .debug_abbrev  0x00004a38      0x2b2 build/default/debug/_ext/17022449/plib_sercom2_spi_master.o
 .debug_abbrev  0x00004cea      0x449 build/default/debug/_ext/2070931557/drv_spi.o
 .debug_abbrev  0x00005133      0x1f3 build/default/debug/_ext/1360937237/app.o
 .debug_abbrev  0x00005326      0x103 build/default/debug/_ext/411819097/ffunicode.o
 .debug_abbrev  0x00005429      0x228 build/default/debug/pdu_packet.o
 .debug_abbrev  0x00005651       0x44 c:/program files/microchip/xc32/v4.30/bin/bin/../../lib/gcc/pic32c/8.3.1/../../../../pic32c/lib/thumb/v7e-m+fp/hard\libpic32c.a(data_init.o)
 .debug_abbrev  0x00005695      0x117 c:/program files/microchip/xc32/v4.30/bin/bin/../../lib/gcc/pic32c/8.3.1/../../../../pic32c/lib/thumb/v7e-m+fp/hard\libg-musl.a(__libc_start_main.o)
 .debug_abbrev  0x000057ac       0xb8 c:/program files/microchip/xc32/v4.30/bin/bin/../../lib/gcc/pic32c/8.3.1/../../../../pic32c/lib/thumb/v7e-m+fp/hard\libg-musl.a(libc.o)
 .debug_abbrev  0x00005864      0x402 c:/program files/microchip/xc32/v4.30/bin/bin/../../lib/gcc/pic32c/8.3.1/../../../../pic32c/lib/thumb/v7e-m+fp/hard\libg-musl.a(malloc.o)
 .debug_abbrev  0x00005c66       0xa5 c:/program files/microchip/xc32/v4.30/bin/bin/../../lib/gcc/pic32c/8.3.1/../../../../pic32c/lib/thumb/v7e-m+fp/hard\libg-musl.a(expand_heap.o)
 .debug_abbrev  0x00005d0b      0x178 c:/program files/microchip/xc32/v4.30/bin/bin/../../lib/gcc/pic32c/8.3.1/../../../../pic32c/lib/thumb/v7e-m+fp/hard\libg-musl.a(stdin.o)
 .debug_abbrev  0x00005e83      0x135 c:/program files/microchip/xc32/v4.30/bin/bin/../../lib/gcc/pic32c/8.3.1/../../../../pic32c/lib/thumb/v7e-m+fp/hard\libg-musl.a(stdout.o)
 .debug_abbrev  0x00005fb8       0xa0 c:/program files/microchip/xc32/v4.30/bin/bin/../../lib/gcc/pic32c/8.3.1/../../../../pic32c/lib/thumb/v7e-m+fp/hard\libg-musl.a(setbuf.o)
 .debug_abbrev  0x00006058       0x8b c:/program files/microchip/xc32/v4.30/bin/bin/../../lib/gcc/pic32c/8.3.1/../../../../pic32c/lib/thumb/v7e-m+fp/hard\libg-musl.a(memcmp.o)
 .debug_abbrev  0x000060e3       0x9c c:/program files/microchip/xc32/v4.30/bin/bin/../../lib/gcc/pic32c/8.3.1/../../../../pic32c/lib/thumb/v7e-m+fp/hard\libg-musl.a(memcpy.o)
 .debug_abbrev  0x0000617f       0x97 c:/program files/microchip/xc32/v4.30/bin/bin/../../lib/gcc/pic32c/8.3.1/../../../../pic32c/lib/thumb/v7e-m+fp/hard\libg-musl.a(memset.o)
 .debug_abbrev  0x00006216       0x86 c:/program files/microchip/xc32/v4.30/bin/bin/../../lib/gcc/pic32c/8.3.1/../../../../pic32c/lib/thumb/v7e-m+fp/hard\libg-musl.a(strlen.o)
 .debug_abbrev  0x0000629c       0xa2 c:/program files/microchip/xc32/v4.30/bin/bin/../../lib/gcc/pic32c/8.3.1/../../../../pic32c/lib/thumb/v7e-m+fp/hard\libg-musl.a(strchr.o)
 .debug_abbrev  0x0000633e       0xa5 c:/program files/microchip/xc32/v4.30/bin/bin/../../lib/gcc/pic32c/8.3.1/../../../../pic32c/lib/thumb/v7e-m+fp/hard\libg-musl.a(strchrnul.o)
 .debug_abbrev  0x000063e3       0x57 c:/program files/microchip/xc32/v4.30/bin/bin/../../lib/gcc/pic32c/8.3.1/../../../../pic32c/lib/thumb/v7e-m+fp/hard\libg-musl.a(__environ.o)
 .debug_abbrev  0x0000643a       0x2e c:/program files/microchip/xc32/v4.30/bin/bin/../../lib/gcc/pic32c/8.3.1/../../../../pic32c/lib/thumb/v7e-m+fp/hard\libg-musl.a(__errno_location.o)
 .debug_abbrev  0x00006468      0x150 c:/program files/microchip/xc32/v4.30/bin/bin/../../lib/gcc/pic32c/8.3.1/../../../../pic32c/lib/thumb/v7e-m+fp/hard\libg-musl.a(__stdio_read.o)
 .debug_abbrev  0x000065b8       0xdc c:/program files/microchip/xc32/v4.30/bin/bin/../../lib/gcc/pic32c/8.3.1/../../../../pic32c/lib/thumb/v7e-m+fp/hard\libg-musl.a(__towrite_rw.o)
 .debug_abbrev  0x00006694      0x11c c:/program files/microchip/xc32/v4.30/bin/bin/../../lib/gcc/pic32c/8.3.1/../../../../pic32c/lib/thumb/v7e-m+fp/hard\libg-musl.a(setvbuf.o)
 .debug_abbrev  0x000067b0       0xd8 c:/program files/microchip/xc32/v4.30/bin/bin/../../lib/gcc/pic32c/8.3.1/../../../../pic32c/lib/thumb/v7e-m+fp/hard\libg-musl.a(readv.o)
 .debug_abbrev  0x00006888       0x5a c:/program files/microchip/xc32/v4.30/bin/bin/../../lib/gcc/pic32c/8.3.1/../../../../pic32c/lib/thumb/v7e-m+fp/hard\libg-musl.a(__init_stdio.o)
 .debug_abbrev  0x000068e2      0x170 c:/program files/microchip/xc32/v4.30/bin/bin/../../lib/gcc/pic32c/8.3.1/../../../../pic32c/lib/thumb/v7e-m+fp/hard\libg-musl.a(__out.o)
 .debug_abbrev  0x00006a52      0x154 c:/program files/microchip/xc32/v4.30/bin/bin/../../lib/gcc/pic32c/8.3.1/../../../../pic32c/lib/thumb/v7e-m+fp/hard\libg-musl.a(__stderr.o)
 .debug_abbrev  0x00006ba6      0x122 c:/program files/microchip/xc32/v4.30/bin/bin/../../lib/gcc/pic32c/8.3.1/../../../../pic32c/lib/thumb/v7e-m+fp/hard\libg-musl.a(__stdio_close.o)
 .debug_abbrev  0x00006cc8      0x1a1 c:/program files/microchip/xc32/v4.30/bin/bin/../../lib/gcc/pic32c/8.3.1/../../../../pic32c/lib/thumb/v7e-m+fp/hard\libg-musl.a(__stdio_write.o)
 .debug_abbrev  0x00006e69      0x154 c:/program files/microchip/xc32/v4.30/bin/bin/../../lib/gcc/pic32c/8.3.1/../../../../pic32c/lib/thumb/v7e-m+fp/hard\libg-musl.a(__stdout.o)
 .debug_abbrev  0x00006fbd       0xf8 c:/program files/microchip/xc32/v4.30/bin/bin/../../lib/gcc/pic32c/8.3.1/../../../../pic32c/lib/thumb/v7e-m+fp/hard\libg-musl.a(__towrite.o)
 .debug_abbrev  0x000070b5       0xd8 c:/program files/microchip/xc32/v4.30/bin/bin/../../lib/gcc/pic32c/8.3.1/../../../../pic32c/lib/thumb/v7e-m+fp/hard\libg-musl.a(writev.o)
 .debug_abbrev  0x0000718d       0x14 c:/program files/microchip/xc32/v4.30/bin/bin/../../lib/gcc/pic32c/8.3.1/thumb/v7e-m+fp/hard\libgcc.a(_aeabi_uldivmod.o)
 .debug_abbrev  0x000071a1       0xf2 c:/program files/microchip/xc32/v4.30/bin/bin/../../lib/gcc/pic32c/8.3.1/thumb/v7e-m+fp/hard\libgcc.a(_udivmoddi4.o)
 .debug_abbrev  0x00007293       0x14 c:/program files/microchip/xc32/v4.30/bin/bin/../../lib/gcc/pic32c/8.3.1/thumb/v7e-m+fp/hard\libgcc.a(_dvmd_tls.o)
 .debug_abbrev  0x000072a7       0x2e c:/program files/microchip/xc32/v4.30/bin/bin/../../lib/gcc/pic32c/8.3.1/../../../../pic32c/lib/thumb/v7e-m+fp/hard\libpic32c.a(close.o)
 .debug_abbrev  0x000072d5       0x2e c:/program files/microchip/xc32/v4.30/bin/bin/../../lib/gcc/pic32c/8.3.1/../../../../pic32c/lib/thumb/v7e-m+fp/hard\libpic32c.a(lseek.o)
 .debug_abbrev  0x00007303       0x2e c:/program files/microchip/xc32/v4.30/bin/bin/../../lib/gcc/pic32c/8.3.1/../../../../pic32c/lib/thumb/v7e-m+fp/hard\libpic32c.a(sbrk.o)
 .debug_abbrev  0x00007331       0x2e c:/program files/microchip/xc32/v4.30/bin/bin/../../lib/gcc/pic32c/8.3.1/../../../../pic32c/lib/thumb/v7e-m+fp/hard\libpic32c.a(pic32_data_init_clear.o)
 .debug_abbrev  0x0000735f       0x2e c:/program files/microchip/xc32/v4.30/bin/bin/../../lib/gcc/pic32c/8.3.1/../../../../pic32c/lib/thumb/v7e-m+fp/hard\libpic32c.a(pic32_data_init_copy.o)

.debug_aranges  0x00000000     0x1788
 .debug_aranges
                0x00000000       0x20 build/default/debug/_ext/1984496892/plib_clock.o
 .debug_aranges
                0x00000020       0x20 build/default/debug/_ext/1986646378/plib_evsys.o
 .debug_aranges
                0x00000040       0x38 build/default/debug/_ext/1865468468/plib_nvic.o
 .debug_aranges
                0x00000078       0xd8 build/default/debug/_ext/1593096446/plib_nvmctrl.o
 .debug_aranges
                0x00000150       0x70 build/default/debug/_ext/1865521619/plib_port.o
 .debug_aranges
                0x000001c0       0x28 build/default/debug/_ext/163028504/xc32_monitor.o
 .debug_aranges
                0x000001e8       0x20 build/default/debug/_ext/1171490990/initialization.o
 .debug_aranges
                0x00000208       0x48 build/default/debug/_ext/1171490990/exceptions.o
 .debug_aranges
                0x00000250       0x20 build/default/debug/_ext/1171490990/interrupts.o
 .debug_aranges
                0x00000270       0x28 build/default/debug/_ext/1171490990/startup_xc32.o
 .debug_aranges
                0x00000298       0x40 build/default/debug/_ext/1171490990/freertos_hooks.o
 .debug_aranges
                0x000002d8       0x78 build/default/debug/_ext/246609638/port.o
 .debug_aranges
                0x00000350       0x38 build/default/debug/_ext/1665200909/heap_1.o
 .debug_aranges
                0x00000388       0xc8 build/default/debug/_ext/404212886/queue.o
 .debug_aranges
                0x00000450      0x178 build/default/debug/_ext/404212886/FreeRTOS_tasks.o
 .debug_aranges
                0x000005c8       0x40 build/default/debug/_ext/404212886/list.o
 .debug_aranges
                0x00000608       0x20 build/default/debug/_ext/1360937237/main.o
 .debug_aranges
                0x00000628       0xa8 build/default/debug/_ext/504274921/plib_sercom3_usart.o
 .debug_aranges
                0x000006d0       0x20 build/default/debug/_ext/1100529066/drv_sdspi_file_system.o
 .debug_aranges
                0x000006f0       0x68 build/default/debug/_ext/714983638/plib_sercom4_i2c_slave.o
 .debug_aranges
                0x00000758      0x130 build/default/debug/_ext/1269487135/sys_fs_fat_interface.o
 .debug_aranges
                0x00000888      0x210 build/default/debug/_ext/411819097/ff.o
 .debug_aranges
                0x00000a98       0xb0 build/default/debug/_ext/60180175/plib_rtc_timer.o
 .debug_aranges
                0x00000b48      0x170 build/default/debug/_ext/1269487135/sys_fs.o
 .debug_aranges
                0x00000cb8       0x58 build/default/debug/_ext/565198302/diskio.o
 .debug_aranges
                0x00000d10      0x108 build/default/debug/_ext/101884895/sys_time.o
 .debug_aranges
                0x00000e18       0x38 build/default/debug/_ext/1171490990/tasks.o
 .debug_aranges
                0x00000e50       0x98 build/default/debug/_ext/1269487135/sys_fs_media_manager.o
 .debug_aranges
                0x00000ee8       0x90 build/default/debug/_ext/1529399856/osal_freertos.o
 .debug_aranges
                0x00000f78       0xb0 build/default/debug/_ext/1100529066/drv_sdspi.o
 .debug_aranges
                0x00001028       0x40 build/default/debug/_ext/1881668453/sys_int.o
 .debug_aranges
                0x00001068       0x80 build/default/debug/_ext/1100529066/drv_sdspi_driver_interface.o
 .debug_aranges
                0x000010e8       0x60 build/default/debug/_ext/17022449/plib_sercom2_spi_master.o
 .debug_aranges
                0x00001148       0x70 build/default/debug/_ext/2070931557/drv_spi.o
 .debug_aranges
                0x000011b8       0x50 build/default/debug/_ext/1360937237/app.o
 .debug_aranges
                0x00001208       0x30 build/default/debug/_ext/411819097/ffunicode.o
 .debug_aranges
                0x00001238       0x20 build/default/debug/pdu_packet.o
 .debug_aranges
                0x00001258       0x28 c:/program files/microchip/xc32/v4.30/bin/bin/../../lib/gcc/pic32c/8.3.1/../../../../pic32c/lib/thumb/v7e-m+fp/hard\libpic32c.a(data_init.o)
 .debug_aranges
                0x00001280       0x28 c:/program files/microchip/xc32/v4.30/bin/bin/../../lib/gcc/pic32c/8.3.1/../../../../pic32c/lib/thumb/v7e-m+fp/hard\libg-musl.a(__libc_start_main.o)
 .debug_aranges
                0x000012a8       0x18 c:/program files/microchip/xc32/v4.30/bin/bin/../../lib/gcc/pic32c/8.3.1/../../../../pic32c/lib/thumb/v7e-m+fp/hard\libg-musl.a(libc.o)
 .debug_aranges
                0x000012c0       0x70 c:/program files/microchip/xc32/v4.30/bin/bin/../../lib/gcc/pic32c/8.3.1/../../../../pic32c/lib/thumb/v7e-m+fp/hard\libg-musl.a(malloc.o)
 .debug_aranges
                0x00001330       0x20 c:/program files/microchip/xc32/v4.30/bin/bin/../../lib/gcc/pic32c/8.3.1/../../../../pic32c/lib/thumb/v7e-m+fp/hard\libg-musl.a(expand_heap.o)
 .debug_aranges
                0x00001350       0x28 c:/program files/microchip/xc32/v4.30/bin/bin/../../lib/gcc/pic32c/8.3.1/../../../../pic32c/lib/thumb/v7e-m+fp/hard\libg-musl.a(stdin.o)
 .debug_aranges
                0x00001378       0x30 c:/program files/microchip/xc32/v4.30/bin/bin/../../lib/gcc/pic32c/8.3.1/../../../../pic32c/lib/thumb/v7e-m+fp/hard\libg-musl.a(stdout.o)
 .debug_aranges
                0x000013a8       0x20 c:/program files/microchip/xc32/v4.30/bin/bin/../../lib/gcc/pic32c/8.3.1/../../../../pic32c/lib/thumb/v7e-m+fp/hard\libg-musl.a(setbuf.o)
 .debug_aranges
                0x000013c8       0x20 c:/program files/microchip/xc32/v4.30/bin/bin/../../lib/gcc/pic32c/8.3.1/../../../../pic32c/lib/thumb/v7e-m+fp/hard\libg-musl.a(memcmp.o)
 .debug_aranges
                0x000013e8       0x20 c:/program files/microchip/xc32/v4.30/bin/bin/../../lib/gcc/pic32c/8.3.1/../../../../pic32c/lib/thumb/v7e-m+fp/hard\libg-musl.a(memcpy.o)
 .debug_aranges
                0x00001408       0x20 c:/program files/microchip/xc32/v4.30/bin/bin/../../lib/gcc/pic32c/8.3.1/../../../../pic32c/lib/thumb/v7e-m+fp/hard\libg-musl.a(memset.o)
 .debug_aranges
                0x00001428       0x20 c:/program files/microchip/xc32/v4.30/bin/bin/../../lib/gcc/pic32c/8.3.1/../../../../pic32c/lib/thumb/v7e-m+fp/hard\libg-musl.a(strlen.o)
 .debug_aranges
                0x00001448       0x20 c:/program files/microchip/xc32/v4.30/bin/bin/../../lib/gcc/pic32c/8.3.1/../../../../pic32c/lib/thumb/v7e-m+fp/hard\libg-musl.a(strchr.o)
 .debug_aranges
                0x00001468       0x20 c:/program files/microchip/xc32/v4.30/bin/bin/../../lib/gcc/pic32c/8.3.1/../../../../pic32c/lib/thumb/v7e-m+fp/hard\libg-musl.a(strchrnul.o)
 .debug_aranges
                0x00001488       0x18 c:/program files/microchip/xc32/v4.30/bin/bin/../../lib/gcc/pic32c/8.3.1/../../../../pic32c/lib/thumb/v7e-m+fp/hard\libg-musl.a(__environ.o)
 .debug_aranges
                0x000014a0       0x18 c:/program files/microchip/xc32/v4.30/bin/bin/../../lib/gcc/pic32c/8.3.1/../../../../pic32c/lib/thumb/v7e-m+fp/hard\libg-musl.a(__errno_location.o)
 .debug_aranges
                0x000014b8       0x20 c:/program files/microchip/xc32/v4.30/bin/bin/../../lib/gcc/pic32c/8.3.1/../../../../pic32c/lib/thumb/v7e-m+fp/hard\libg-musl.a(__stdio_read.o)
 .debug_aranges
                0x000014d8       0x20 c:/program files/microchip/xc32/v4.30/bin/bin/../../lib/gcc/pic32c/8.3.1/../../../../pic32c/lib/thumb/v7e-m+fp/hard\libg-musl.a(__towrite_rw.o)
 .debug_aranges
                0x000014f8       0x28 c:/program files/microchip/xc32/v4.30/bin/bin/../../lib/gcc/pic32c/8.3.1/../../../../pic32c/lib/thumb/v7e-m+fp/hard\libg-musl.a(setvbuf.o)
 .debug_aranges
                0x00001520       0x20 c:/program files/microchip/xc32/v4.30/bin/bin/../../lib/gcc/pic32c/8.3.1/../../../../pic32c/lib/thumb/v7e-m+fp/hard\libg-musl.a(readv.o)
 .debug_aranges
                0x00001540       0x28 c:/program files/microchip/xc32/v4.30/bin/bin/../../lib/gcc/pic32c/8.3.1/../../../../pic32c/lib/thumb/v7e-m+fp/hard\libg-musl.a(__init_stdio.o)
 .debug_aranges
                0x00001568       0x28 c:/program files/microchip/xc32/v4.30/bin/bin/../../lib/gcc/pic32c/8.3.1/../../../../pic32c/lib/thumb/v7e-m+fp/hard\libg-musl.a(__out.o)
 .debug_aranges
                0x00001590       0x30 c:/program files/microchip/xc32/v4.30/bin/bin/../../lib/gcc/pic32c/8.3.1/../../../../pic32c/lib/thumb/v7e-m+fp/hard\libg-musl.a(__stderr.o)
 .debug_aranges
                0x000015c0       0x28 c:/program files/microchip/xc32/v4.30/bin/bin/../../lib/gcc/pic32c/8.3.1/../../../../pic32c/lib/thumb/v7e-m+fp/hard\libg-musl.a(__stdio_close.o)
 .debug_aranges
                0x000015e8       0x28 c:/program files/microchip/xc32/v4.30/bin/bin/../../lib/gcc/pic32c/8.3.1/../../../../pic32c/lib/thumb/v7e-m+fp/hard\libg-musl.a(__stdio_write.o)
 .debug_aranges
                0x00001610       0x30 c:/program files/microchip/xc32/v4.30/bin/bin/../../lib/gcc/pic32c/8.3.1/../../../../pic32c/lib/thumb/v7e-m+fp/hard\libg-musl.a(__stdout.o)
 .debug_aranges
                0x00001640       0x28 c:/program files/microchip/xc32/v4.30/bin/bin/../../lib/gcc/pic32c/8.3.1/../../../../pic32c/lib/thumb/v7e-m+fp/hard\libg-musl.a(__towrite.o)
 .debug_aranges
                0x00001668       0x20 c:/program files/microchip/xc32/v4.30/bin/bin/../../lib/gcc/pic32c/8.3.1/../../../../pic32c/lib/thumb/v7e-m+fp/hard\libg-musl.a(writev.o)
 .debug_aranges
                0x00001688       0x20 c:/program files/microchip/xc32/v4.30/bin/bin/../../lib/gcc/pic32c/8.3.1/thumb/v7e-m+fp/hard\libgcc.a(_aeabi_uldivmod.o)
 .debug_aranges
                0x000016a8       0x20 c:/program files/microchip/xc32/v4.30/bin/bin/../../lib/gcc/pic32c/8.3.1/thumb/v7e-m+fp/hard\libgcc.a(_udivmoddi4.o)
 .debug_aranges
                0x000016c8       0x20 c:/program files/microchip/xc32/v4.30/bin/bin/../../lib/gcc/pic32c/8.3.1/thumb/v7e-m+fp/hard\libgcc.a(_dvmd_tls.o)
 .debug_aranges
                0x000016e8       0x20 c:/program files/microchip/xc32/v4.30/bin/bin/../../lib/gcc/pic32c/8.3.1/../../../../pic32c/lib/thumb/v7e-m+fp/hard\libpic32c.a(close.o)
 .debug_aranges
                0x00001708       0x20 c:/program files/microchip/xc32/v4.30/bin/bin/../../lib/gcc/pic32c/8.3.1/../../../../pic32c/lib/thumb/v7e-m+fp/hard\libpic32c.a(lseek.o)
 .debug_aranges
                0x00001728       0x20 c:/program files/microchip/xc32/v4.30/bin/bin/../../lib/gcc/pic32c/8.3.1/../../../../pic32c/lib/thumb/v7e-m+fp/hard\libpic32c.a(sbrk.o)
 .debug_aranges
                0x00001748       0x20 c:/program files/microchip/xc32/v4.30/bin/bin/../../lib/gcc/pic32c/8.3.1/../../../../pic32c/lib/thumb/v7e-m+fp/hard\libpic32c.a(pic32_data_init_clear.o)
 .debug_aranges
                0x00001768       0x20 c:/program files/microchip/xc32/v4.30/bin/bin/../../lib/gcc/pic32c/8.3.1/../../../../pic32c/lib/thumb/v7e-m+fp/hard\libpic32c.a(pic32_data_init_copy.o)

.debug_ranges   0x00000000     0x1b80
 .debug_ranges  0x00000000       0x10 build/default/debug/_ext/1984496892/plib_clock.o
 .debug_ranges  0x00000010       0x10 build/default/debug/_ext/1986646378/plib_evsys.o
 .debug_ranges  0x00000020       0x28 build/default/debug/_ext/1865468468/plib_nvic.o
 .debug_ranges  0x00000048       0xc8 build/default/debug/_ext/1593096446/plib_nvmctrl.o
 .debug_ranges  0x00000110       0x60 build/default/debug/_ext/1865521619/plib_port.o
 .debug_ranges  0x00000170       0x18 build/default/debug/_ext/163028504/xc32_monitor.o
 .debug_ranges  0x00000188       0x10 build/default/debug/_ext/1171490990/initialization.o
 .debug_ranges  0x00000198       0x38 build/default/debug/_ext/1171490990/exceptions.o
 .debug_ranges  0x000001d0       0x10 build/default/debug/_ext/1171490990/interrupts.o
 .debug_ranges  0x000001e0       0x18 build/default/debug/_ext/1171490990/startup_xc32.o
 .debug_ranges  0x000001f8       0x30 build/default/debug/_ext/1171490990/freertos_hooks.o
 .debug_ranges  0x00000228       0x68 build/default/debug/_ext/246609638/port.o
 .debug_ranges  0x00000290       0x28 build/default/debug/_ext/1665200909/heap_1.o
 .debug_ranges  0x000002b8      0x178 build/default/debug/_ext/404212886/queue.o
 .debug_ranges  0x00000430      0x2c0 build/default/debug/_ext/404212886/FreeRTOS_tasks.o
 .debug_ranges  0x000006f0       0x30 build/default/debug/_ext/404212886/list.o
 .debug_ranges  0x00000720       0x10 build/default/debug/_ext/1360937237/main.o
 .debug_ranges  0x00000730       0x98 build/default/debug/_ext/504274921/plib_sercom3_usart.o
 .debug_ranges  0x000007c8       0x10 build/default/debug/_ext/1100529066/drv_sdspi_file_system.o
 .debug_ranges  0x000007d8       0x78 build/default/debug/_ext/714983638/plib_sercom4_i2c_slave.o
 .debug_ranges  0x00000850      0x120 build/default/debug/_ext/1269487135/sys_fs_fat_interface.o
 .debug_ranges  0x00000970      0x3b8 build/default/debug/_ext/411819097/ff.o
 .debug_ranges  0x00000d28       0xa0 build/default/debug/_ext/60180175/plib_rtc_timer.o
 .debug_ranges  0x00000dc8      0x178 build/default/debug/_ext/1269487135/sys_fs.o
 .debug_ranges  0x00000f40       0x60 build/default/debug/_ext/565198302/diskio.o
 .debug_ranges  0x00000fa0      0x128 build/default/debug/_ext/101884895/sys_time.o
 .debug_ranges  0x000010c8       0x28 build/default/debug/_ext/1171490990/tasks.o
 .debug_ranges  0x000010f0      0x110 build/default/debug/_ext/1269487135/sys_fs_media_manager.o
 .debug_ranges  0x00001200       0x80 build/default/debug/_ext/1529399856/osal_freertos.o
 .debug_ranges  0x00001280      0x220 build/default/debug/_ext/1100529066/drv_sdspi.o
 .debug_ranges  0x000014a0       0x30 build/default/debug/_ext/1881668453/sys_int.o
 .debug_ranges  0x000014d0       0x70 build/default/debug/_ext/1100529066/drv_sdspi_driver_interface.o
 .debug_ranges  0x00001540       0x68 build/default/debug/_ext/17022449/plib_sercom2_spi_master.o
 .debug_ranges  0x000015a8       0x78 build/default/debug/_ext/2070931557/drv_spi.o
 .debug_ranges  0x00001620       0x40 build/default/debug/_ext/1360937237/app.o
 .debug_ranges  0x00001660       0x20 build/default/debug/_ext/411819097/ffunicode.o
 .debug_ranges  0x00001680       0x28 build/default/debug/pdu_packet.o
 .debug_ranges  0x000016a8       0x18 c:/program files/microchip/xc32/v4.30/bin/bin/../../lib/gcc/pic32c/8.3.1/../../../../pic32c/lib/thumb/v7e-m+fp/hard\libpic32c.a(data_init.o)
 .debug_ranges  0x000016c0       0x40 c:/program files/microchip/xc32/v4.30/bin/bin/../../lib/gcc/pic32c/8.3.1/../../../../pic32c/lib/thumb/v7e-m+fp/hard\libg-musl.a(__libc_start_main.o)
 .debug_ranges  0x00001700      0x1a0 c:/program files/microchip/xc32/v4.30/bin/bin/../../lib/gcc/pic32c/8.3.1/../../../../pic32c/lib/thumb/v7e-m+fp/hard\libg-musl.a(malloc.o)
 .debug_ranges  0x000018a0       0x10 c:/program files/microchip/xc32/v4.30/bin/bin/../../lib/gcc/pic32c/8.3.1/../../../../pic32c/lib/thumb/v7e-m+fp/hard\libg-musl.a(expand_heap.o)
 .debug_ranges  0x000018b0       0x18 c:/program files/microchip/xc32/v4.30/bin/bin/../../lib/gcc/pic32c/8.3.1/../../../../pic32c/lib/thumb/v7e-m+fp/hard\libg-musl.a(stdin.o)
 .debug_ranges  0x000018c8       0x20 c:/program files/microchip/xc32/v4.30/bin/bin/../../lib/gcc/pic32c/8.3.1/../../../../pic32c/lib/thumb/v7e-m+fp/hard\libg-musl.a(stdout.o)
 .debug_ranges  0x000018e8       0x10 c:/program files/microchip/xc32/v4.30/bin/bin/../../lib/gcc/pic32c/8.3.1/../../../../pic32c/lib/thumb/v7e-m+fp/hard\libg-musl.a(setbuf.o)
 .debug_ranges  0x000018f8       0x10 c:/program files/microchip/xc32/v4.30/bin/bin/../../lib/gcc/pic32c/8.3.1/../../../../pic32c/lib/thumb/v7e-m+fp/hard\libg-musl.a(memcmp.o)
 .debug_ranges  0x00001908       0x10 c:/program files/microchip/xc32/v4.30/bin/bin/../../lib/gcc/pic32c/8.3.1/../../../../pic32c/lib/thumb/v7e-m+fp/hard\libg-musl.a(memcpy.o)
 .debug_ranges  0x00001918       0x10 c:/program files/microchip/xc32/v4.30/bin/bin/../../lib/gcc/pic32c/8.3.1/../../../../pic32c/lib/thumb/v7e-m+fp/hard\libg-musl.a(memset.o)
 .debug_ranges  0x00001928       0x10 c:/program files/microchip/xc32/v4.30/bin/bin/../../lib/gcc/pic32c/8.3.1/../../../../pic32c/lib/thumb/v7e-m+fp/hard\libg-musl.a(strlen.o)
 .debug_ranges  0x00001938       0x10 c:/program files/microchip/xc32/v4.30/bin/bin/../../lib/gcc/pic32c/8.3.1/../../../../pic32c/lib/thumb/v7e-m+fp/hard\libg-musl.a(strchr.o)
 .debug_ranges  0x00001948       0x10 c:/program files/microchip/xc32/v4.30/bin/bin/../../lib/gcc/pic32c/8.3.1/../../../../pic32c/lib/thumb/v7e-m+fp/hard\libg-musl.a(strchrnul.o)
 .debug_ranges  0x00001958       0x10 c:/program files/microchip/xc32/v4.30/bin/bin/../../lib/gcc/pic32c/8.3.1/../../../../pic32c/lib/thumb/v7e-m+fp/hard\libg-musl.a(__stdio_read.o)
 .debug_ranges  0x00001968       0x10 c:/program files/microchip/xc32/v4.30/bin/bin/../../lib/gcc/pic32c/8.3.1/../../../../pic32c/lib/thumb/v7e-m+fp/hard\libg-musl.a(__towrite_rw.o)
 .debug_ranges  0x00001978       0x18 c:/program files/microchip/xc32/v4.30/bin/bin/../../lib/gcc/pic32c/8.3.1/../../../../pic32c/lib/thumb/v7e-m+fp/hard\libg-musl.a(setvbuf.o)
 .debug_ranges  0x00001990       0x10 c:/program files/microchip/xc32/v4.30/bin/bin/../../lib/gcc/pic32c/8.3.1/../../../../pic32c/lib/thumb/v7e-m+fp/hard\libg-musl.a(readv.o)
 .debug_ranges  0x000019a0       0x18 c:/program files/microchip/xc32/v4.30/bin/bin/../../lib/gcc/pic32c/8.3.1/../../../../pic32c/lib/thumb/v7e-m+fp/hard\libg-musl.a(__init_stdio.o)
 .debug_ranges  0x000019b8       0x18 c:/program files/microchip/xc32/v4.30/bin/bin/../../lib/gcc/pic32c/8.3.1/../../../../pic32c/lib/thumb/v7e-m+fp/hard\libg-musl.a(__out.o)
 .debug_ranges  0x000019d0       0x20 c:/program files/microchip/xc32/v4.30/bin/bin/../../lib/gcc/pic32c/8.3.1/../../../../pic32c/lib/thumb/v7e-m+fp/hard\libg-musl.a(__stderr.o)
 .debug_ranges  0x000019f0       0x18 c:/program files/microchip/xc32/v4.30/bin/bin/../../lib/gcc/pic32c/8.3.1/../../../../pic32c/lib/thumb/v7e-m+fp/hard\libg-musl.a(__stdio_close.o)
 .debug_ranges  0x00001a08       0x30 c:/program files/microchip/xc32/v4.30/bin/bin/../../lib/gcc/pic32c/8.3.1/../../../../pic32c/lib/thumb/v7e-m+fp/hard\libg-musl.a(__stdio_write.o)
 .debug_ranges  0x00001a38       0x20 c:/program files/microchip/xc32/v4.30/bin/bin/../../lib/gcc/pic32c/8.3.1/../../../../pic32c/lib/thumb/v7e-m+fp/hard\libg-musl.a(__stdout.o)
 .debug_ranges  0x00001a58       0x18 c:/program files/microchip/xc32/v4.30/bin/bin/../../lib/gcc/pic32c/8.3.1/../../../../pic32c/lib/thumb/v7e-m+fp/hard\libg-musl.a(__towrite.o)
 .debug_ranges  0x00001a70       0x10 c:/program files/microchip/xc32/v4.30/bin/bin/../../lib/gcc/pic32c/8.3.1/../../../../pic32c/lib/thumb/v7e-m+fp/hard\libg-musl.a(writev.o)
 .debug_ranges  0x00001a80       0xb0 c:/program files/microchip/xc32/v4.30/bin/bin/../../lib/gcc/pic32c/8.3.1/thumb/v7e-m+fp/hard\libgcc.a(_udivmoddi4.o)
 .debug_ranges  0x00001b30       0x10 c:/program files/microchip/xc32/v4.30/bin/bin/../../lib/gcc/pic32c/8.3.1/../../../../pic32c/lib/thumb/v7e-m+fp/hard\libpic32c.a(close.o)
 .debug_ranges  0x00001b40       0x10 c:/program files/microchip/xc32/v4.30/bin/bin/../../lib/gcc/pic32c/8.3.1/../../../../pic32c/lib/thumb/v7e-m+fp/hard\libpic32c.a(lseek.o)
 .debug_ranges  0x00001b50       0x10 c:/program files/microchip/xc32/v4.30/bin/bin/../../lib/gcc/pic32c/8.3.1/../../../../pic32c/lib/thumb/v7e-m+fp/hard\libpic32c.a(sbrk.o)
 .debug_ranges  0x00001b60       0x10 c:/program files/microchip/xc32/v4.30/bin/bin/../../lib/gcc/pic32c/8.3.1/../../../../pic32c/lib/thumb/v7e-m+fp/hard\libpic32c.a(pic32_data_init_clear.o)
 .debug_ranges  0x00001b70       0x10 c:/program files/microchip/xc32/v4.30/bin/bin/../../lib/gcc/pic32c/8.3.1/../../../../pic32c/lib/thumb/v7e-m+fp/hard\libpic32c.a(pic32_data_init_copy.o)

.debug_line     0x00000000    0x17e75
 .debug_line    0x00000000      0x295 build/default/debug/_ext/1984496892/plib_clock.o
 .debug_line    0x00000295       0x66 build/default/debug/_ext/1986646378/plib_evsys.o
 .debug_line    0x000002fb      0x4d4 build/default/debug/_ext/1865468468/plib_nvic.o
 .debug_line    0x000007cf      0x5c2 build/default/debug/_ext/1593096446/plib_nvmctrl.o
 .debug_line    0x00000d91      0x459 build/default/debug/_ext/1865521619/plib_port.o
 .debug_line    0x000011ea      0x151 build/default/debug/_ext/163028504/xc32_monitor.o
 .debug_line    0x0000133b      0x69b build/default/debug/_ext/1171490990/initialization.o
 .debug_line    0x000019d6       0xcc build/default/debug/_ext/1171490990/exceptions.o
 .debug_line    0x00001aa2       0xea build/default/debug/_ext/1171490990/interrupts.o
 .debug_line    0x00001b8c      0x248 build/default/debug/_ext/1171490990/startup_xc32.o
 .debug_line    0x00001dd4      0x1db build/default/debug/_ext/1171490990/freertos_hooks.o
 .debug_line    0x00001faf      0x366 build/default/debug/_ext/246609638/port.o
 .debug_line    0x00002315      0x21e build/default/debug/_ext/1665200909/heap_1.o
 .debug_line    0x00002533      0xef9 build/default/debug/_ext/404212886/queue.o
 .debug_line    0x0000342c     0x18c7 build/default/debug/_ext/404212886/FreeRTOS_tasks.o
 .debug_line    0x00004cf3      0x2e4 build/default/debug/_ext/404212886/list.o
 .debug_line    0x00004fd7       0x6d build/default/debug/_ext/1360937237/main.o
 .debug_line    0x00005044      0x646 build/default/debug/_ext/504274921/plib_sercom3_usart.o
 .debug_line    0x0000568a      0x177 build/default/debug/_ext/1100529066/drv_sdspi_file_system.o
 .debug_line    0x00005801      0x3cc build/default/debug/_ext/714983638/plib_sercom4_i2c_slave.o
 .debug_line    0x00005bcd      0x971 build/default/debug/_ext/1269487135/sys_fs_fat_interface.o
 .debug_line    0x0000653e     0x4d81 build/default/debug/_ext/411819097/ff.o
 .debug_line    0x0000b2bf      0x434 build/default/debug/_ext/60180175/plib_rtc_timer.o
 .debug_line    0x0000b6f3     0x2812 build/default/debug/_ext/1269487135/sys_fs.o
 .debug_line    0x0000df05      0x385 build/default/debug/_ext/565198302/diskio.o
 .debug_line    0x0000e28a      0xe6e build/default/debug/_ext/101884895/sys_time.o
 .debug_line    0x0000f0f8      0x284 build/default/debug/_ext/1171490990/tasks.o
 .debug_line    0x0000f37c      0xde3 build/default/debug/_ext/1269487135/sys_fs_media_manager.o
 .debug_line    0x0001015f      0x41f build/default/debug/_ext/1529399856/osal_freertos.o
 .debug_line    0x0001057e     0x154b build/default/debug/_ext/1100529066/drv_sdspi.o
 .debug_line    0x00011ac9      0x2bf build/default/debug/_ext/1881668453/sys_int.o
 .debug_line    0x00011d88      0x50d build/default/debug/_ext/1100529066/drv_sdspi_driver_interface.o
 .debug_line    0x00012295      0x77a build/default/debug/_ext/17022449/plib_sercom2_spi_master.o
 .debug_line    0x00012a0f      0x9c3 build/default/debug/_ext/2070931557/drv_spi.o
 .debug_line    0x000133d2      0x34a build/default/debug/_ext/1360937237/app.o
 .debug_line    0x0001371c      0x2bc build/default/debug/_ext/411819097/ffunicode.o
 .debug_line    0x000139d8      0x970 build/default/debug/pdu_packet.o
 .debug_line    0x00014348       0xe9 c:/program files/microchip/xc32/v4.30/bin/bin/../../lib/gcc/pic32c/8.3.1/../../../../pic32c/lib/thumb/v7e-m+fp/hard\libpic32c.a(data_init.o)
 .debug_line    0x00014431      0x1d5 c:/program files/microchip/xc32/v4.30/bin/bin/../../lib/gcc/pic32c/8.3.1/../../../../pic32c/lib/thumb/v7e-m+fp/hard\libg-musl.a(__libc_start_main.o)
 .debug_line    0x00014606       0xbc c:/program files/microchip/xc32/v4.30/bin/bin/../../lib/gcc/pic32c/8.3.1/../../../../pic32c/lib/thumb/v7e-m+fp/hard\libg-musl.a(libc.o)
 .debug_line    0x000146c2      0xabd c:/program files/microchip/xc32/v4.30/bin/bin/../../lib/gcc/pic32c/8.3.1/../../../../pic32c/lib/thumb/v7e-m+fp/hard\libg-musl.a(malloc.o)
 .debug_line    0x0001517f       0xf6 c:/program files/microchip/xc32/v4.30/bin/bin/../../lib/gcc/pic32c/8.3.1/../../../../pic32c/lib/thumb/v7e-m+fp/hard\libg-musl.a(expand_heap.o)
 .debug_line    0x00015275      0x1da c:/program files/microchip/xc32/v4.30/bin/bin/../../lib/gcc/pic32c/8.3.1/../../../../pic32c/lib/thumb/v7e-m+fp/hard\libg-musl.a(stdin.o)
 .debug_line    0x0001544f      0x18f c:/program files/microchip/xc32/v4.30/bin/bin/../../lib/gcc/pic32c/8.3.1/../../../../pic32c/lib/thumb/v7e-m+fp/hard\libg-musl.a(stdout.o)
 .debug_line    0x000155de      0x139 c:/program files/microchip/xc32/v4.30/bin/bin/../../lib/gcc/pic32c/8.3.1/../../../../pic32c/lib/thumb/v7e-m+fp/hard\libg-musl.a(setbuf.o)
 .debug_line    0x00015717       0xe6 c:/program files/microchip/xc32/v4.30/bin/bin/../../lib/gcc/pic32c/8.3.1/../../../../pic32c/lib/thumb/v7e-m+fp/hard\libg-musl.a(memcmp.o)
 .debug_line    0x000157fd       0xf2 c:/program files/microchip/xc32/v4.30/bin/bin/../../lib/gcc/pic32c/8.3.1/../../../../pic32c/lib/thumb/v7e-m+fp/hard\libg-musl.a(memcpy.o)
 .debug_line    0x000158ef       0xe9 c:/program files/microchip/xc32/v4.30/bin/bin/../../lib/gcc/pic32c/8.3.1/../../../../pic32c/lib/thumb/v7e-m+fp/hard\libg-musl.a(memset.o)
 .debug_line    0x000159d8       0xe5 c:/program files/microchip/xc32/v4.30/bin/bin/../../lib/gcc/pic32c/8.3.1/../../../../pic32c/lib/thumb/v7e-m+fp/hard\libg-musl.a(strlen.o)
 .debug_line    0x00015abd       0xb9 c:/program files/microchip/xc32/v4.30/bin/bin/../../lib/gcc/pic32c/8.3.1/../../../../pic32c/lib/thumb/v7e-m+fp/hard\libg-musl.a(strchr.o)
 .debug_line    0x00015b76      0x194 c:/program files/microchip/xc32/v4.30/bin/bin/../../lib/gcc/pic32c/8.3.1/../../../../pic32c/lib/thumb/v7e-m+fp/hard\libg-musl.a(strchrnul.o)
 .debug_line    0x00015d0a      0x109 c:/program files/microchip/xc32/v4.30/bin/bin/../../lib/gcc/pic32c/8.3.1/../../../../pic32c/lib/thumb/v7e-m+fp/hard\libg-musl.a(__environ.o)
 .debug_line    0x00015e13       0xa1 c:/program files/microchip/xc32/v4.30/bin/bin/../../lib/gcc/pic32c/8.3.1/../../../../pic32c/lib/thumb/v7e-m+fp/hard\libg-musl.a(__errno_location.o)
 .debug_line    0x00015eb4      0x24a c:/program files/microchip/xc32/v4.30/bin/bin/../../lib/gcc/pic32c/8.3.1/../../../../pic32c/lib/thumb/v7e-m+fp/hard\libg-musl.a(__stdio_read.o)
 .debug_line    0x000160fe      0x1f4 c:/program files/microchip/xc32/v4.30/bin/bin/../../lib/gcc/pic32c/8.3.1/../../../../pic32c/lib/thumb/v7e-m+fp/hard\libg-musl.a(__towrite_rw.o)
 .debug_line    0x000162f2      0x22a c:/program files/microchip/xc32/v4.30/bin/bin/../../lib/gcc/pic32c/8.3.1/../../../../pic32c/lib/thumb/v7e-m+fp/hard\libg-musl.a(setvbuf.o)
 .debug_line    0x0001651c      0x162 c:/program files/microchip/xc32/v4.30/bin/bin/../../lib/gcc/pic32c/8.3.1/../../../../pic32c/lib/thumb/v7e-m+fp/hard\libg-musl.a(readv.o)
 .debug_line    0x0001667e       0xcf c:/program files/microchip/xc32/v4.30/bin/bin/../../lib/gcc/pic32c/8.3.1/../../../../pic32c/lib/thumb/v7e-m+fp/hard\libg-musl.a(__init_stdio.o)
 .debug_line    0x0001674d      0x243 c:/program files/microchip/xc32/v4.30/bin/bin/../../lib/gcc/pic32c/8.3.1/../../../../pic32c/lib/thumb/v7e-m+fp/hard\libg-musl.a(__out.o)
 .debug_line    0x00016990      0x1e5 c:/program files/microchip/xc32/v4.30/bin/bin/../../lib/gcc/pic32c/8.3.1/../../../../pic32c/lib/thumb/v7e-m+fp/hard\libg-musl.a(__stderr.o)
 .debug_line    0x00016b75      0x2f8 c:/program files/microchip/xc32/v4.30/bin/bin/../../lib/gcc/pic32c/8.3.1/../../../../pic32c/lib/thumb/v7e-m+fp/hard\libg-musl.a(__stdio_close.o)
 .debug_line    0x00016e6d      0x333 c:/program files/microchip/xc32/v4.30/bin/bin/../../lib/gcc/pic32c/8.3.1/../../../../pic32c/lib/thumb/v7e-m+fp/hard\libg-musl.a(__stdio_write.o)
 .debug_line    0x000171a0      0x1e5 c:/program files/microchip/xc32/v4.30/bin/bin/../../lib/gcc/pic32c/8.3.1/../../../../pic32c/lib/thumb/v7e-m+fp/hard\libg-musl.a(__stdout.o)
 .debug_line    0x00017385      0x18b c:/program files/microchip/xc32/v4.30/bin/bin/../../lib/gcc/pic32c/8.3.1/../../../../pic32c/lib/thumb/v7e-m+fp/hard\libg-musl.a(__towrite.o)
 .debug_line    0x00017510      0x163 c:/program files/microchip/xc32/v4.30/bin/bin/../../lib/gcc/pic32c/8.3.1/../../../../pic32c/lib/thumb/v7e-m+fp/hard\libg-musl.a(writev.o)
 .debug_line    0x00017673       0x98 c:/program files/microchip/xc32/v4.30/bin/bin/../../lib/gcc/pic32c/8.3.1/thumb/v7e-m+fp/hard\libgcc.a(_aeabi_uldivmod.o)
 .debug_line    0x0001770b      0x367 c:/program files/microchip/xc32/v4.30/bin/bin/../../lib/gcc/pic32c/8.3.1/thumb/v7e-m+fp/hard\libgcc.a(_udivmoddi4.o)
 .debug_line    0x00017a72       0x98 c:/program files/microchip/xc32/v4.30/bin/bin/../../lib/gcc/pic32c/8.3.1/thumb/v7e-m+fp/hard\libgcc.a(_dvmd_tls.o)
 .debug_line    0x00017b0a       0x9d c:/program files/microchip/xc32/v4.30/bin/bin/../../lib/gcc/pic32c/8.3.1/../../../../pic32c/lib/thumb/v7e-m+fp/hard\libpic32c.a(close.o)
 .debug_line    0x00017ba7       0x9d c:/program files/microchip/xc32/v4.30/bin/bin/../../lib/gcc/pic32c/8.3.1/../../../../pic32c/lib/thumb/v7e-m+fp/hard\libpic32c.a(lseek.o)
 .debug_line    0x00017c44       0xbd c:/program files/microchip/xc32/v4.30/bin/bin/../../lib/gcc/pic32c/8.3.1/../../../../pic32c/lib/thumb/v7e-m+fp/hard\libpic32c.a(sbrk.o)
 .debug_line    0x00017d01       0xb6 c:/program files/microchip/xc32/v4.30/bin/bin/../../lib/gcc/pic32c/8.3.1/../../../../pic32c/lib/thumb/v7e-m+fp/hard\libpic32c.a(pic32_data_init_clear.o)
 .debug_line    0x00017db7       0xbe c:/program files/microchip/xc32/v4.30/bin/bin/../../lib/gcc/pic32c/8.3.1/../../../../pic32c/lib/thumb/v7e-m+fp/hard\libpic32c.a(pic32_data_init_copy.o)

.debug_str      0x00000000     0x1c01
 .debug_str     0x00000000       0x1e build/default/debug/_ext/1984496892/plib_clock.o
 .debug_str     0x0000001e        0x0 build/default/debug/_ext/1986646378/plib_evsys.o
 .debug_str     0x0000001e        0xa build/default/debug/_ext/1865468468/plib_nvic.o
 .debug_str     0x00000028       0x20 build/default/debug/_ext/1593096446/plib_nvmctrl.o
 .debug_str     0x00000048        0xb build/default/debug/_ext/1865521619/plib_port.o
 .debug_str     0x00000053       0x27 build/default/debug/_ext/163028504/xc32_monitor.o
 .debug_str     0x0000007a      0x15f build/default/debug/_ext/1171490990/initialization.o
 .debug_str     0x000001d9        0x0 build/default/debug/_ext/1171490990/exceptions.o
 .debug_str     0x000001d9        0x0 build/default/debug/_ext/1171490990/interrupts.o
 .debug_str     0x000001d9       0x2f build/default/debug/_ext/1171490990/startup_xc32.o
 .debug_str     0x00000208       0x25 build/default/debug/_ext/1171490990/freertos_hooks.o
 .debug_str     0x0000022d       0x26 build/default/debug/_ext/246609638/port.o
 .debug_str     0x00000253       0x3c build/default/debug/_ext/1665200909/heap_1.o
 .debug_str     0x0000028f      0x2a6 build/default/debug/_ext/404212886/queue.o
 .debug_str     0x00000535      0x2a9 build/default/debug/_ext/404212886/FreeRTOS_tasks.o
 .debug_str     0x000007de       0x2b build/default/debug/_ext/404212886/list.o
 .debug_str     0x00000809       0x19 build/default/debug/_ext/1360937237/main.o
 .debug_str     0x00000822      0x135 build/default/debug/_ext/504274921/plib_sercom3_usart.o
 .debug_str     0x00000957       0x1e build/default/debug/_ext/1100529066/drv_sdspi_file_system.o
 .debug_str     0x00000975      0x120 build/default/debug/_ext/714983638/plib_sercom4_i2c_slave.o
 .debug_str     0x00000a95       0x96 build/default/debug/_ext/1269487135/sys_fs_fat_interface.o
 .debug_str     0x00000b2b       0x80 build/default/debug/_ext/411819097/ff.o
 .debug_str     0x00000bab      0x12d build/default/debug/_ext/60180175/plib_rtc_timer.o
 .debug_str     0x00000cd8      0x13d build/default/debug/_ext/1269487135/sys_fs.o
 .debug_str     0x00000e15       0xd7 build/default/debug/_ext/565198302/diskio.o
 .debug_str     0x00000eec      0x11a build/default/debug/_ext/101884895/sys_time.o
 .debug_str     0x00001006       0x5f build/default/debug/_ext/1171490990/tasks.o
 .debug_str     0x00001065       0xd2 build/default/debug/_ext/1269487135/sys_fs_media_manager.o
 .debug_str     0x00001137      0x13b build/default/debug/_ext/1529399856/osal_freertos.o
 .debug_str     0x00001272      0x2c0 build/default/debug/_ext/1100529066/drv_sdspi.o
 .debug_str     0x00001532       0x32 build/default/debug/_ext/1881668453/sys_int.o
 .debug_str     0x00001564       0xd0 build/default/debug/_ext/1100529066/drv_sdspi_driver_interface.o
 .debug_str     0x00001634      0x160 build/default/debug/_ext/17022449/plib_sercom2_spi_master.o
 .debug_str     0x00001794      0x10d build/default/debug/_ext/2070931557/drv_spi.o
 .debug_str     0x000018a1       0xbb build/default/debug/_ext/1360937237/app.o
 .debug_str     0x0000195c        0x0 build/default/debug/_ext/411819097/ffunicode.o
 .debug_str     0x0000195c       0x54 build/default/debug/pdu_packet.o
 .debug_str     0x000019b0        0x0 c:/program files/microchip/xc32/v4.30/bin/bin/../../lib/gcc/pic32c/8.3.1/../../../../pic32c/lib/thumb/v7e-m+fp/hard\libpic32c.a(data_init.o)
 .debug_str     0x000019b0        0x0 c:/program files/microchip/xc32/v4.30/bin/bin/../../lib/gcc/pic32c/8.3.1/../../../../pic32c/lib/thumb/v7e-m+fp/hard\libg-musl.a(__libc_start_main.o)
 .debug_str     0x000019b0        0x0 c:/program files/microchip/xc32/v4.30/bin/bin/../../lib/gcc/pic32c/8.3.1/../../../../pic32c/lib/thumb/v7e-m+fp/hard\libg-musl.a(libc.o)
 .debug_str     0x000019b0       0x13 c:/program files/microchip/xc32/v4.30/bin/bin/../../lib/gcc/pic32c/8.3.1/../../../../pic32c/lib/thumb/v7e-m+fp/hard\libg-musl.a(malloc.o)
 .debug_str     0x000019c3        0x0 c:/program files/microchip/xc32/v4.30/bin/bin/../../lib/gcc/pic32c/8.3.1/../../../../pic32c/lib/thumb/v7e-m+fp/hard\libg-musl.a(expand_heap.o)
 .debug_str     0x000019c3        0xf c:/program files/microchip/xc32/v4.30/bin/bin/../../lib/gcc/pic32c/8.3.1/../../../../pic32c/lib/thumb/v7e-m+fp/hard\libg-musl.a(stdin.o)
 .debug_str     0x000019d2       0x11 c:/program files/microchip/xc32/v4.30/bin/bin/../../lib/gcc/pic32c/8.3.1/../../../../pic32c/lib/thumb/v7e-m+fp/hard\libg-musl.a(stdout.o)
 .debug_str     0x000019e3        0x0 c:/program files/microchip/xc32/v4.30/bin/bin/../../lib/gcc/pic32c/8.3.1/../../../../pic32c/lib/thumb/v7e-m+fp/hard\libg-musl.a(setbuf.o)
 .debug_str     0x000019e3        0x0 c:/program files/microchip/xc32/v4.30/bin/bin/../../lib/gcc/pic32c/8.3.1/../../../../pic32c/lib/thumb/v7e-m+fp/hard\libg-musl.a(memcmp.o)
 .debug_str     0x000019e3        0x0 c:/program files/microchip/xc32/v4.30/bin/bin/../../lib/gcc/pic32c/8.3.1/../../../../pic32c/lib/thumb/v7e-m+fp/hard\libg-musl.a(memcpy.o)
 .debug_str     0x000019e3        0x0 c:/program files/microchip/xc32/v4.30/bin/bin/../../lib/gcc/pic32c/8.3.1/../../../../pic32c/lib/thumb/v7e-m+fp/hard\libg-musl.a(memset.o)
 .debug_str     0x000019e3        0x0 c:/program files/microchip/xc32/v4.30/bin/bin/../../lib/gcc/pic32c/8.3.1/../../../../pic32c/lib/thumb/v7e-m+fp/hard\libg-musl.a(strlen.o)
 .debug_str     0x000019e3        0xc c:/program files/microchip/xc32/v4.30/bin/bin/../../lib/gcc/pic32c/8.3.1/../../../../pic32c/lib/thumb/v7e-m+fp/hard\libg-musl.a(strchr.o)
 .debug_str     0x000019ef        0x0 c:/program files/microchip/xc32/v4.30/bin/bin/../../lib/gcc/pic32c/8.3.1/../../../../pic32c/lib/thumb/v7e-m+fp/hard\libg-musl.a(strchrnul.o)
 .debug_str     0x000019ef        0x0 c:/program files/microchip/xc32/v4.30/bin/bin/../../lib/gcc/pic32c/8.3.1/../../../../pic32c/lib/thumb/v7e-m+fp/hard\libg-musl.a(__environ.o)
 .debug_str     0x000019ef        0x0 c:/program files/microchip/xc32/v4.30/bin/bin/../../lib/gcc/pic32c/8.3.1/../../../../pic32c/lib/thumb/v7e-m+fp/hard\libg-musl.a(__errno_location.o)
 .debug_str     0x000019ef        0x0 c:/program files/microchip/xc32/v4.30/bin/bin/../../lib/gcc/pic32c/8.3.1/../../../../pic32c/lib/thumb/v7e-m+fp/hard\libg-musl.a(__stdio_read.o)
 .debug_str     0x000019ef        0x0 c:/program files/microchip/xc32/v4.30/bin/bin/../../lib/gcc/pic32c/8.3.1/../../../../pic32c/lib/thumb/v7e-m+fp/hard\libg-musl.a(__towrite_rw.o)
 .debug_str     0x000019ef       0x10 c:/program files/microchip/xc32/v4.30/bin/bin/../../lib/gcc/pic32c/8.3.1/../../../../pic32c/lib/thumb/v7e-m+fp/hard\libg-musl.a(setvbuf.o)
 .debug_str     0x000019ff        0x0 c:/program files/microchip/xc32/v4.30/bin/bin/../../lib/gcc/pic32c/8.3.1/../../../../pic32c/lib/thumb/v7e-m+fp/hard\libg-musl.a(readv.o)
 .debug_str     0x000019ff        0x0 c:/program files/microchip/xc32/v4.30/bin/bin/../../lib/gcc/pic32c/8.3.1/../../../../pic32c/lib/thumb/v7e-m+fp/hard\libg-musl.a(__init_stdio.o)
 .debug_str     0x000019ff        0x0 c:/program files/microchip/xc32/v4.30/bin/bin/../../lib/gcc/pic32c/8.3.1/../../../../pic32c/lib/thumb/v7e-m+fp/hard\libg-musl.a(__out.o)
 .debug_str     0x000019ff       0x11 c:/program files/microchip/xc32/v4.30/bin/bin/../../lib/gcc/pic32c/8.3.1/../../../../pic32c/lib/thumb/v7e-m+fp/hard\libg-musl.a(__stderr.o)
 .debug_str     0x00001a10        0x0 c:/program files/microchip/xc32/v4.30/bin/bin/../../lib/gcc/pic32c/8.3.1/../../../../pic32c/lib/thumb/v7e-m+fp/hard\libg-musl.a(__stdio_close.o)
 .debug_str     0x00001a10        0xa c:/program files/microchip/xc32/v4.30/bin/bin/../../lib/gcc/pic32c/8.3.1/../../../../pic32c/lib/thumb/v7e-m+fp/hard\libg-musl.a(__stdio_write.o)
 .debug_str     0x00001a1a       0x11 c:/program files/microchip/xc32/v4.30/bin/bin/../../lib/gcc/pic32c/8.3.1/../../../../pic32c/lib/thumb/v7e-m+fp/hard\libg-musl.a(__stdout.o)
 .debug_str     0x00001a2b        0x0 c:/program files/microchip/xc32/v4.30/bin/bin/../../lib/gcc/pic32c/8.3.1/../../../../pic32c/lib/thumb/v7e-m+fp/hard\libg-musl.a(__towrite.o)
 .debug_str     0x00001a2b        0x0 c:/program files/microchip/xc32/v4.30/bin/bin/../../lib/gcc/pic32c/8.3.1/../../../../pic32c/lib/thumb/v7e-m+fp/hard\libg-musl.a(writev.o)
 .debug_str     0x00001a2b       0xe9 c:/program files/microchip/xc32/v4.30/bin/bin/../../lib/gcc/pic32c/8.3.1/thumb/v7e-m+fp/hard\libgcc.a(_aeabi_uldivmod.o)
 .debug_str     0x00001b14        0x0 c:/program files/microchip/xc32/v4.30/bin/bin/../../lib/gcc/pic32c/8.3.1/thumb/v7e-m+fp/hard\libgcc.a(_udivmoddi4.o)
 .debug_str     0x00001b14       0xed c:/program files/microchip/xc32/v4.30/bin/bin/../../lib/gcc/pic32c/8.3.1/thumb/v7e-m+fp/hard\libgcc.a(_dvmd_tls.o)
 .debug_str     0x00001c01        0x0 c:/program files/microchip/xc32/v4.30/bin/bin/../../lib/gcc/pic32c/8.3.1/../../../../pic32c/lib/thumb/v7e-m+fp/hard\libpic32c.a(close.o)
 .debug_str     0x00001c01        0x0 c:/program files/microchip/xc32/v4.30/bin/bin/../../lib/gcc/pic32c/8.3.1/../../../../pic32c/lib/thumb/v7e-m+fp/hard\libpic32c.a(lseek.o)
 .debug_str     0x00001c01        0x0 c:/program files/microchip/xc32/v4.30/bin/bin/../../lib/gcc/pic32c/8.3.1/../../../../pic32c/lib/thumb/v7e-m+fp/hard\libpic32c.a(sbrk.o)
 .debug_str     0x00001c01        0x0 c:/program files/microchip/xc32/v4.30/bin/bin/../../lib/gcc/pic32c/8.3.1/../../../../pic32c/lib/thumb/v7e-m+fp/hard\libpic32c.a(pic32_data_init_clear.o)
 .debug_str     0x00001c01        0x0 c:/program files/microchip/xc32/v4.30/bin/bin/../../lib/gcc/pic32c/8.3.1/../../../../pic32c/lib/thumb/v7e-m+fp/hard\libpic32c.a(pic32_data_init_copy.o)

.debug_frame    0x00000000     0x3ae8
 .debug_frame   0x00000000       0x20 build/default/debug/_ext/1984496892/plib_clock.o
 .debug_frame   0x00000020       0x20 build/default/debug/_ext/1986646378/plib_evsys.o
 .debug_frame   0x00000040       0x50 build/default/debug/_ext/1865468468/plib_nvic.o
 .debug_frame   0x00000090      0x1dc build/default/debug/_ext/1593096446/plib_nvmctrl.o
 .debug_frame   0x0000026c       0xdc build/default/debug/_ext/1865521619/plib_port.o
 .debug_frame   0x00000348       0x48 build/default/debug/_ext/163028504/xc32_monitor.o
 .debug_frame   0x00000390       0x28 build/default/debug/_ext/1171490990/initialization.o
 .debug_frame   0x000003b8       0x70 build/default/debug/_ext/1171490990/exceptions.o
 .debug_frame   0x00000428       0x20 build/default/debug/_ext/1171490990/interrupts.o
 .debug_frame   0x00000448       0x38 build/default/debug/_ext/1171490990/startup_xc32.o
 .debug_frame   0x00000480       0x6c build/default/debug/_ext/1171490990/freertos_hooks.o
 .debug_frame   0x000004ec       0xe8 build/default/debug/_ext/246609638/port.o
 .debug_frame   0x000005d4       0x5c build/default/debug/_ext/1665200909/heap_1.o
 .debug_frame   0x00000630      0x29c build/default/debug/_ext/404212886/queue.o
 .debug_frame   0x000008cc      0x4a0 build/default/debug/_ext/404212886/FreeRTOS_tasks.o
 .debug_frame   0x00000d6c       0x6c build/default/debug/_ext/404212886/list.o
 .debug_frame   0x00000dd8       0x28 build/default/debug/_ext/1360937237/main.o
 .debug_frame   0x00000e00      0x17c build/default/debug/_ext/504274921/plib_sercom3_usart.o
 .debug_frame   0x00000f7c       0x28 build/default/debug/_ext/1100529066/drv_sdspi_file_system.o
 .debug_frame   0x00000fa4       0xbc build/default/debug/_ext/714983638/plib_sercom4_i2c_slave.o
 .debug_frame   0x00001060      0x36c build/default/debug/_ext/1269487135/sys_fs_fat_interface.o
 .debug_frame   0x000013cc      0x8d4 build/default/debug/_ext/411819097/ff.o
 .debug_frame   0x00001ca0      0x148 build/default/debug/_ext/60180175/plib_rtc_timer.o
 .debug_frame   0x00001de8      0x5c0 build/default/debug/_ext/1269487135/sys_fs.o
 .debug_frame   0x000023a8       0xd0 build/default/debug/_ext/565198302/diskio.o
 .debug_frame   0x00002478      0x380 build/default/debug/_ext/101884895/sys_time.o
 .debug_frame   0x000027f8       0x7c build/default/debug/_ext/1171490990/tasks.o
 .debug_frame   0x00002874      0x1e0 build/default/debug/_ext/1269487135/sys_fs_media_manager.o
 .debug_frame   0x00002a54      0x180 build/default/debug/_ext/1529399856/osal_freertos.o
 .debug_frame   0x00002bd4      0x258 build/default/debug/_ext/1100529066/drv_sdspi.o
 .debug_frame   0x00002e2c       0x84 build/default/debug/_ext/1881668453/sys_int.o
 .debug_frame   0x00002eb0      0x14c build/default/debug/_ext/1100529066/drv_sdspi_driver_interface.o
 .debug_frame   0x00002ffc       0xe0 build/default/debug/_ext/17022449/plib_sercom2_spi_master.o
 .debug_frame   0x000030dc      0x15c build/default/debug/_ext/2070931557/drv_spi.o
 .debug_frame   0x00003238       0xc8 build/default/debug/_ext/1360937237/app.o
 .debug_frame   0x00003300       0x5c build/default/debug/_ext/411819097/ffunicode.o
 .debug_frame   0x0000335c       0x40 build/default/debug/pdu_packet.o
 .debug_frame   0x0000339c       0x3c c:/program files/microchip/xc32/v4.30/bin/bin/../../lib/gcc/pic32c/8.3.1/../../../../pic32c/lib/thumb/v7e-m+fp/hard\libpic32c.a(data_init.o)
 .debug_frame   0x000033d8       0x3c c:/program files/microchip/xc32/v4.30/bin/bin/../../lib/gcc/pic32c/8.3.1/../../../../pic32c/lib/thumb/v7e-m+fp/hard\libg-musl.a(__libc_start_main.o)
 .debug_frame   0x00003414      0x14c c:/program files/microchip/xc32/v4.30/bin/bin/../../lib/gcc/pic32c/8.3.1/../../../../pic32c/lib/thumb/v7e-m+fp/hard\libg-musl.a(malloc.o)
 .debug_frame   0x00003560       0x28 c:/program files/microchip/xc32/v4.30/bin/bin/../../lib/gcc/pic32c/8.3.1/../../../../pic32c/lib/thumb/v7e-m+fp/hard\libg-musl.a(expand_heap.o)
 .debug_frame   0x00003588       0x30 c:/program files/microchip/xc32/v4.30/bin/bin/../../lib/gcc/pic32c/8.3.1/../../../../pic32c/lib/thumb/v7e-m+fp/hard\libg-musl.a(stdin.o)
 .debug_frame   0x000035b8       0x48 c:/program files/microchip/xc32/v4.30/bin/bin/../../lib/gcc/pic32c/8.3.1/../../../../pic32c/lib/thumb/v7e-m+fp/hard\libg-musl.a(stdout.o)
 .debug_frame   0x00003600       0x20 c:/program files/microchip/xc32/v4.30/bin/bin/../../lib/gcc/pic32c/8.3.1/../../../../pic32c/lib/thumb/v7e-m+fp/hard\libg-musl.a(setbuf.o)
 .debug_frame   0x00003620       0x2c c:/program files/microchip/xc32/v4.30/bin/bin/../../lib/gcc/pic32c/8.3.1/../../../../pic32c/lib/thumb/v7e-m+fp/hard\libg-musl.a(memcmp.o)
 .debug_frame   0x0000364c       0x28 c:/program files/microchip/xc32/v4.30/bin/bin/../../lib/gcc/pic32c/8.3.1/../../../../pic32c/lib/thumb/v7e-m+fp/hard\libg-musl.a(memcpy.o)
 .debug_frame   0x00003674       0x20 c:/program files/microchip/xc32/v4.30/bin/bin/../../lib/gcc/pic32c/8.3.1/../../../../pic32c/lib/thumb/v7e-m+fp/hard\libg-musl.a(memset.o)
 .debug_frame   0x00003694       0x20 c:/program files/microchip/xc32/v4.30/bin/bin/../../lib/gcc/pic32c/8.3.1/../../../../pic32c/lib/thumb/v7e-m+fp/hard\libg-musl.a(strlen.o)
 .debug_frame   0x000036b4       0x28 c:/program files/microchip/xc32/v4.30/bin/bin/../../lib/gcc/pic32c/8.3.1/../../../../pic32c/lib/thumb/v7e-m+fp/hard\libg-musl.a(strchr.o)
 .debug_frame   0x000036dc       0x30 c:/program files/microchip/xc32/v4.30/bin/bin/../../lib/gcc/pic32c/8.3.1/../../../../pic32c/lib/thumb/v7e-m+fp/hard\libg-musl.a(strchrnul.o)
 .debug_frame   0x0000370c       0x30 c:/program files/microchip/xc32/v4.30/bin/bin/../../lib/gcc/pic32c/8.3.1/../../../../pic32c/lib/thumb/v7e-m+fp/hard\libg-musl.a(__stdio_read.o)
 .debug_frame   0x0000373c       0x20 c:/program files/microchip/xc32/v4.30/bin/bin/../../lib/gcc/pic32c/8.3.1/../../../../pic32c/lib/thumb/v7e-m+fp/hard\libg-musl.a(__towrite_rw.o)
 .debug_frame   0x0000375c       0x3c c:/program files/microchip/xc32/v4.30/bin/bin/../../lib/gcc/pic32c/8.3.1/../../../../pic32c/lib/thumb/v7e-m+fp/hard\libg-musl.a(setvbuf.o)
 .debug_frame   0x00003798       0x30 c:/program files/microchip/xc32/v4.30/bin/bin/../../lib/gcc/pic32c/8.3.1/../../../../pic32c/lib/thumb/v7e-m+fp/hard\libg-musl.a(readv.o)
 .debug_frame   0x000037c8       0x38 c:/program files/microchip/xc32/v4.30/bin/bin/../../lib/gcc/pic32c/8.3.1/../../../../pic32c/lib/thumb/v7e-m+fp/hard\libg-musl.a(__init_stdio.o)
 .debug_frame   0x00003800       0x3c c:/program files/microchip/xc32/v4.30/bin/bin/../../lib/gcc/pic32c/8.3.1/../../../../pic32c/lib/thumb/v7e-m+fp/hard\libg-musl.a(__out.o)
 .debug_frame   0x0000383c       0x40 c:/program files/microchip/xc32/v4.30/bin/bin/../../lib/gcc/pic32c/8.3.1/../../../../pic32c/lib/thumb/v7e-m+fp/hard\libg-musl.a(__stderr.o)